Godot Engine v4.7.1.stable.official.a13da4feb - https://godotengine.org

[   0% ] [90m[1mfirst_scan_filesystem[22m | Started Inicialización del proyecto (5 steps)[39m[0m
[   0% ] [90m[1mfirst_scan_filesystem[22m | Escaneando la estructura del archivo...[39m[0m
[  16% ] [90m[1mfirst_scan_filesystem[22m | Cargando nombres de clases globales...[39m[0m
[  33% ] [90m[1mfirst_scan_filesystem[22m | Verificando GDExtensions...[39m[0m
[  50% ] [90m[1mfirst_scan_filesystem[22m | Creando scripts de carga automática...[39m[0m
[  66% ] [90m[1mfirst_scan_filesystem[22m | Inicializando plugins...[39m[0m
[  83% ] [90m[1mfirst_scan_filesystem[22m | Iniciando escaneo de archivos...[39m[0m
[92m[ DONE ][39m [1mfirst_scan_filesystem[22m
[0m
[   0% ] [90m[1mupdate_scripts_classes[22m | Started Registrando clases globales... (3 steps)[39m[0m
[   0% ] [90m[1mupdate_scripts_classes[22m | NativeElevator[39m[0m
[  25% ] [90m[1mupdate_scripts_classes[22m | [39m[0m
[  50% ] [90m[1mupdate_scripts_classes[22m | NativeSamus[39m[0m
[92m[ DONE ][39m [1mupdate_scripts_classes[22m
[0m
[   0% ] [90m[1m_update_scan_actions[22m | Started Escaneando acciones... (41 steps)[39m[0m
[   0% ] [90m[1m_update_scan_actions[22m | crateria_reference.png[39m[0m
[   2% ] [90m[1m_update_scan_actions[22m | landing_site_original.png[39m[0m
[   4% ] [90m[1m_update_scan_actions[22m | samus_reference.png[39m[0m
[   7% ] [90m[1m_update_scan_actions[22m | aim_diagonal_enhanced.png[39m[0m
[   9% ] [90m[1m_update_scan_actions[22m | aim_diagonal_left_enhanced.png[39m[0m
[  11% ] [90m[1m_update_scan_actions[22m | aim_diagonal_left_original.png[39m[0m
[  14% ] [90m[1m_update_scan_actions[22m | aim_diagonal_original.png[39m[0m
[  16% ] [90m[1m_update_scan_actions[22m | aim_up_enhanced.png[39m[0m
[  19% ] [90m[1m_update_scan_actions[22m | aim_up_left_enhanced.png[39m[0m
[  21% ] [90m[1m_update_scan_actions[22m | aim_up_left_original.png[39m[0m
[  23% ] [90m[1m_update_scan_actions[22m | aim_up_original.png[39m[0m
[  26% ] [90m[1m_update_scan_actions[22m | crouch_enhanced.png[39m[0m
[  28% ] [90m[1m_update_scan_actions[22m | crouch_left_enhanced.png[39m[0m
[  30% ] [90m[1m_update_scan_actions[22m | crouch_left_original.png[39m[0m
[  33% ] [90m[1m_update_scan_actions[22m | crouch_original.png[39m[0m
[  35% ] [90m[1m_update_scan_actions[22m | fall_enhanced.png[39m[0m
[  38% ] [90m[1m_update_scan_actions[22m | fall_left_enhanced.png[39m[0m
[  40% ] [90m[1m_update_scan_actions[22m | fall_left_original.png[39m[0m
[  42% ] [90m[1m_update_scan_actions[22m | fall_original.png[39m[0m
[  45% ] [90m[1m_update_scan_actions[22m | front_enhanced.png[39m[0m
[  47% ] [90m[1m_update_scan_actions[22m | front_original.png[39m[0m
[  50% ] [90m[1m_update_scan_actions[22m | idle_enhanced.png[39m[0m
[  52% ] [90m[1m_update_scan_actions[22m | idle_left_enhanced.png[39m[0m
[  54% ] [90m[1m_update_scan_actions[22m | idle_left_original.png[39m[0m
[  57% ] [90m[1m_update_scan_actions[22m | idle_original.png[39m[0m
[  59% ] [90m[1m_update_scan_actions[22m | jump_enhanced.png[39m[0m
[  61% ] [90m[1m_update_scan_actions[22m | jump_left_enhanced.png[39m[0m
[  64% ] [90m[1m_update_scan_actions[22m | jump_left_original.png[39m[0m
[  66% ] [90m[1m_update_scan_actions[22m | jump_original.png[39m[0m
[  69% ] [90m[1m_update_scan_actions[22m | morph_enhanced.png[39m[0m
[  71% ] [90m[1m_update_scan_actions[22m | morph_left_enhanced.png[39m[0m
[  73% ] [90m[1m_update_scan_actions[22m | morph_left_original.png[39m[0m
[  76% ] [90m[1m_update_scan_actions[22m | morph_original.png[39m[0m
[  78% ] [90m[1m_update_scan_actions[22m | run_enhanced.png[39m[0m
[  80% ] [90m[1m_update_scan_actions[22m | run_left_enhanced.png[39m[0m
[  83% ] [90m[1m_update_scan_actions[22m | run_left_original.png[39m[0m
[  85% ] [90m[1m_update_scan_actions[22m | run_original.png[39m[0m
[  88% ] [90m[1m_update_scan_actions[22m | spin_enhanced.png[39m[0m
[  90% ] [90m[1m_update_scan_actions[22m | spin_left_enhanced.png[39m[0m
[  92% ] [90m[1m_update_scan_actions[22m | spin_left_original.png[39m[0m
[  95% ] [90m[1m_update_scan_actions[22m | spin_original.png[39m[0m
[92m[ DONE ][39m [1m_update_scan_actions[22m
[0m
[   0% ] [90m[1mreimport[22m | Started (Re)Importación de Assets (2 steps)[39m[0m
[   0% ] [90m[1mreimport[22m | Preparando archivos para reimportarlos...[39m[0m
[  33% ] [90m[1mreimport[22m | Preparando archivos para reimportarlos...[39m[0m
[   0% ] [90m[1mreimport[22m | Ejecutando operaciones de pre-reimportación...[39m[0m
[   0% ] [90m[1mreimport[22m | front_enhanced.png[39m[0m
[  33% ] [90m[1mreimport[22m | front_original.png[39m[0m
[  66% ] [90m[1mreimport[22m | Finalizando la importación de recursos...[39m[0m
[92m[ DONE ][39m [1mreimport[22m
[0m
[   0% ] [90m[1mreimport[22m | Started (Re)Importación de Assets (2 steps)[39m[0m
[   0% ] [90m[1mreimport[22m | Ejecutando operaciones post-reimportación...[39m[0m
[92m[ DONE ][39m [1mreimport[22m
[0m
[   0% ] [90m[1mloading_editor_layout[22m | Started Cargando editor (5 steps)[39m[0m
[   0% ] [90m[1mloading_editor_layout[22m | Cargando diseño del editor...[39m[0m
[  16% ] [90m[1mloading_editor_layout[22m | Cargando docks...[39m[0m
[92m[ DONE ][39m [1mloading_editor_layout[22m
[0m
