Godot Engine v4.7.1.stable.official.a13da4feb - https://godotengine.org
OpenGL API 4.1 ATI-7.0.24 - Compatibility - Using Device: ATI Technologies Inc. - AMD Radeon Pro 5300M OpenGL Engine

v1=f6
v1=f6
v1=fe
v1=fe
v1=f8
v1=fe
v1=f8
v1=f6
v1=f6
v1=f6
v1=f6
v1=f6
v1=f6
v1=f6
v1=f6
v1=ff
v1=ff
v1=ff
v1=f6
v1=f6
v1=f6
v1=f6
v1=f6
v1=f6
v1=f6
v1=ff
v1=ff
v1=ff
v1=ff
v1=ff
v1=ff
v1=ff
v1=ff
v1=ff
v1=ff
v1=f6
v1=f6
v1=f6
v1=f6
v1=f6
v1=f6
v1=ff
v1=ff
v1=ff
v1=f8
v1=fe
v1=fe
v1=fe
v1=fe
v1=f8
v1=fe
v1=fe
v1=fe
v1=fe
v1=fe
v1=fe
v1=fe
v1=fe
v1=f8
v1=fe
v1=fe
v1=fe
v1=fe
v1=fe
v1=fe
v1=fe
v1=fe
v1=fe
v1=0
v1=0
v1=fe
v1=fe
v1=fe
v1=0
v1=ff
v1=ff
v1=f8
v1=fe
v1=ff
v1=ff
v1=fe
v1=fe
v1=fe
v1=f8
v1=ff
v1=ff
v1=0
v1=0
v1=0
v1=0
v1=0
v1=ff
v1=0
v1=0
v1=0
v1=0
v1=0
v1=ff
v1=fe
v1=f8
v1=f8
v1=f8
v1=f8
v1=f8
v1=f8
v1=f8
v1=f8
v1=f8
v1=f8
v1=fe
v1=f8
v1=f8
v1=f8
v1=f6
v1=fe
v1=fe
v1=fe
v1=f8
v1=f6
v1=fe
v1=fe
v1=fe
v1=fe
v1=fe
v1=fe
v1=fe
v1=fe
v1=fe
v1=fe
v1=fd
v1=0
v1=0
v1=0
v1=0
v1=0
v1=ff
v1=0
v1=0
v1=0
v1=0
v1=0
v1=0
v1=fe
v1=ff
v1=ff
v1=fd
v1=fe
v1=fe
v1=fe
v1=fe
v1=fe
v1=fe
v1=fe
v1=fe
v1=fe
v1=fe
v1=fe
v1=fe
v1=fe
v1=fd
v1=fe
v1=fe
v1=fe
v1=fe
v1=fe
v1=fe
v1=fe
v1=ff
v1=ff
v1=f8
v1=0
v1=0
v1=0
v1=fe
v1=fe
v1=fe
v1=fe
v1=fe
v1=0
v1=fe
v1=fe
v1=fd
v1=fe
v1=fe
v1=fe
v1=fd
v1=fe
v1=fe
v1=fe
v1=fe
v1=fe
v1=fe
v1=fe
v1=fe
v1=fe
v1=fe
v1=fe
v1=fd
v1=f8
v1=fe
v1=fe
v1=fe
v1=fe
v1=fe
v1=fe
v1=fe
v1=fe
v1=fe
v1=fd
v1=f8
v1=fe
v1=fe
v1=fe
v1=fe
v1=fe
v1=fe
v1=fe
v1=fe
v1=fe
v1=fe
v1=fe
v1=fe
v1=fe
v1=fe
v1=fd
v1=fe
v1=fe
v1=fe
v1=fe
v1=fe
v1=f8
v1=fe
v1=fe
v1=fe
v1=fe
v1=fd
v1=f8
v1=fe
v1=fe
v1=fe
v1=fe
v1=fe
v1=fe
v1=fe
v1=fe
v1=fe
v1=fd
v1=fe
v1=fe
v1=fe
v1=fd
v1=f8
v1=fe
v1=fe
v1=fe
v1=fe
v1=fe
v1=fe
v1=fe
v1=fe
v1=fe
v1=ff
v1=f8
v1=0
v1=fe
v1=fe
v1=0
v1=0
v1=0
v1=0
v1=0
v1=0
v1=0
v1=0
v1=0
v1=0
v1=fe
v1=fe
v1=ff
v1=fd
v1=fe
v1=fe
v1=fe
v1=fe
v1=fe
v1=fe
v1=fe
v1=fe
v1=fe
v1=fe
v1=fe
v1=fe
v1=fe
v1=fe
v1=fe
v1=fe
v1=0
v1=fe
v1=fe
v1=fe
v1=fe
v1=fe
v1=0
v1=0
v1=fe
v1=fe
v1=fe
v1=fe
v1=fe
v1=fe
CAMPAIGN_CAPTURE parlor frame=17693
v1=fe
v1=f8
v1=fe
v1=fe
v1=fe
v1=fe
v1=f8
v1=fe
v1=fe
v1=fe
v1=f8
v1=ff
v1=fe
v1=fe
v1=fe
v1=fe
v1=fe
v1=f8
v1=fe
v1=fe
v1=fe
v1=fe
v1=fe
v1=fe
v1=fe
v1=fe
v1=fe
v1=fe
v1=fe
v1=fe
v1=fe
v1=fe
v1=fe
v1=fe
v1=f8
v1=f0
v1=f8
v1=fe
v1=f8
v1=fd
v1=fe
v1=fe
v1=fe
v1=fe
v1=fe
v1=fe
v1=fe
v1=fe
v1=fe
v1=fe
v1=f8
v1=fe
v1=fe
v1=fe
v1=f8
v1=fe
v1=fe
v1=fe
v1=fe
v1=fe
v1=f8
v1=fe
v1=fe
v1=fe
v1=fe
v1=fe
v1=fe
v1=f8
v1=fe
v1=fe
v1=fe
v1=fe
v1=fe
v1=f8
v1=fe
v1=fe
v1=f8
v1=fe
v1=fe
v1=fe
v1=fe
v1=fe
v1=f8
CAMPAIGN_CAPTURE climb frame=18856
v1=fe
v1=fe
v1=f8
v1=fe
v1=fe
v1=fe
v1=fe
v1=fe
v1=f8
v1=fe
v1=fe
v1=f8
v1=fe
v1=fe
v1=fe
v1=fe
v1=fe
v1=f8
v1=fe
v1=fe
v1=f8
v1=fe
v1=fe
v1=fe
v1=fe
v1=fe
v1=f8
v1=fe
v1=fe
v1=f8
v1=fe
v1=fe
v1=fe
v1=fe
v1=fe
v1=f8
v1=fe
v1=fe
v1=fe
v1=fe
v1=fe
v1=fe
v1=fe
v1=fe
v1=fe
v1=fe
v1=fe
v1=fe
v1=fd
v1=fe
v1=fe
v1=fe
v1=fe
v1=fe
v1=fe
v1=fe
v1=fe
v1=fe
v1=fe
v1=fe
v1=fe
v1=fe
v1=fe
v1=fe
v1=fe
v1=fe
v1=fe
v1=fe
v1=fe
v1=fe
v1=0
v1=ff
v1=fd
v1=fe
v1=fe
v1=fe
v1=fe
v1=fe
v1=fe
v1=fe
v1=fe
v1=fe
v1=fe
v1=fe
v1=fe
v1=fe
v1=fe
v1=fe
v1=fe
v1=fe
v1=fe
v1=fe
v1=fe
v1=fe
v1=fd
v1=fe
v1=fe
v1=fe
v1=fe
v1=fe
v1=fe
v1=fe
v1=fd
v1=fe
v1=fe
v1=fe
v1=fe
v1=fe
v1=fe
v1=fe
v1=fe
v1=fe
v1=fe
v1=fe
v1=fe
v1=fe
v1=fe
v1=fe
v1=fe
v1=fe
v1=fe
v1=fe
v1=fe
v1=fe
v1=fd
v1=fe
v1=fe
v1=fe
v1=fe
v1=fe
v1=fe
v1=fe
v1=fd
v1=fe
v1=fe
v1=fe
v1=fe
v1=fe
v1=fe
v1=fe
v1=fe
v1=fe
v1=fe
v1=fe
v1=fe
v1=fe
v1=fe
v1=fe
v1=fe
v1=fe
v1=fe
v1=fe
v1=fe
v1=fe
v1=fd
v1=fe
v1=fe
v1=fe
v1=fe
v1=fe
v1=fe
v1=fe
v1=fd
v1=fe
v1=fe
v1=fe
v1=fe
v1=fe
v1=fe
v1=fe
v1=fe
v1=fe
v1=fe
v1=fe
v1=fe
v1=fe
v1=fe
v1=fe
v1=fe
v1=fe
v1=fe
v1=fe
v1=fe
v1=fe
v1=fd
v1=fe
v1=fe
v1=fe
v1=fe
v1=fe
v1=fe
v1=fe
v1=fe
v1=fe
v1=fe
v1=fe
v1=fe
v1=fe
v1=fe
v1=fe
v1=fe
v1=fe
v1=fe
v1=fe
v1=ff
v1=fd
v1=fd
v1=ff
v1=ff
v1=ff
v1=ff
v1=ff
v1=ff
v1=ff
CAMPAIGN_CAPTURE brinstar frame=20657
v1=ff
v1=ff
v1=ff
v1=ff
v1=ff
v1=ff
v1=ff
v1=ff
v1=ff
v1=ff
v1=ff
v1=ff
v1=ff
v1=ff
v1=ff
v1=ff
v1=ff
v1=ff
v1=ff
v1=ff
v1=ff
v1=ff
v1=ff
v1=ff
v1=ff
v1=ff
v1=ff
v1=ff
v1=ff
v1=ff
v1=ff
v1=ff
v1=ff
v1=ff
v1=ff
v1=ff
v1=ff
v1=ff
v1=ff
v1=ff
v1=ff
v1=ff
v1=ff
v1=ff
v1=ff
v1=ff
v1=ff
v1=ff
v1=ff
v1=ff
v1=ff
v1=ff
v1=ff
v1=ff
v1=ff
v1=ff
v1=ff
v1=fe
v1=fe
v1=fe
v1=fe
v1=fe
v1=fe
v1=fd
v1=fe
v1=fe
v1=fe
v1=fe
v1=fe
v1=fe
v1=fe
v1=fe
v1=0
v1=fe
v1=fe
v1=fe
v1=fe
v1=fe
v1=fd
v1=fe
v1=fe
v1=fe
v1=fe
v1=fe
v1=fe
v1=fe
v1=fe
v1=fe
v1=fe
v1=fe
v1=fe
v1=fe
v1=fe
v1=fe
v1=fe
v1=fe
v1=fe
v1=fe
v1=fe
v1=fe
v1=f8
v1=fd
v1=f9
v1=ff
CAMPAIGN_CAPTURE morph frame=21959
ZEBES_GODOT_OK: 21959 ticks, Landing/Parlor/Climb/Pit/elevator/Brinstar/Morph Ball, acquisition and rolling, exact input/state replay, intact ROM
