v1=fe
v1=fe
v1=f8
v1=fd
v1=fe
v1=fe
v1=fe
v1=fe
v1=fe
v1=fe
v1=fe
v1=fe
v1=fd
v1=fe
v1=fe
v1=fe
v1=fe
v1=fe
v1=fe
v1=fe
v1=fe
v1=fe
v1=fe
v1=fe
v1=fe
v1=fe
v1=fe
v1=fe
v1=fe
v1=fd
v1=f9
v1=fd
v1=fe
v1=fe
v1=fd
v1=f8
v1=fe
v1=fe
v1=fe
v1=fe
v1=fe
v1=fe
v1=fe
v1=fe
v1=fd
v1=f8
v1=fe
v1=fe
v1=fe
v1=fe
v1=fe
v1=fe
v1=fe
v1=fe
v1=fe
v1=fe
v1=fe
v1=fe
v1=fd
v1=f8
v1=fd
v1=fe
v1=fe
v1=fe
v1=fe
v1=fe
v1=fe
v1=fe
v1=fe
v1=fe
v1=fe
v1=fe
v1=fe
v1=fe
v1=fe
v1=fe
v1=fd
v1=fe
v1=fe
v1=fe
v1=fe
v1=fe
v1=fe
v1=fe
v1=fe
v1=fe
v1=fe
v1=fe
v1=fe
v1=fe
v1=fe
v1=fe
v1=fe
v1=fe
v1=fd
v1=f8
v1=fe
v1=fe
v1=fe
v1=fe
v1=fe
v1=fe
v1=fe
v1=fe
v1=fe
v1=fe
v1=fe
v1=fe
v1=fe
v1=fe
v1=fe
v1=fe
v1=fe
v1=fe
v1=fe
v1=fe
v1=ff
v1=fd
v1=f9
v1=ff
v1=ff
v1=ff
v1=ff
v1=ff
v1=fd
v1=ff
v1=ff
v1=ff
v1=fe
v1=0
v1=fe
v1=fe
v1=fe
v1=fe
v1=0
v1=0
v1=fe
v1=fe
v1=fe
v1=fe
v1=0
v1=0
v1=0
v1=0
v1=ff
v1=fd
v1=f9
v1=ff
v1=fd
v1=f8
v1=f0
v1=f8
v1=f6
v1=fd
v1=f9
v1=ff
v1=fd
v1=f0
v1=f8
v1=f8
v1=f6
v1=fd
v1=f9
v1=ff
v1=fd
v1=f0
v1=f8
v1=f0
v1=f8
v1=f6
v1=fd
v1=f9
v1=ff
v1=fd
v1=f8
v1=f0
v1=f8
v1=fd
v1=f9
v1=ff
v1=fd
v1=f8
v1=f0
v1=ff
v1=f8
v1=f6
v1=f6
v1=fd
v1=f9
v1=ff
v1=ff
v1=fd
v1=f8
v1=ff
v1=ff
v1=fe
v1=fe
v1=0
v1=fe
v1=fe
v1=fe
v1=fe
v1=0
v1=0
v1=ff
v1=fd
v1=fe
v1=ff
v1=ff
v1=fd
v1=fe
v1=fe
v1=fe
v1=fe
v1=fe
v1=fe
v1=fe
v1=fe
v1=fe
v1=fe
v1=fe
v1=fe
v1=fe
v1=fe
v1=fe
v1=fe
v1=fe
v1=fe
v1=fe
v1=fe
v1=fe
v1=fe
v1=fe
v1=fe
v1=fd
v1=fe
v1=fe
v1=fe
v1=fe
v1=fe
v1=fe
v1=fe
v1=fe
v1=fe
v1=0
v1=0
v1=fe
v1=fe
v1=fe
v1=fe
v1=fe
v1=0
v1=ff
v1=f8
v1=f8
v1=ff
v1=ff
v1=ff
v1=ff
v1=ff
v1=ff
v1=ff
v1=ff
v1=ff
v1=ff
v1=ff
v1=ff
v1=ff
v1=ff
v1=ff
v1=ff
v1=ff
v1=ff
v1=ff
v1=ff
v1=ff
v1=ff
v1=ff
v1=ff
v1=ff
v1=ff
v1=ff
v1=ff
v1=ff
v1=ff
v1=ff
v1=ff
v1=ff
v1=ff
v1=ff
v1=ff
v1=ff
v1=ff
v1=ff
v1=ff
v1=ff
v1=ff
v1=ff
v1=ff
v1=ff
v1=ff
v1=ff
v1=ff
v1=ff
v1=ff
v1=ff
v1=ff
v1=ff
v1=ff
v1=ff
v1=ff
v1=ff
v1=ff
v1=ff
v1=ff
v1=ff
v1=ff
v1=ff
v1=ff
v1=f8
v1=fd
v1=f9
v1=ff
v1=ff
v1=ff
v1=ff
v1=ff
v1=ff
v1=ff
v1=ff
v1=ff
v1=ff
v1=ff
v1=ff
v1=ff
v1=ff
v1=ff
v1=ff
v1=ff
v1=ff
v1=ff
v1=ff
v1=ff
v1=ff
v1=ff
v1=ff
v1=fd
v1=f8
v1=ff
v1=ff
v1=ff
v1=ff
v1=ff
v1=ff
v1=ff
v1=ff
v1=fe
v1=0
v1=0
v1=0
v1=fe
v1=fe
v1=fe
v1=fe
v1=fe
v1=fe
v1=fe
v1=0
v1=fd
v1=f9
v1=ff
v1=ff
v1=ff
v1=ff
v1=ff
v1=ff
v1=ff
v1=ff
v1=ff
v1=ff
v1=ff
v1=ff
v1=ff
v1=ff
v1=ff
v1=ff
v1=fd
v1=0
v1=fe
v1=fe
v1=fe
v1=fe
v1=fe
v1=0
v1=0
v1=fd
v1=f9
v1=ff
v1=ff
v1=ff
v1=ff
v1=ff
v1=ff
v1=ff
v1=ff
v1=ff
v1=ff
v1=ff
v1=ff
v1=ff
v1=ff
v1=ff
v1=ff
v1=ff
v1=ff
v1=ff
v1=ff
v1=ff
v1=ff
v1=ff
v1=ff
v1=ff
v1=ff
v1=ff
v1=ff
v1=ff
v1=ff
v1=ff
v1=ff
v1=ff
v1=ff
v1=ff
v1=ff
v1=ff
v1=ff
v1=ff
v1=ff
v1=ff
v1=ff
v1=ff
v1=ff
v1=ff
v1=ff
v1=ff
v1=fd
v1=f6
v1=fe
v1=fe
v1=fe
v1=fe
ASCENT_FRAME 10087 x=640 y=1915 movement=1 pose=0009 dir=0 speed=0 phase=0 wall_jumps=0 joy=0100
ASCENT_FRAME 10102 x=663 y=1928 movement=6 pose=0029 dir=2 speed=1 phase=0 wall_jumps=0 joy=0100
v1=fe
ASCENT_FRAME 10117 x=681 y=1947 movement=1 pose=0009 dir=0 speed=0 phase=0 wall_jumps=0 joy=0100
ASCENT_FRAME 10132 x=699 y=1947 movement=21 pose=0089 dir=0 speed=0 phase=0 wall_jumps=0 joy=0000
v1=fd
v1=fe
ASCENT_FRAME 10147 x=699 y=1912 movement=2 pose=0051 dir=1 speed=4 phase=1 wall_jumps=0 joy=0180
v1=fe
v1=fe
v1=fe
v1=fe
v1=fe
ASCENT_FRAME 10162 x=714 y=1863 movement=2 pose=0051 dir=1 speed=2 phase=1 wall_jumps=0 joy=0180
v1=fe
v1=fe
v1=fe
v1=fe
v1=fe
ASCENT_FRAME 10177 x=715 y=1839 movement=2 pose=0051 dir=1 speed=0 phase=1 wall_jumps=0 joy=0180
v1=fe
v1=fe
v1=fe
v1=fe
v1=fe
ASCENT_FRAME 10192 x=729 y=1835 movement=1 pose=0009 dir=0 speed=0 phase=1 wall_jumps=0 joy=0100
ASCENT_FRAME 10202 x=730 y=1817 movement=20 pose=0084 dir=1 speed=4 phase=1 wall_jumps=0 joy=0280
ASCENT_FRAME 10203 x=730 y=1812 movement=20 pose=0084 dir=1 speed=4 phase=1 wall_jumps=1 joy=0280
ASCENT_FRAME 10207 x=727 y=1795 movement=3 pose=0019 dir=1 speed=4 phase=1 wall_jumps=1 joy=0180
ASCENT_FRAME 10217 x=730 y=1772 movement=20 pose=0084 dir=1 speed=4 phase=1 wall_jumps=1 joy=0280
ASCENT_FRAME 10218 x=730 y=1768 movement=20 pose=0084 dir=1 speed=4 phase=1 wall_jumps=2 joy=0280
ASCENT_FRAME 10222 x=727 y=1750 movement=3 pose=0019 dir=1 speed=4 phase=1 wall_jumps=2 joy=0180
ASCENT_FRAME 10237 x=747 y=1726 movement=3 pose=001a dir=2 speed=0 phase=1 wall_jumps=2 joy=0200
v1=ff
ASCENT_FRAME 10252 x=747 y=1749 movement=3 pose=001a dir=2 speed=2 phase=1 wall_jumps=2 joy=0200
ASCENT_FRAME 10254 x=746 y=1751 movement=20 pose=0084 dir=1 speed=4 phase=1 wall_jumps=2 joy=0280
ASCENT_FRAME 10255 x=746 y=1747 movement=20 pose=0084 dir=1 speed=4 phase=1 wall_jumps=3 joy=0280
ASCENT_FRAME 10267 x=743 y=1700 movement=3 pose=0019 dir=1 speed=3 phase=1 wall_jumps=3 joy=0080
ASCENT_FRAME 10282 x=738 y=1663 movement=3 pose=001a dir=1 speed=1 phase=2 wall_jumps=3 joy=0280
v1=ff
ASCENT_FRAME 10297 x=717 y=1667 movement=3 pose=001a dir=2 speed=1 phase=2 wall_jumps=3 joy=0080
ASCENT_FRAME 10312 x=714 y=1680 movement=15 pose=0035 dir=0 speed=0 phase=3 wall_jumps=3 joy=0400
v1=fd
ASCENT_FRAME 10327 x=714 y=1680 movement=5 pose=0027 dir=0 speed=0 phase=3 wall_jumps=3 joy=0000
ASCENT_FRAME 10342 x=714 y=1689 movement=15 pose=0037 dir=0 speed=0 phase=3 wall_jumps=3 joy=0400
v1=f9
ASCENT_FRAME 10357 x=697 y=1689 movement=4 pose=001f dir=0 speed=0 phase=3 wall_jumps=3 joy=0240
v1=ff
ASCENT_FRAME 10372 x=664 y=1680 movement=15 pose=003e dir=0 speed=0 phase=4 wall_jumps=3 joy=0800
v1=fd
ASCENT_FRAME 10387 x=658 y=1675 movement=1 pose=000a dir=0 speed=0 phase=5 wall_jumps=3 joy=0200
v1=f8
ASCENT_FRAME 10402 x=640 y=1675 movement=0 pose=0001 dir=0 speed=0 phase=5 wall_jumps=3 joy=0000
ASCENT_FRAME 10417 x=640 y=1675 movement=0 pose=0001 dir=0 speed=0 phase=5 wall_jumps=3 joy=0000
ASCENT_FRAME 10432 x=640 y=1675 movement=0 pose=0001 dir=0 speed=0 phase=5 wall_jumps=3 joy=0000
v1=f6
ASCENT_FRAME 10447 x=640 y=1675 movement=0 pose=0001 dir=0 speed=0 phase=5 wall_jumps=3 joy=0000
ASCENT_FRAME 10462 x=640 y=1675 movement=0 pose=0001 dir=0 speed=0 phase=5 wall_jumps=3 joy=0000
v1=fe
ASCENT_FRAME 10477 x=640 y=1675 movement=0 pose=0001 dir=0 speed=0 phase=5 wall_jumps=3 joy=0000
ASCENT_FRAME 10492 x=640 y=1675 movement=0 pose=0001 dir=0 speed=0 phase=5 wall_jumps=3 joy=0000
PINK_ASCENT_ROUTE_OK: room=9d19 x=640 y=1675 health=24 wall_jumps=3 frames=6
