PINK_FRAME 1 state=0 room=0000 x=0 y=0 pose=0000 health=0/0 phase=0 ledge=0 joy=1080
PINK_FRAME 181 state=1 room=0000 x=0 y=0 pose=0000 health=189/199 phase=0 ledge=0 joy=1080
PINK_FRAME 361 state=4 room=0000 x=0 y=0 pose=0000 health=189/199 phase=0 ledge=0 joy=1080
PINK_FRAME 541 state=5 room=0000 x=0 y=0 pose=0000 health=189/199 phase=0 ledge=0 joy=1080
PINK_FRAME 595 state=5 room=93d5 x=96 y=152 pose=0000 health=189/199 phase=0 ledge=0 joy=0000
PINK_FRAME 721 state=7 room=93d5 x=96 y=152 pose=0000 health=189/199 phase=0 ledge=0 joy=1080
PINK_FRAME 901 state=8 room=93d5 x=96 y=152 pose=0000 health=189/199 phase=0 ledge=0 joy=0000
PINK_FRAME 1081 state=8 room=93d5 x=96 y=152 pose=0000 health=189/199 phase=0 ledge=0 joy=0000
v1=fe
v1=fe
v1=f8
v1=fd
v1=fe
v1=fe
v1=fe
v1=fe
v1=fe
v1=fe
v1=fe
v1=fe
v1=fd
v1=fe
v1=fe
v1=fe
v1=fe
v1=fe
v1=fe
v1=fe
v1=fe
v1=fe
PINK_FRAME 1261 state=8 room=93d5 x=187 y=91 pose=0051 health=189/199 phase=0 ledge=0 joy=01c0
v1=fe
v1=fe
v1=fe
v1=fe
v1=fe
v1=fe
v1=fe
PINK_FRAME 1317 state=11 room=92fd x=236 y=139 pose=000b health=189/199 phase=0 ledge=0 joy=0000
v1=fd
PINK_FRAME 1441 state=8 room=92fd x=304 y=665 pose=0037 health=189/199 phase=0 ledge=0 joy=0000
v1=f9
v1=fd
v1=fe
v1=fe
v1=fd
v1=f8
v1=fe
v1=fe
v1=fe
v1=fe
v1=fe
v1=fe
v1=fe
v1=fe
v1=fd
v1=f8
v1=fe
v1=fe
v1=fe
v1=fe
v1=fe
v1=fe
v1=fe
v1=fe
v1=fe
v1=fe
v1=fe
v1=fe
v1=fd
v1=f8
PINK_FRAME 1621 state=8 room=92fd x=453 y=411 pose=0054 health=184/199 phase=0 ledge=0 joy=8280
v1=fd
v1=fe
v1=fe
v1=fe
v1=fe
v1=fe
v1=fe
v1=fe
v1=fe
v1=fe
v1=fe
v1=fe
v1=fe
v1=fe
v1=fe
v1=fe
v1=fd
PINK_FRAME 1801 state=8 room=92fd x=383 y=231 pose=0051 health=179/199 phase=0 ledge=0 joy=8180
v1=fe
v1=fe
v1=fe
v1=fe
v1=fe
v1=fe
v1=fe
v1=fe
v1=fe
v1=fe
v1=fe
v1=fe
v1=fe
v1=fe
v1=fe
v1=fe
v1=fe
v1=fd
v1=f8
v1=fe
v1=fe
v1=fe
v1=fe
v1=fe
v1=fe
v1=fe
v1=fe
v1=fe
v1=fe
v1=fe
v1=fe
v1=fe
v1=fe
v1=fe
v1=fe
v1=fe
v1=fe
v1=fe
v1=fe
v1=ff
v1=fd
PINK_FRAME 1981 state=8 room=92fd x=277 y=144 pose=0028 health=179/199 phase=0 ledge=0 joy=0000
v1=f9
v1=ff
v1=ff
v1=ff
v1=ff
v1=ff
v1=fd
PINK_FRAME 2161 state=8 room=92fd x=199 y=139 pose=000c health=179/199 phase=0 ledge=0 joy=0240
v1=ff
v1=ff
v1=ff
PINK_FRAME 2256 state=11 room=990d x=18 y=139 pose=000c health=179/199 phase=0 ledge=0 joy=0000
PINK_FRAME 2341 state=11 room=990d x=1496 y=139 pose=000c health=179/199 phase=0 ledge=0 joy=0000
v1=fe
v1=0
v1=fe
v1=fe
v1=fe
v1=fe
PINK_FRAME 2521 state=8 room=990d x=1012 y=321 pose=000c health=179/199 phase=0 ledge=0 joy=82c0
v1=0
v1=0
v1=fe
v1=fe
v1=fe
v1=fe
v1=0
PINK_FRAME 2701 state=8 room=990d x=402 y=625 pose=000c health=179/199 phase=0 ledge=0 joy=82c0
v1=0
v1=0
v1=0
PINK_FRAME 2830 state=11 room=99bd x=16 y=651 pose=000c health=169/199 phase=0 ledge=0 joy=0000
PINK_FRAME 2881 state=11 room=99bd x=247 y=1163 pose=000c health=169/199 phase=0 ledge=0 joy=0000
v1=ff
v1=fd
v1=f9
PIRATE_ENEMY slot=0 id=f693 x=109 y=1232 health=90
PIRATE_ENEMY slot=1 id=f693 x=141 y=1312 health=90
PIRATE_ENEMY slot=2 id=f693 x=139 y=1392 health=90
PIRATE_ENEMY slot=3 id=f693 x=132 y=1472 health=90
PIRATE_ENEMY slot=4 id=f693 x=150 y=1552 health=90
PIRATE_ENEMY slot=5 id=e87f x=184 y=984 health=60
PIRATE_ENEMY slot=6 id=e87f x=72 y=984 health=60
v1=ff
v1=fd
PIRATE_ENEMY slot=0 id=f693 x=103 y=1232 health=90
PIRATE_ENEMY slot=1 id=f693 x=141 y=1312 health=90
PIRATE_ENEMY slot=2 id=f693 x=139 y=1392 health=90
PIRATE_ENEMY slot=3 id=f693 x=132 y=1472 health=90
PIRATE_ENEMY slot=4 id=f693 x=150 y=1552 health=90
PIRATE_ENEMY slot=5 id=e87f x=184 y=984 health=60
PIRATE_ENEMY slot=6 id=e87f x=72 y=984 health=60
v1=f8
v1=f0
PINK_FRAME 3061 state=8 room=99bd x=79 y=1236 pose=0029 health=169/199 phase=1 ledge=64 joy=0100
PIRATE_ENEMY slot=1 id=f693 x=146 y=1312 health=90
PIRATE_ENEMY slot=2 id=f693 x=139 y=1392 health=90
PIRATE_ENEMY slot=3 id=f693 x=132 y=1472 health=90
PIRATE_ENEMY slot=4 id=f693 x=150 y=1552 health=90
PIRATE_ENEMY slot=5 id=e87f x=184 y=984 health=60
PIRATE_ENEMY slot=6 id=e87f x=72 y=984 health=60
v1=f8
PIRATE_ENEMY slot=1 id=f693 x=152 y=1312 health=90
PIRATE_ENEMY slot=2 id=f693 x=139 y=1392 health=90
PIRATE_ENEMY slot=3 id=f693 x=132 y=1472 health=90
PIRATE_ENEMY slot=4 id=f693 x=150 y=1552 health=90
PIRATE_ENEMY slot=5 id=e87f x=184 y=984 health=60
PIRATE_ENEMY slot=6 id=e87f x=72 y=984 health=60
PIRATE_ENEMY slot=1 id=f693 x=159 y=1312 health=90
PIRATE_ENEMY slot=2 id=f693 x=139 y=1392 health=90
PIRATE_ENEMY slot=3 id=f693 x=132 y=1472 health=90
PIRATE_ENEMY slot=4 id=f693 x=150 y=1552 health=90
PIRATE_ENEMY slot=5 id=e87f x=184 y=984 health=60
PIRATE_ENEMY slot=6 id=e87f x=72 y=984 health=60
v1=f6
PIRATE_ENEMY slot=1 id=f693 x=165 y=1312 health=90
PIRATE_ENEMY slot=2 id=f693 x=139 y=1392 health=90
PIRATE_ENEMY slot=3 id=f693 x=132 y=1472 health=90
PIRATE_ENEMY slot=4 id=f693 x=150 y=1552 health=90
PIRATE_ENEMY slot=5 id=e87f x=184 y=984 health=60
PIRATE_ENEMY slot=6 id=e87f x=72 y=984 health=60
v1=fd
PIRATE_ENEMY slot=1 id=f693 x=165 y=1312 health=90
PIRATE_ENEMY slot=2 id=f693 x=139 y=1392 health=90
PIRATE_ENEMY slot=3 id=f693 x=132 y=1472 health=90
PIRATE_ENEMY slot=4 id=f693 x=150 y=1552 health=90
PIRATE_ENEMY slot=5 id=e87f x=184 y=984 health=60
PIRATE_ENEMY slot=6 id=e87f x=72 y=984 health=60
v1=f9
PIRATE_ENEMY slot=1 id=f693 x=165 y=1312 health=90
PIRATE_ENEMY slot=2 id=f693 x=139 y=1392 health=90
PIRATE_ENEMY slot=3 id=f693 x=132 y=1472 health=90
PIRATE_ENEMY slot=4 id=f693 x=150 y=1552 health=90
PIRATE_ENEMY slot=5 id=e87f x=184 y=984 health=60
PIRATE_ENEMY slot=6 id=e87f x=72 y=984 health=60
v1=ff
v1=fd
PINK_FRAME 3241 state=8 room=99bd x=194 y=1277 pose=0027 health=169/199 phase=1 ledge=200 joy=0200
v1=f0
PIRATE_ENEMY slot=1 id=f693 x=165 y=1312 health=90
PIRATE_ENEMY slot=2 id=f693 x=136 y=1392 health=90
PIRATE_ENEMY slot=3 id=f693 x=132 y=1472 health=90
PIRATE_ENEMY slot=4 id=f693 x=150 y=1552 health=90
PIRATE_ENEMY slot=5 id=e87f x=184 y=984 health=60
PIRATE_ENEMY slot=6 id=e87f x=72 y=984 health=60
v1=f8
PIRATE_ENEMY slot=1 id=f693 x=165 y=1312 health=90
PIRATE_ENEMY slot=2 id=f693 x=130 y=1392 health=90
PIRATE_ENEMY slot=3 id=f693 x=132 y=1472 health=90
PIRATE_ENEMY slot=4 id=f693 x=150 y=1552 health=90
PIRATE_ENEMY slot=5 id=e87f x=184 y=984 health=60
PIRATE_ENEMY slot=6 id=e87f x=72 y=984 health=60
v1=f8
PIRATE_ENEMY slot=2 id=f693 x=123 y=1392 health=90
PIRATE_ENEMY slot=3 id=f693 x=132 y=1472 health=90
PIRATE_ENEMY slot=4 id=f693 x=150 y=1552 health=90
PIRATE_ENEMY slot=5 id=e87f x=184 y=984 health=60
PIRATE_ENEMY slot=6 id=e87f x=72 y=984 health=60
PIRATE_ENEMY slot=2 id=f693 x=116 y=1392 health=90
PIRATE_ENEMY slot=3 id=f693 x=132 y=1472 health=90
PIRATE_ENEMY slot=4 id=f693 x=150 y=1552 health=90
PIRATE_ENEMY slot=5 id=e87f x=184 y=984 health=60
PIRATE_ENEMY slot=6 id=e87f x=72 y=984 health=60
v1=f6
PIRATE_ENEMY slot=2 id=f693 x=114 y=1392 health=90
PIRATE_ENEMY slot=3 id=f693 x=132 y=1472 health=90
PIRATE_ENEMY slot=4 id=f693 x=150 y=1552 health=90
PIRATE_ENEMY slot=5 id=e87f x=184 y=984 health=60
PIRATE_ENEMY slot=6 id=e87f x=72 y=984 health=60
v1=fd
PIRATE_ENEMY slot=2 id=f693 x=114 y=1392 health=90
PIRATE_ENEMY slot=3 id=f693 x=132 y=1472 health=90
PIRATE_ENEMY slot=4 id=f693 x=150 y=1552 health=90
PIRATE_ENEMY slot=5 id=e87f x=184 y=984 health=60
PIRATE_ENEMY slot=6 id=e87f x=72 y=984 health=60
v1=f9
PINK_FRAME 3421 state=8 room=99bd x=130 y=1337 pose=001f health=169/199 phase=0 ledge=64 joy=0200
PIRATE_ENEMY slot=2 id=f693 x=114 y=1392 health=90
PIRATE_ENEMY slot=3 id=f693 x=132 y=1472 health=90
PIRATE_ENEMY slot=4 id=f693 x=150 y=1552 health=90
PIRATE_ENEMY slot=5 id=e87f x=184 y=984 health=60
PIRATE_ENEMY slot=6 id=e87f x=72 y=984 health=60
v1=ff
v1=fd
v1=f0
PIRATE_ENEMY slot=2 id=f693 x=114 y=1392 health=90
PIRATE_ENEMY slot=3 id=f693 x=137 y=1472 health=90
PIRATE_ENEMY slot=4 id=f693 x=150 y=1552 health=90
PIRATE_ENEMY slot=5 id=e87f x=184 y=984 health=60
PIRATE_ENEMY slot=6 id=e87f x=72 y=984 health=60
v1=f8
v1=f0
PIRATE_ENEMY slot=3 id=f693 x=144 y=1472 health=90
PIRATE_ENEMY slot=4 id=f693 x=150 y=1552 health=90
PIRATE_ENEMY slot=5 id=e87f x=184 y=984 health=60
PIRATE_ENEMY slot=6 id=e87f x=72 y=984 health=60
v1=f8
PIRATE_ENEMY slot=3 id=f693 x=150 y=1472 health=90
PIRATE_ENEMY slot=4 id=f693 x=150 y=1552 health=90
PIRATE_ENEMY slot=5 id=e87f x=184 y=984 health=60
PIRATE_ENEMY slot=6 id=e87f x=72 y=984 health=60
PIRATE_ENEMY slot=3 id=f693 x=156 y=1472 health=90
PIRATE_ENEMY slot=4 id=f693 x=150 y=1552 health=90
PIRATE_ENEMY slot=5 id=e87f x=184 y=984 health=60
PIRATE_ENEMY slot=6 id=e87f x=72 y=984 health=60
v1=f6
PIRATE_ENEMY slot=3 id=f693 x=156 y=1472 health=90
PIRATE_ENEMY slot=4 id=f693 x=150 y=1552 health=90
PIRATE_ENEMY slot=5 id=e87f x=184 y=984 health=60
PIRATE_ENEMY slot=6 id=e87f x=72 y=984 health=60
v1=fd
PINK_FRAME 3601 state=8 room=99bd x=113 y=1408 pose=0028 health=169/199 phase=0 ledge=64 joy=0000
PIRATE_ENEMY slot=3 id=f693 x=156 y=1472 health=90
PIRATE_ENEMY slot=4 id=f693 x=150 y=1552 health=90
PIRATE_ENEMY slot=5 id=e87f x=184 y=984 health=60
PIRATE_ENEMY slot=6 id=e87f x=72 y=984 health=60
v1=f9
PIRATE_ENEMY slot=3 id=f693 x=156 y=1472 health=90
PIRATE_ENEMY slot=4 id=f693 x=150 y=1552 health=90
PIRATE_ENEMY slot=5 id=e87f x=184 y=984 health=60
PIRATE_ENEMY slot=6 id=e87f x=72 y=984 health=60
v1=ff
v1=fd
v1=f8
v1=f0
PIRATE_ENEMY slot=3 id=f693 x=155 y=1472 health=90
PIRATE_ENEMY slot=4 id=f693 x=146 y=1552 health=90
PIRATE_ENEMY slot=5 id=e87f x=184 y=984 health=60
PIRATE_ENEMY slot=6 id=e87f x=72 y=984 health=60
PIRATE_ENEMY slot=4 id=f693 x=139 y=1552 health=90
PIRATE_ENEMY slot=5 id=e87f x=184 y=984 health=60
PIRATE_ENEMY slot=6 id=e87f x=72 y=984 health=60
v1=f8
PIRATE_ENEMY slot=4 id=f693 x=132 y=1552 health=90
PIRATE_ENEMY slot=5 id=e87f x=184 y=984 health=60
PIRATE_ENEMY slot=6 id=e87f x=72 y=984 health=60
PIRATE_ENEMY slot=4 id=f693 x=126 y=1552 health=90
PIRATE_ENEMY slot=5 id=e87f x=184 y=984 health=60
PIRATE_ENEMY slot=6 id=e87f x=72 y=984 health=60
v1=fd
PINK_FRAME 3781 state=8 room=99bd x=154 y=1488 pose=0027 health=169/199 phase=0 ledge=200 joy=0000
PIRATE_ENEMY slot=4 id=f693 x=125 y=1552 health=90
PIRATE_ENEMY slot=5 id=e87f x=184 y=984 health=60
PIRATE_ENEMY slot=6 id=e87f x=72 y=984 health=60
v1=f9
PIRATE_ENEMY slot=4 id=f693 x=125 y=1552 health=90
PIRATE_ENEMY slot=5 id=e87f x=184 y=984 health=60
PIRATE_ENEMY slot=6 id=e87f x=72 y=984 health=60
v1=ff
PINK_PICKUP_PLAN ticks=80 score=100169 live_core_unchanged=1
v1=fd
v1=f8
v1=f0
v1=ff
v1=f8
PIRATE_ENEMY slot=5 id=e87f x=184 y=984 health=60
PIRATE_ENEMY slot=6 id=e87f x=72 y=984 health=60
PIRATE_ENEMY slot=5 id=e87f x=184 y=984 health=60
PIRATE_ENEMY slot=6 id=e87f x=72 y=984 health=60
v1=f6
PINK_FRAME 3961 state=8 room=99bd x=125 y=1563 pose=0002 health=169/199 phase=2 ledge=64 joy=0000
PIRATE_ENEMY slot=5 id=e87f x=184 y=984 health=60
PIRATE_ENEMY slot=6 id=e87f x=72 y=984 health=60
v1=f6
PIRATE_ENEMY slot=5 id=e87f x=184 y=984 health=60
PIRATE_ENEMY slot=6 id=e87f x=72 y=984 health=60
v1=fd
PIRATE_ENEMY slot=5 id=e87f x=184 y=984 health=60
PIRATE_ENEMY slot=6 id=e87f x=72 y=984 health=60
v1=f9
PIRATE_ENEMY slot=5 id=e87f x=184 y=984 health=60
PIRATE_ENEMY slot=6 id=e87f x=72 y=984 health=60
v1=ff
v1=ff
PIRATE_ENEMY slot=5 id=e87f x=184 y=984 health=60
PIRATE_ENEMY slot=6 id=e87f x=72 y=984 health=60
v1=fd
v1=f8
PIRATE_ENEMY slot=5 id=e87f x=184 y=984 health=60
PIRATE_ENEMY slot=6 id=e87f x=72 y=984 health=60
v1=ff
PINK_FRAME 4141 state=8 room=99bd x=123 y=1675 pose=000c health=169/199 phase=0 ledge=200 joy=0240
PIRATE_ENEMY slot=5 id=e87f x=184 y=984 health=60
PIRATE_ENEMY slot=6 id=e87f x=72 y=984 health=60
v1=ff
PINK_FRAME 4199 state=11 room=9969 x=18 y=1675 pose=000c health=169/199 phase=0 ledge=200 joy=0000
v1=fe
PINK_FRAME 4321 state=8 room=9969 x=933 y=123 pose=001a health=169/199 phase=0 ledge=18 joy=82c0
v1=fe
v1=0
v1=fe
v1=fe
v1=fe
v1=fe
v1=0
v1=0
PINK_FRAME 4501 state=8 room=9969 x=549 y=171 pose=008a health=169/199 phase=0 ledge=18 joy=8240
v1=ff
v1=fd
v1=fe
v1=ff
v1=ff
v1=fd
v1=fe
v1=fe
v1=fe
v1=fe
v1=fe
v1=fe
v1=fe
v1=fe
v1=fe
v1=fe
v1=fe
v1=fe
v1=fe
v1=fe
v1=fe
v1=fe
v1=fe
v1=fe
v1=fe
v1=fe
v1=fe
v1=fe
v1=fe
PINK_FRAME 4681 state=8 room=9969 x=465 y=175 pose=0052 health=149/199 phase=0 ledge=18 joy=8240
v1=fe
v1=fd
v1=fe
v1=fe
v1=fe
v1=fe
v1=fe
v1=fe
v1=fe
v1=fe
v1=fe
v1=0
v1=0
v1=fe
v1=fe
v1=fe
v1=fe
PINK_FRAME 4861 state=8 room=9969 x=176 y=142 pose=001a health=109/199 phase=0 ledge=18 joy=82c0
v1=fe
v1=0
PINK_FRAME 4937 state=11 room=9938 x=19 y=139 pose=000c health=109/199 phase=0 ledge=18 joy=0000
v1=ff
PINK_FRAME 5041 state=8 room=9938 x=134 y=139 pose=000c health=109/199 phase=0 ledge=19 joy=0000
v1=f8
v1=f8
v1=ff
v1=ff
v1=ff
v1=ff
v1=ff
v1=ff
v1=ff
PINK_FRAME 5206 state=11 room=9ad9 x=128 y=292 pose=0000 health=109/199 phase=0 ledge=19 joy=0000
PINK_FRAME 5221 state=11 room=9ad9 x=128 y=65534 pose=0000 health=109/199 phase=0 ledge=128 joy=0000
v1=ff
v1=ff
v1=ff
v1=ff
v1=ff
v1=ff
v1=ff
v1=ff
v1=ff
v1=ff
v1=ff
v1=ff
PINK_FRAME 5401 state=8 room=9ad9 x=128 y=149 pose=0000 health=109/199 phase=0 ledge=128 joy=0100
v1=ff
v1=ff
v1=ff
v1=ff
v1=ff
v1=ff
v1=ff
v1=ff
v1=ff
v1=ff
v1=ff
v1=ff
v1=ff
v1=ff
v1=ff
v1=ff
v1=ff
v1=ff
v1=ff
v1=ff
v1=ff
v1=ff
v1=ff
PINK_FRAME 5581 state=8 room=9ad9 x=128 y=419 pose=0000 health=109/199 phase=0 ledge=128 joy=0100
v1=ff
v1=ff
v1=ff
v1=ff
v1=ff
v1=ff
v1=ff
v1=ff
v1=ff
v1=ff
v1=ff
v1=ff
v1=ff
v1=ff
v1=ff
v1=ff
v1=ff
v1=ff
v1=ff
v1=ff
v1=ff
v1=ff
PINK_FRAME 5761 state=8 room=9ad9 x=129 y=683 pose=0026 health=109/199 phase=0 ledge=128 joy=0000
v1=f8
v1=fd
v1=f9
v1=ff
v1=ff
v1=ff
v1=ff
v1=ff
PINK_FRAME 5941 state=8 room=9ad9 x=132 y=907 pose=0032 health=109/199 phase=0 ledge=96 joy=0200
v1=ff
v1=ff
v1=ff
v1=ff
v1=ff
v1=ff
v1=ff
PINK_FRAME 6121 state=8 room=9ad9 x=156 y=1172 pose=0031 health=99/199 phase=0 ledge=160 joy=0000
v1=ff
v1=ff
v1=ff
v1=ff
v1=ff
v1=ff
v1=ff
v1=ff
PINK_FRAME 6301 state=8 room=9ad9 x=128 y=1390 pose=0032 health=99/199 phase=0 ledge=104 joy=0200
v1=ff
v1=ff
v1=ff
v1=ff
v1=fd
v1=f8
v1=ff
PINK_FRAME 6481 state=8 room=9ad9 x=200 y=1675 pose=0009 health=99/199 phase=0 ledge=64 joy=0000
v1=ff
v1=ff
v1=ff
v1=ff
v1=ff
v1=ff
v1=ff
PINK_FRAME 6635 state=11 room=9cb3 x=237 y=1675 pose=000b health=99/199 phase=0 ledge=64 joy=0000
PINK_FRAME 6661 state=11 room=9cb3 x=237 y=1675 pose=000b health=99/199 phase=0 ledge=237 joy=0000
v1=fe
v1=0
PINK_FRAME 6841 state=8 room=9cb3 x=186 y=171 pose=000b health=89/199 phase=0 ledge=237 joy=81c0
v1=0
v1=0
v1=fe
v1=fe
v1=fe
v1=fe
v1=fe
PINK_FRAME 7021 state=8 room=9cb3 x=709 y=139 pose=00a4 health=74/199 phase=0 ledge=237 joy=8140
v1=fe
v1=fe
v1=0
v1=fd
v1=f9
v1=ff
v1=ff
PINK_FRAME 7201 state=8 room=9cb3 x=939 y=185 pose=001e health=74/199 phase=0 ledge=237 joy=0100
v1=ff
v1=ff
v1=ff
v1=ff
v1=ff
v1=ff
v1=ff
PINK_FRAME 7381 state=8 room=9cb3 x=979 y=185 pose=001e health=74/199 phase=0 ledge=237 joy=0100
v1=ff
v1=ff
v1=ff
v1=ff
v1=ff
v1=ff
v1=ff
PINK_FRAME 7561 state=8 room=9cb3 x=1065 y=176 pose=003d health=74/199 phase=0 ledge=237 joy=81c0
v1=fd
v1=0
v1=fe
v1=fe
v1=fe
v1=fe
v1=fe
PINK_FRAME 7741 state=8 room=9cb3 x=1513 y=171 pose=000b health=74/199 phase=0 ledge=237 joy=8140
v1=0
v1=0
PINK_FRAME 7854 state=11 room=9d19 x=1772 y=139 pose=000b health=24/199 phase=0 ledge=237 joy=0000
PINK_FRAME 7921 state=11 room=9d19 x=545 y=651 pose=000b health=24/199 phase=0 ledge=1772 joy=0000
v1=ff
v1=ff
v1=ff
v1=ff
v1=fe
v1=fe
v1=fe
v1=fe
v1=ff
v1=ff
PINK_FRAME 8101 state=8 room=9d19 x=987 y=731 pose=0089 health=24/199 phase=0 ledge=1772 joy=0100
v1=f8
v1=fe
v1=fe
v1=fe
v1=fe
v1=fe
v1=f8
v1=f6
PINK_ROUTE_OK: room=9d19 area=1 target=1772 health=24
