NATIVE_FRAME 0 state=0 cinematic=0000 room=0000 samus=0,0
NATIVE_FRAME 300 state=4 cinematic=9b68 room=0000 samus=0,0
NATIVE_FRAME 600 state=30 cinematic=a5f8 room=0000 samus=0,0
NATIVE_FRAME 900 state=30 cinematic=a64c room=0000 samus=0,0
NATIVE_FRAME 1200 state=30 cinematic=a391 room=0000 samus=0,0
NATIVE_FRAME 1500 state=30 cinematic=a391 room=0000 samus=0,0
NATIVE_FRAME 1800 state=30 cinematic=a391 room=0000 samus=0,0
v1=f6
NATIVE_FRAME 2100 state=30 cinematic=b250 room=0000 samus=155,115
v1=f6
v1=fe
v1=fe
v1=f8
v1=fe
v1=f8
NATIVE_FRAME 2400 state=30 cinematic=a391 room=0000 samus=148,115
v1=f6
v1=f6
v1=f6
v1=f6
v1=f6
v1=f6
NATIVE_FRAME 2700 state=30 cinematic=a391 room=0000 samus=148,115
NATIVE_FRAME 3000 state=30 cinematic=a391 room=0000 samus=148,115
NATIVE_FRAME 3300 state=30 cinematic=a391 room=0000 samus=148,115
v1=f6
v1=f6
v1=ff
v1=ff
v1=ff
v1=f6
NATIVE_FRAME 3600 state=30 cinematic=a391 room=0000 samus=161,147
v1=f6
v1=f6
v1=f6
v1=f6
v1=f6
v1=f6
v1=ff
v1=ff
v1=ff
v1=ff
NATIVE_FRAME 3900 state=30 cinematic=a391 room=0000 samus=161,147
v1=ff
v1=ff
v1=ff
v1=ff
v1=ff
v1=ff
v1=f6
v1=f6
v1=f6
v1=f6
v1=f6
NATIVE_FRAME 4200 state=30 cinematic=b3f4 room=0000 samus=161,147
v1=f6
v1=ff
v1=ff
NATIVE_FRAME 4500 state=30 cinematic=a391 room=0000 samus=40,147
NATIVE_FRAME 4800 state=30 cinematic=b2d2 room=0000 samus=40,147
NATIVE_FRAME 5100 state=30 cinematic=a391 room=0000 samus=40,147
NATIVE_FRAME 5400 state=30 cinematic=a391 room=0000 samus=40,147
NATIVE_FRAME 5700 state=30 cinematic=a391 room=0000 samus=40,147
NATIVE_FRAME 6000 state=30 cinematic=b2d2 room=0000 samus=40,147
NATIVE_FRAME 6300 state=30 cinematic=b458 room=0000 samus=40,147
NATIVE_FRAME 6600 state=30 cinematic=a391 room=0000 samus=40,147
NATIVE_FRAME 6900 state=30 cinematic=a391 room=0000 samus=40,147
NATIVE_FRAME 7200 state=30 cinematic=a390 room=0000 samus=40,147
NATIVE_FRAME 7500 state=30 cinematic=bfda room=0000 samus=40,147
NATIVE_FRAME 7800 state=30 cinematic=bfda room=0000 samus=40,147
NATIVE_FRAME 8100 state=30 cinematic=a38f room=0000 samus=40,147
v1=ff
v1=f8
v1=fe
NATIVE_FRAME 8400 state=8 cinematic=0000 room=df45 samus=83,81
v1=fe
v1=fe
v1=ff
v1=ff
v1=f8
v1=fe
v1=fe
v1=fe
v1=fe
v1=fe
v1=fe
v1=fe
v1=fe
v1=fe
v1=fe
v1=fe
v1=f8
v1=fe
NATIVE_FRAME 8700 state=8 cinematic=0000 room=df45 samus=46,537
v1=fe
v1=f8
v1=ff
v1=fe
v1=fe
v1=ff
v1=f8
v1=ff
v1=ff
v1=ff
v1=fd
v1=f8
v1=fe
v1=fe
v1=fe
v1=fe
v1=fe
v1=fe
v1=fe
v1=fe
v1=fe
v1=fe
v1=fe
NATIVE_FRAME 9000 state=8 cinematic=0000 room=df45 samus=92,671
v1=fe
v1=fe
v1=ff
v1=fd
v1=fe
v1=fe
v1=fe
v1=fe
v1=fe
v1=fe
v1=fe
v1=fe
v1=f8
v1=fe
v1=fe
v1=fe
v1=fe
v1=fe
v1=fe
v1=fe
v1=fe
v1=fe
v1=fe
v1=fe
v1=f8
v1=fe
v1=fe
v1=fe
v1=fe
v1=fe
v1=fe
v1=fe
NATIVE_FRAME 9300 state=8 cinematic=0000 room=df45 samus=187,667
v1=ff
v1=fd
v1=f8
v1=fe
v1=fe
v1=fe
v1=fe
v1=fe
v1=fe
v1=fe
v1=fe
v1=fe
v1=fe
v1=fe
v1=fe
v1=fe
v1=fe
v1=fe
v1=fe
v1=ff
v1=fe
v1=f8
v1=fe
v1=fe
v1=fe
v1=fe
v1=ff
v1=fe
v1=fe
v1=fe
v1=fe
v1=fe
v1=fe
NATIVE_FRAME 9600 state=11 cinematic=0000 room=df8d samus=65531,139
v1=f8
v1=fe
v1=fe
v1=fe
v1=fe
v1=fe
v1=fe
v1=fe
v1=fe
v1=fe
v1=fe
v1=fe
v1=ff
v1=ff
NATIVE_FRAME 9900 state=8 cinematic=0000 room=df45 samus=54,640
v1=fe
v1=fe
v1=fe
v1=fe
v1=fe
v1=fe
v1=fd
v1=fe
v1=fe
v1=fe
v1=fe
v1=fe
v1=fe
v1=fe
v1=fe
v1=f8
v1=fe
v1=fe
v1=fe
v1=fe
v1=fe
v1=fe
v1=fe
v1=fe
v1=fe
v1=fe
v1=fe
v1=f8
v1=fe
v1=fe
v1=fe
NATIVE_FRAME 10200 state=8 cinematic=0000 room=df45 samus=148,633
v1=fe
v1=fe
v1=fe
v1=fe
v1=ff
v1=fd
v1=f8
v1=fe
v1=fe
v1=fe
v1=fe
v1=fe
v1=fe
v1=fe
v1=fe
v1=fe
v1=fe
v1=fe
v1=fe
v1=fe
v1=fe
v1=fe
v1=fe
v1=ff
v1=fe
v1=f8
v1=fe
v1=fe
v1=fe
v1=fe
v1=ff
v1=fe
v1=fe
v1=fe
v1=fe
v1=fe
v1=fe
NATIVE_FRAME 10500 state=11 cinematic=0000 room=df45 samus=236,651
v1=f8
v1=fe
v1=fe
v1=fe
v1=fe
v1=fe
v1=fe
v1=fe
v1=fe
v1=fe
v1=fe
v1=fe
NATIVE_FRAME 10800 state=8 cinematic=0000 room=df45 samus=103,683
v1=ff
v1=ff
v1=fe
v1=fe
v1=fe
v1=fe
v1=fe
v1=fe
v1=fd
v1=fe
v1=fe
v1=fe
v1=fe
v1=fe
v1=fe
v1=fe
v1=fe
v1=f8
v1=fe
v1=fe
v1=fe
v1=fe
v1=fe
v1=fe
v1=fe
v1=fe
v1=fe
v1=fe
v1=fe
v1=f8
NATIVE_FRAME 11100 state=8 cinematic=0000 room=df45 samus=103,656
v1=fe
v1=fe
v1=fe
v1=fe
v1=fe
v1=fe
v1=fe
v1=ff
v1=fd
v1=f8
v1=fe
v1=fe
v1=fe
v1=fe
v1=fe
v1=fe
v1=fe
v1=fe
v1=fe
v1=fe
v1=fe
v1=fe
v1=fe
v1=fe
v1=fe
v1=fe
v1=ff
v1=fe
v1=f8
v1=fe
v1=fe
v1=fe
v1=fe
v1=ff
v1=fe
v1=fe
NATIVE_FRAME 11400 state=8 cinematic=0000 room=df45 samus=201,624
v1=fe
v1=fe
v1=fe
v1=fe
v1=f8
v1=fe
NATIVE_FRAME 11700 state=8 cinematic=0000 room=df45 samus=144,586
v1=fe
v1=fe
v1=fe
v1=fe
v1=fe
v1=fe
v1=fe
v1=fe
v1=fe
v1=fe
v1=ff
v1=ff
v1=fe
v1=fe
v1=fe
v1=fe
v1=fe
v1=fe
v1=fd
v1=fe
v1=fe
v1=fe
v1=fe
v1=fe
v1=fe
v1=fe
v1=fe
v1=f8
v1=fe
v1=fe
v1=fe
v1=fe
v1=fe
v1=fe
v1=fe
v1=fe
v1=fe
v1=fe
v1=fe
NATIVE_FRAME 12000 state=8 cinematic=0000 room=df45 samus=46,683
v1=f8
v1=fe
v1=fe
v1=fe
v1=fe
v1=fe
v1=fe
v1=fe
v1=ff
v1=fd
v1=f8
v1=fe
v1=fe
v1=fe
v1=fe
v1=fe
v1=fe
v1=fe
v1=fe
v1=fe
v1=fe
v1=fe
v1=fe
v1=fe
v1=fe
v1=fe
v1=fe
v1=ff
v1=fe
v1=f8
v1=fe
v1=fe
v1=fe
v1=fe
v1=ff
NATIVE_FRAME 12300 state=8 cinematic=0000 room=df45 samus=155,674
v1=fe
v1=fe
v1=fe
v1=fe
v1=fe
v1=fe
v1=f8
NATIVE_FRAME 12600 state=8 cinematic=0000 room=df45 samus=194,651
v1=fe
v1=fe
v1=fe
v1=fe
v1=fe
v1=fe
v1=fe
v1=fe
v1=fe
v1=fe
v1=fe
v1=ff
v1=ff
v1=fe
v1=fe
v1=fe
v1=fe
v1=fe
v1=fe
v1=fd
v1=fe
v1=fe
v1=fe
v1=fe
v1=fe
v1=fe
v1=fe
v1=fe
v1=f8
v1=fe
v1=fe
v1=fe
v1=fe
v1=fe
NATIVE_FRAME 12900 state=8 cinematic=0000 room=df45 samus=84,627
v1=fe
v1=fe
v1=fe
v1=fe
v1=fe
v1=fe
v1=f8
v1=fe
v1=fe
v1=fe
v1=fe
v1=fe
v1=fe
v1=fe
v1=ff
v1=fd
v1=f8
v1=fe
v1=fe
v1=fe
v1=fe
v1=fe
v1=fe
v1=fe
v1=fe
v1=fe
v1=fe
v1=fe
v1=fe
v1=fe
v1=fe
v1=fe
v1=fe
v1=ff
v1=fe
v1=f8
v1=fe
v1=fe
v1=fe
v1=fe
NATIVE_FRAME 13200 state=8 cinematic=0000 room=df45 samus=69,683
v1=ff
v1=fe
v1=fe
v1=fe
v1=fe
v1=fe
v1=fe
v1=f8
NATIVE_FRAME 13500 state=11 cinematic=0000 room=df45 samus=227,651
v1=fe
v1=fe
v1=fe
v1=fe
v1=fe
v1=fe
v1=fe
v1=fe
v1=fe
v1=fe
v1=fe
v1=ff
v1=ff
v1=fe
v1=fe
v1=fe
v1=fe
v1=fe
v1=fe
v1=fd
v1=fe
v1=fe
v1=fe
v1=fe
v1=fe
v1=fe
v1=fe
v1=fe
v1=f8
v1=fe
v1=fe
v1=fe
v1=fe
NATIVE_FRAME 13800 state=8 cinematic=0000 room=df45 samus=128,683
v1=fe
v1=fe
v1=fe
v1=fe
v1=fe
v1=fe
v1=fe
v1=f8
v1=fe
v1=fe
v1=fe
v1=fe
v1=fe
v1=fe
v1=fe
v1=ff
v1=fd
v1=f8
v1=fe
v1=fe
v1=fe
v1=fe
v1=fe
v1=fe
v1=fe
v1=fe
v1=fe
v1=fe
v1=fe
v1=fe
v1=fe
v1=fe
v1=fe
v1=fe
v1=ff
v1=fe
NATIVE_FRAME 14100 state=8 cinematic=0000 room=df45 samus=45,623
v1=f8
v1=fe
v1=fe
v1=fe
v1=fe
v1=ff
v1=fe
v1=fe
v1=fe
v1=fe
v1=fe
v1=fe
v1=f8
NATIVE_FRAME 14400 state=11 cinematic=0000 room=df45 samus=254,651
v1=fe
v1=fe
v1=fe
v1=fe
v1=fe
v1=fe
v1=fe
v1=fe
v1=fe
v1=fe
v1=fe
v1=ff
v1=ff
v1=fe
v1=fe
v1=fe
v1=fe
v1=fe
v1=fe
v1=fd
v1=fe
v1=fe
v1=fe
v1=fe
v1=fe
v1=fe
v1=fe
v1=fe
v1=f8
v1=fe
v1=fe
v1=fe
v1=fe
NATIVE_FRAME 14700 state=8 cinematic=0000 room=df45 samus=169,663
v1=fe
v1=fe
v1=fe
v1=fe
v1=fe
v1=fe
v1=fe
v1=f8
v1=fe
v1=fe
v1=fe
v1=fe
v1=fe
v1=fe
v1=fe
v1=ff
v1=fd
v1=f8
v1=fe
v1=fe
v1=fe
v1=fe
v1=fe
v1=fe
v1=fe
v1=fe
v1=fe
v1=fe
v1=fe
v1=fe
v1=fe
v1=fe
v1=fe
v1=fe
NATIVE_FRAME 15000 state=8 cinematic=0000 room=df45 samus=83,683
v1=ff
v1=fe
v1=f8
v1=fe
v1=fe
v1=fe
v1=fe
v1=ff
v1=fe
v1=fe
v1=fe
v1=fe
v1=fe
v1=fe
v1=f8
NATIVE_FRAME 15300 state=11 cinematic=0000 room=df8d samus=20,139
v1=fe
v1=fe
v1=fe
v1=fe
v1=fe
v1=fe
v1=fe
v1=fe
v1=fe
v1=fe
v1=fe
v1=ff
v1=ff
v1=fe
v1=fe
v1=fe
v1=fe
v1=fe
v1=fe
v1=fd
v1=fe
v1=fe
v1=fe
v1=fe
NATIVE_FRAME 15600 state=8 cinematic=0000 room=df45 samus=170,622
v1=fe
v1=fe
v1=fe
v1=fe
v1=f8
v1=fe
v1=fe
v1=fe
v1=fe
v1=fe
v1=fe
v1=fe
v1=fe
v1=fe
v1=fe
v1=fe
v1=f8
v1=fe
v1=fe
v1=fe
v1=fe
v1=fe
v1=fe
v1=fe
v1=ff
v1=fd
v1=f8
v1=fe
v1=fe
v1=fe
v1=fe
v1=fe
v1=fe
v1=fe
v1=fe
v1=fe
v1=fe
v1=fe
v1=fe
NATIVE_FRAME 15900 state=8 cinematic=0000 room=df45 samus=138,635
v1=fe
v1=fe
v1=fe
v1=fe
v1=ff
v1=fe
v1=f8
v1=fe
v1=fe
v1=fe
v1=fe
v1=ff
v1=fe
v1=fe
v1=fe
v1=fe
v1=fe
v1=fe
NATIVE_FRAME 16200 state=11 cinematic=0000 room=df8d samus=39,139
v1=f8
v1=fe
v1=fe
v1=fe
v1=fe
v1=fe
v1=fe
v1=fe
v1=fe
v1=fe
v1=fe
v1=fe
v1=ff
v1=ff
v1=fe
v1=fe
v1=fe
v1=fe
v1=fe
v1=fe
NATIVE_FRAME 16500 state=8 cinematic=0000 room=df45 samus=146,683
v1=fd
v1=fe
v1=fe
v1=fe
v1=fe
v1=fe
v1=fe
v1=fe
v1=fe
v1=f8
v1=fe
v1=fe
v1=fe
v1=fe
v1=fe
v1=fe
v1=fe
v1=fe
v1=fe
v1=fe
v1=fe
v1=f8
v1=fe
v1=fe
v1=fe
v1=fe
v1=fe
v1=fe
v1=fe
v1=ff
v1=fd
v1=f8
NATIVE_FRAME 16800 state=8 cinematic=0000 room=df45 samus=180,620
v1=fe
v1=fe
v1=fe
v1=fe
v1=fe
v1=fe
v1=fe
v1=fe
v1=fe
v1=fe
v1=fe
v1=fe
v1=fe
v1=fe
v1=fe
v1=fe
v1=ff
v1=fe
v1=f8
v1=fe
v1=fe
v1=fe
v1=fe
v1=ff
v1=fe
v1=fe
v1=fe
v1=fe
v1=fe
v1=fe
NATIVE_FRAME 17100 state=11 cinematic=0000 room=df8d samus=17,139
v1=f8
v1=fe
v1=fe
v1=fe
v1=fe
v1=fe
v1=fe
v1=fe
v1=fe
v1=fe
v1=fe
v1=fe
v1=ff
v1=ff
v1=fe
NATIVE_FRAME 17400 state=8 cinematic=0000 room=df45 samus=92,645
v1=fe
v1=fe
v1=fe
v1=fe
v1=fe
v1=fd
v1=fe
v1=fe
v1=fe
v1=fe
v1=fe
v1=fe
v1=fe
v1=fe
v1=f8
v1=fe
v1=fe
v1=fe
v1=fe
v1=fe
v1=fe
v1=fe
v1=fe
v1=fe
v1=fe
v1=fe
v1=f8
v1=fe
v1=fe
v1=fe
v1=fe
v1=fe
v1=fe
v1=fe
NATIVE_FRAME 17700 state=8 cinematic=0000 room=df45 samus=187,667
v1=ff
v1=fd
v1=f8
v1=fe
v1=fe
v1=fe
v1=fe
v1=fe
v1=fe
v1=fe
v1=fe
v1=fe
v1=fe
v1=fe
v1=fe
v1=fe
v1=fe
v1=fe
v1=fe
v1=ff
v1=fe
v1=f8
v1=fe
v1=fe
v1=fe
v1=fe
v1=ff
v1=fe
v1=fe
v1=fe
v1=fe
v1=fe
v1=fe
NATIVE_EVIDENCE ceres=1 moving=6389 projectile=5473 audible=17827
NATIVE_PROBE_OK frames=18000 gameplay_frames=7804 moving_frames=6389 projectile_frames=5473 audible_frames=17827 states=00000000c0000b97 final_state=11 room=df8d cpu_opcodes=0 spc_opcodes=0 campaign_verified=false
