STATION_FRAME 1 state=0 room=0000 x=0 y=0 pose=0000 health=0/0 items=0000 missiles=0/5 phase=0 ledge=0 writes=0 station=0 joy=1080
STATION_FRAME 181 state=1 room=0000 x=0 y=0 pose=0000 health=0/0 items=0000 missiles=0/5 phase=0 ledge=0 writes=1 station=0 joy=1080
STATION_FRAME 361 state=4 room=0000 x=0 y=0 pose=0000 health=99/99 items=0000 missiles=0/5 phase=0 ledge=0 writes=2 station=0 joy=1080
STATION_FRAME 541 state=30 room=0000 x=0 y=0 pose=0000 health=99/99 items=0000 missiles=900/5 phase=0 ledge=0 writes=2 station=0 joy=1080
STATION_FRAME 721 state=30 room=0000 x=0 y=0 pose=0000 health=99/99 items=0000 missiles=900/5 phase=0 ledge=0 writes=2 station=0 joy=1080
STATION_FRAME 901 state=30 room=0000 x=0 y=0 pose=0000 health=99/99 items=0000 missiles=900/5 phase=0 ledge=0 writes=2 station=0 joy=1080
STATION_FRAME 1081 state=30 room=0000 x=0 y=0 pose=0000 health=99/99 items=0000 missiles=900/5 phase=0 ledge=0 writes=2 station=0 joy=1080
STATION_FRAME 1261 state=30 room=0000 x=0 y=0 pose=0000 health=99/99 items=0000 missiles=900/5 phase=0 ledge=0 writes=2 station=0 joy=1080
STATION_FRAME 1441 state=30 room=0000 x=0 y=0 pose=0000 health=99/99 items=0000 missiles=900/5 phase=0 ledge=0 writes=2 station=0 joy=1080
STATION_FRAME 1621 state=30 room=0000 x=0 y=0 pose=0000 health=99/99 items=0000 missiles=900/5 phase=0 ledge=0 writes=2 station=0 joy=1080
STATION_FRAME 1801 state=30 room=0000 x=0 y=0 pose=0000 health=99/99 items=0000 missiles=900/5 phase=0 ledge=0 writes=2 station=0 joy=1080
STATION_FRAME 1981 state=30 room=0000 x=0 y=0 pose=0000 health=99/99 items=0000 missiles=900/5 phase=0 ledge=0 writes=2 station=0 joy=1080
v1=f6
v1=f6
STATION_FRAME 2161 state=30 room=0000 x=155 y=115 pose=0002 health=99/99 items=0000 missiles=899/5 phase=0 ledge=0 writes=2 station=0 joy=1080
v1=fe
v1=fe
v1=f8
v1=fe
STATION_FRAME 2341 state=30 room=0000 x=148 y=115 pose=00a7 health=99/99 items=0000 missiles=898/5 phase=0 ledge=0 writes=2 station=0 joy=1080
v1=f8
v1=f6
v1=f6
STATION_FRAME 2521 state=30 room=0000 x=148 y=115 pose=0002 health=99/99 items=0000 missiles=896/5 phase=0 ledge=0 writes=2 station=0 joy=1080
v1=f6
v1=f6
v1=f6
v1=f6
STATION_FRAME 2701 state=30 room=0000 x=148 y=115 pose=0002 health=99/99 items=0000 missiles=896/5 phase=0 ledge=0 writes=2 station=0 joy=1080
STATION_FRAME 2881 state=30 room=0000 x=148 y=115 pose=0002 health=99/99 items=0000 missiles=896/5 phase=0 ledge=0 writes=2 station=0 joy=1080
STATION_FRAME 3061 state=30 room=0000 x=148 y=115 pose=0002 health=99/99 items=0000 missiles=896/5 phase=0 ledge=0 writes=2 station=0 joy=1080
STATION_FRAME 3241 state=30 room=0000 x=148 y=115 pose=0002 health=99/99 items=0000 missiles=896/5 phase=0 ledge=0 writes=2 station=0 joy=1080
v1=f6
STATION_FRAME 3421 state=30 room=0000 x=376 y=147 pose=0002 health=99/99 items=0000 missiles=896/5 phase=0 ledge=0 writes=2 station=0 joy=1080
v1=f6
v1=ff
v1=ff
v1=ff
v1=f6
STATION_FRAME 3601 state=30 room=0000 x=161 y=147 pose=0002 health=99/99 items=0000 missiles=896/5 phase=0 ledge=0 writes=2 station=0 joy=1080
v1=f6
v1=f6
v1=f6
v1=f6
v1=f6
STATION_FRAME 3781 state=30 room=0000 x=161 y=147 pose=0002 health=99/99 items=0000 missiles=896/5 phase=0 ledge=0 writes=2 station=0 joy=1080
v1=f6
v1=ff
v1=ff
v1=ff
v1=ff
v1=ff
v1=ff
v1=ff
v1=ff
STATION_FRAME 3961 state=30 room=0000 x=161 y=147 pose=0006 health=99/99 items=0000 missiles=896/5 phase=0 ledge=0 writes=2 station=0 joy=1080
v1=ff
v1=ff
v1=f6
v1=f6
v1=f6
STATION_FRAME 4141 state=30 room=0000 x=161 y=147 pose=0002 health=99/99 items=0000 missiles=896/5 phase=0 ledge=0 writes=2 station=0 joy=1080
v1=f6
v1=f6
v1=f6
v1=ff
v1=ff
STATION_FRAME 4321 state=30 room=0000 x=40 y=147 pose=000a health=99/99 items=0000 missiles=896/5 phase=0 ledge=0 writes=2 station=0 joy=1080
STATION_FRAME 4501 state=30 room=0000 x=40 y=147 pose=000a health=99/99 items=0000 missiles=896/5 phase=0 ledge=0 writes=2 station=0 joy=1080
STATION_FRAME 4681 state=30 room=0000 x=40 y=147 pose=000a health=99/99 items=0000 missiles=896/5 phase=0 ledge=0 writes=2 station=0 joy=1080
STATION_FRAME 4861 state=30 room=0000 x=40 y=147 pose=000a health=99/99 items=0000 missiles=896/5 phase=0 ledge=0 writes=2 station=0 joy=1080
STATION_FRAME 5041 state=30 room=0000 x=40 y=147 pose=000a health=99/99 items=0000 missiles=896/5 phase=0 ledge=0 writes=2 station=0 joy=1080
STATION_FRAME 5221 state=30 room=0000 x=40 y=147 pose=000a health=99/99 items=0000 missiles=896/5 phase=0 ledge=0 writes=2 station=0 joy=1080
STATION_FRAME 5401 state=30 room=0000 x=40 y=147 pose=000a health=99/99 items=0000 missiles=896/5 phase=0 ledge=0 writes=2 station=0 joy=1080
STATION_FRAME 5581 state=30 room=0000 x=40 y=147 pose=000a health=99/99 items=0000 missiles=896/5 phase=0 ledge=0 writes=2 station=0 joy=1080
STATION_FRAME 5761 state=30 room=0000 x=40 y=147 pose=000a health=99/99 items=0000 missiles=896/5 phase=0 ledge=0 writes=2 station=0 joy=1080
STATION_FRAME 5941 state=30 room=0000 x=40 y=147 pose=000a health=99/99 items=0000 missiles=896/5 phase=0 ledge=0 writes=2 station=0 joy=1080
STATION_FRAME 6121 state=30 room=0000 x=40 y=147 pose=000a health=99/99 items=0000 missiles=896/5 phase=0 ledge=0 writes=2 station=0 joy=1080
STATION_FRAME 6301 state=30 room=0000 x=40 y=147 pose=000a health=99/99 items=0000 missiles=896/5 phase=0 ledge=0 writes=2 station=0 joy=1080
STATION_FRAME 6481 state=30 room=0000 x=40 y=147 pose=000a health=99/99 items=0000 missiles=896/5 phase=0 ledge=0 writes=2 station=0 joy=1080
STATION_FRAME 6661 state=30 room=0000 x=40 y=147 pose=000a health=99/99 items=0000 missiles=896/5 phase=0 ledge=0 writes=2 station=0 joy=1080
STATION_FRAME 6841 state=30 room=0000 x=40 y=147 pose=000a health=99/99 items=0000 missiles=896/5 phase=0 ledge=0 writes=2 station=0 joy=1080
STATION_FRAME 7021 state=30 room=0000 x=40 y=147 pose=000a health=99/99 items=0000 missiles=896/5 phase=0 ledge=0 writes=2 station=0 joy=1080
STATION_FRAME 7201 state=30 room=0000 x=40 y=147 pose=000a health=99/99 items=0000 missiles=896/5 phase=0 ledge=0 writes=2 station=0 joy=1080
STATION_FRAME 7381 state=30 room=0000 x=40 y=147 pose=000a health=99/99 items=0000 missiles=896/5 phase=0 ledge=0 writes=2 station=0 joy=1080
STATION_FRAME 7561 state=30 room=0000 x=40 y=147 pose=000a health=99/99 items=0000 missiles=0/5 phase=0 ledge=0 writes=2 station=0 joy=1080
STATION_FRAME 7741 state=30 room=0000 x=40 y=147 pose=000a health=99/99 items=0000 missiles=0/5 phase=0 ledge=0 writes=2 station=0 joy=1080
STATION_FRAME 7921 state=30 room=0000 x=40 y=147 pose=000a health=99/99 items=0000 missiles=0/5 phase=0 ledge=0 writes=2 station=0 joy=1080
STATION_FRAME 8101 state=30 room=0000 x=40 y=147 pose=000a health=99/99 items=0000 missiles=0/5 phase=0 ledge=0 writes=2 station=0 joy=1080
STATION_FRAME 8139 state=31 room=df45 x=128 y=72 pose=0000 health=99/99 items=0000 missiles=0/5 phase=0 ledge=0 writes=3 station=0 joy=0000
STATION_FRAME 8281 state=8 room=df45 x=128 y=16 pose=0000 health=99/99 items=0000 missiles=0/5 phase=0 ledge=0 writes=3 station=0 joy=0100
v1=ff
v1=f8
v1=fe
v1=fe
v1=fe
v1=fe
v1=f8
v1=fe
v1=fe
v1=fe
STATION_FRAME 8461 state=8 room=df45 x=131 y=233 pose=002a health=99/99 items=0000 missiles=0/5 phase=0 ledge=0 writes=3 station=0 joy=0000
v1=fe
v1=fe
v1=fe
v1=fe
v1=fe
v1=f8
v1=fe
v1=fe
v1=fe
v1=fe
v1=fe
STATION_FRAME 8641 state=8 room=df45 x=180 y=505 pose=0029 health=99/99 items=0000 missiles=0/5 phase=0 ledge=0 writes=3 station=0 joy=0000
v1=fe
v1=fe
v1=fe
v1=fe
STATION_FRAME 8721 state=11 room=df8d x=236 y=651 pose=0009 health=99/99 items=0000 missiles=0/5 phase=0 ledge=0 writes=3 station=0 joy=0000
v1=0
STATION_FRAME 8821 state=8 room=df8d x=76 y=159 pose=0009 health=99/99 items=0000 missiles=0/5 phase=0 ledge=0 writes=3 station=0 joy=8100
v1=0
v1=fe
v1=fe
v1=fe
v1=0
STATION_FRAME 8990 state=11 room=dfd7 x=492 y=139 pose=0009 health=99/99 items=0000 missiles=0/5 phase=0 ledge=0 writes=3 station=0 joy=0000
STATION_FRAME 9001 state=11 room=dfd7 x=65525 y=139 pose=0009 health=99/99 items=0000 missiles=0/5 phase=0 ledge=0 writes=3 station=0 joy=0000
v1=ff
v1=ff
v1=f8
v1=fe
STATION_FRAME 9181 state=8 room=dfd7 x=158 y=228 pose=000a health=99/99 items=0000 missiles=0/5 phase=0 ledge=0 writes=3 station=0 joy=0200
v1=ff
v1=ff
v1=fe
v1=fe
v1=fe
v1=f8
v1=ff
v1=ff
STATION_FRAME 9361 state=9 room=dfd7 x=237 y=395 pose=0009 health=99/99 items=0000 missiles=0/5 phase=0 ledge=0 writes=3 station=0 joy=0100
STATION_FRAME 9379 state=11 room=e021 x=237 y=395 pose=0009 health=99/99 items=0000 missiles=0/5 phase=0 ledge=0 writes=3 station=0 joy=0000
v1=0
v1=0
v1=0
v1=0
STATION_FRAME 9541 state=8 room=e021 x=350 y=187 pose=0009 health=99/99 items=0000 missiles=0/5 phase=0 ledge=0 writes=3 station=0 joy=8100
v1=0
v1=ff
STATION_FRAME 9618 state=11 room=e06b x=492 y=139 pose=0009 health=99/99 items=0000 missiles=0/5 phase=0 ledge=0 writes=3 station=0 joy=0000
v1=0
STATION_FRAME 9721 state=8 room=e06b x=105 y=139 pose=0009 health=99/99 items=0000 missiles=0/5 phase=0 ledge=0 writes=3 station=0 joy=8100
v1=0
v1=0
v1=0
v1=0
v1=ff
STATION_FRAME 9845 state=11 room=e0b5 x=492 y=139 pose=0009 health=99/99 items=0000 missiles=0/5 phase=0 ledge=0 writes=3 station=0 joy=0000
STATION_FRAME 9901 state=11 room=e0b5 x=25 y=139 pose=0009 health=99/99 items=0000 missiles=0/5 phase=0 ledge=0 writes=3 station=0 joy=0000
v1=fe
v1=f8
STATION_FRAME 10081 state=8 room=e0b5 x=159 y=187 pose=0002 health=99/99 items=0000 missiles=0/5 phase=0 ledge=0 writes=3 station=0 joy=0000
STATION_FRAME 10261 state=8 room=e0b5 x=159 y=187 pose=0002 health=99/99 items=0000 missiles=0/5 phase=0 ledge=0 writes=3 station=0 joy=0000
STATION_FRAME 10441 state=8 room=e0b5 x=159 y=187 pose=0002 health=99/99 items=0000 missiles=0/5 phase=0 ledge=0 writes=3 station=0 joy=0000
v1=f8
v1=f8
STATION_FRAME 10621 state=8 room=e0b5 x=156 y=187 pose=0001 health=94/99 items=0000 missiles=0/5 phase=0 ledge=0 writes=3 station=0 joy=0000
v1=f8
STATION_FRAME 10801 state=8 room=e0b5 x=149 y=174 pose=0029 health=84/99 items=0000 missiles=0/5 phase=0 ledge=0 writes=3 station=0 joy=0100
v1=f8
STATION_FRAME 10981 state=8 room=e0b5 x=157 y=187 pose=0001 health=84/99 items=0000 missiles=0/5 phase=0 ledge=0 writes=3 station=0 joy=0000
v1=f8
v1=f8
v1=f8
STATION_FRAME 11161 state=8 room=e0b5 x=163 y=187 pose=0002 health=64/99 items=0000 missiles=0/5 phase=0 ledge=0 writes=3 station=0 joy=0000
v1=f8
v1=f8
STATION_FRAME 11341 state=8 room=e0b5 x=157 y=187 pose=0001 health=49/99 items=0000 missiles=0/5 phase=0 ledge=0 writes=3 station=0 joy=0000
v1=fe
v1=f8
v1=f8
v1=f8
STATION_FRAME 11521 state=8 room=e0b5 x=164 y=187 pose=0002 health=19/99 items=0000 missiles=0/5 phase=0 ledge=0 writes=3 station=0 joy=0000
v1=f6
v1=fe
STATION_FRAME 11701 state=8 room=e0b5 x=164 y=187 pose=0002 health=19/99 items=0000 missiles=0/5 phase=0 ledge=0 writes=3 station=0 joy=0000
v1=fe
v1=fe
v1=f8
v1=f6
v1=fe
v1=fe
STATION_FRAME 11881 state=8 room=e0b5 x=235 y=187 pose=0002 health=19/99 items=0000 missiles=0/5 phase=0 ledge=0 writes=3 station=0 joy=0000
v1=fe
v1=fe
v1=fe
v1=fe
v1=fe
v1=fe
STATION_FRAME 12061 state=8 room=e0b5 x=235 y=187 pose=0002 health=19/99 items=0000 missiles=0/5 phase=0 ledge=0 writes=3 station=0 joy=0000
v1=fe
v1=fe
v1=fd
STATION_FRAME 12241 state=11 room=e0b5 x=20 y=139 pose=000a health=19/99 items=0000 missiles=0/5 phase=0 ledge=0 writes=3 station=0 joy=0000
STATION_FRAME 12244 state=11 room=e06b x=20 y=139 pose=000a health=19/99 items=0000 missiles=0/5 phase=0 ledge=0 writes=3 station=0 joy=0000
v1=0
v1=0
v1=0
v1=0
v1=0
STATION_FRAME 12421 state=8 room=e06b x=57 y=139 pose=000a health=19/99 items=0000 missiles=0/5 phase=0 ledge=0 writes=3 station=0 joy=8200
v1=ff
STATION_FRAME 12471 state=11 room=e021 x=20 y=139 pose=000a health=19/99 items=0000 missiles=0/5 phase=0 ledge=0 writes=3 station=0 joy=0000
v1=0
v1=0
STATION_FRAME 12601 state=8 room=e021 x=292 y=187 pose=000a health=19/99 items=0000 missiles=0/5 phase=0 ledge=0 writes=3 station=0 joy=8200
v1=0
v1=0
v1=0
STATION_FRAME 12704 state=11 room=dfd7 x=19 y=139 pose=000a health=19/99 items=0000 missiles=0/5 phase=0 ledge=0 writes=3 station=0 joy=0000
STATION_FRAME 12781 state=11 room=dfd7 x=216 y=395 pose=000a health=19/99 items=0000 missiles=0/5 phase=0 ledge=0 writes=3 station=0 joy=0000
v1=0
v1=fe
v1=ff
v1=ff
v1=fd
v1=fe
v1=fe
v1=fe
v1=fe
v1=fe
v1=fe
v1=fe
v1=fe
v1=fe
v1=fe
v1=fe
v1=fe
v1=fe
v1=fd
v1=fe
v1=fe
v1=fe
STATION_FRAME 12961 state=8 room=dfd7 x=154 y=212 pose=0051 health=19/99 items=0000 missiles=0/5 phase=0 ledge=0 writes=3 station=0 joy=8180
v1=fe
v1=fe
v1=fe
v1=fe
v1=ff
v1=ff
v1=f8
v1=0
v1=0
STATION_FRAME 13125 state=11 room=df8d x=20 y=139 pose=000a health=19/99 items=0000 missiles=0/5 phase=0 ledge=0 writes=3 station=0 joy=0000
STATION_FRAME 13141 state=11 room=df8d x=20 y=139 pose=000a health=19/99 items=0000 missiles=0/5 phase=0 ledge=0 writes=3 station=0 joy=0000
v1=0
v1=fe
STATION_FRAME 13321 state=8 room=df8d x=269 y=107 pose=001a health=19/99 items=0000 missiles=0/5 phase=0 ledge=0 writes=3 station=0 joy=8280
v1=fe
v1=fe
v1=fe
v1=fe
v1=0
STATION_FRAME 13501 state=11 room=df8d x=20 y=139 pose=000a health=19/99 items=0000 missiles=0/5 phase=0 ledge=0 writes=3 station=0 joy=0000
STATION_FRAME 13503 state=11 room=df45 x=20 y=139 pose=000a health=19/99 items=0000 missiles=0/5 phase=0 ledge=0 writes=3 station=0 joy=0000
v1=fe
v1=fe
v1=fd
STATION_FRAME 13681 state=8 room=df45 x=63 y=505 pose=0053 health=19/99 items=0000 missiles=0/5 phase=0 ledge=0 writes=3 station=0 joy=8080
v1=fe
v1=fe
v1=fe
v1=fd
v1=fe
v1=fe
v1=fe
v1=fe
v1=fe
v1=fe
v1=fe
v1=fe
v1=fe
v1=fe
v1=fe
v1=fd
v1=f8
v1=fe
v1=fe
v1=fe
v1=fe
v1=fe
v1=fe
v1=fe
v1=fe
v1=fe
v1=fd
v1=f8
STATION_FRAME 13861 state=8 room=df45 x=70 y=344 pose=0051 health=19/99 items=0000 missiles=0/5 phase=0 ledge=0 writes=3 station=0 joy=8180
v1=fe
v1=fe
v1=fe
v1=fe
v1=fe
v1=fe
v1=fe
v1=fe
v1=fe
v1=fe
v1=fe
v1=fe
v1=fe
v1=fe
v1=fd
v1=fe
v1=fe
v1=fe
v1=fe
v1=fe
v1=f8
v1=fe
v1=fe
v1=fe
v1=fe
v1=fd
STATION_FRAME 14041 state=8 room=df45 x=132 y=199 pose=004e health=19/99 items=0000 missiles=0/5 phase=0 ledge=0 writes=3 station=0 joy=8080
v1=f8
v1=fe
v1=fe
v1=fe
v1=fe
v1=fe
v1=fe
v1=fe
v1=fe
v1=fe
v1=fd
v1=fe
v1=fe
v1=fe
v1=fd
v1=f8
v1=fe
v1=fe
v1=fe
v1=fe
v1=fe
v1=fe
v1=fe
v1=fe
v1=fe
STATION_FRAME 14221 state=32 room=df45 x=144 y=75 pose=0002 health=19/99 items=0000 missiles=0/5 phase=0 ledge=0 writes=3 station=0 joy=0000
STATION_FRAME 14401 state=34 room=df45 x=144 y=75 pose=0002 health=19/99 items=0000 missiles=0/5 phase=0 ledge=0 writes=4 station=0 joy=0000
STATION_FRAME 14581 state=34 room=df45 x=144 y=75 pose=0002 health=19/99 items=0000 missiles=0/5 phase=0 ledge=0 writes=4 station=0 joy=0000
STATION_FRAME 14761 state=34 room=df45 x=144 y=75 pose=0002 health=19/99 items=0000 missiles=0/5 phase=0 ledge=0 writes=4 station=0 joy=0000
STATION_FRAME 14941 state=34 room=df45 x=144 y=75 pose=0002 health=19/99 items=0000 missiles=0/5 phase=0 ledge=0 writes=4 station=0 joy=0000
STATION_FRAME 15121 state=34 room=df45 x=144 y=75 pose=0002 health=19/99 items=0000 missiles=0/5 phase=0 ledge=0 writes=4 station=0 joy=0000
STATION_FRAME 15301 state=34 room=df45 x=144 y=75 pose=0002 health=19/99 items=0000 missiles=0/5 phase=0 ledge=0 writes=4 station=0 joy=0000
STATION_FRAME 15481 state=34 room=df45 x=144 y=75 pose=0002 health=19/99 items=0000 missiles=0/5 phase=0 ledge=0 writes=4 station=0 joy=0000
STATION_FRAME 15661 state=34 room=df45 x=144 y=75 pose=0002 health=19/99 items=0000 missiles=0/5 phase=0 ledge=0 writes=4 station=0 joy=0000
STATION_FRAME 15841 state=34 room=df45 x=144 y=75 pose=0002 health=19/99 items=0000 missiles=0/5 phase=0 ledge=0 writes=4 station=0 joy=0000
STATION_FRAME 16021 state=34 room=df45 x=144 y=75 pose=0002 health=19/99 items=0000 missiles=0/5 phase=0 ledge=0 writes=4 station=0 joy=0000
STATION_FRAME 16098 state=6 room=91f8 x=1152 y=128 pose=0000 health=99/99 items=0000 missiles=0/5 phase=0 ledge=0 writes=4 station=18 joy=0000
STATION_FRAME 16201 state=7 room=91f8 x=1152 y=249 pose=0000 health=99/99 items=0000 missiles=0/5 phase=0 ledge=0 writes=4 station=18 joy=0000
STATION_FRAME 16381 state=8 room=91f8 x=1152 y=937 pose=0000 health=99/99 items=0000 missiles=0/5 phase=0 ledge=0 writes=4 station=18 joy=8240
STATION_FRAME 16561 state=8 room=91f8 x=1153 y=1137 pose=0000 health=99/99 items=0000 missiles=0/5 phase=0 ledge=0 writes=4 station=18 joy=8240
STATION_FRAME 16741 state=8 room=91f8 x=1153 y=1088 pose=0000 health=99/99 items=0000 missiles=0/5 phase=0 ledge=0 writes=4 station=18 joy=8240
v1=ff
v1=f8
v1=0
v1=fe
v1=fe
v1=0
STATION_FRAME 16921 state=8 room=91f8 x=834 y=1192 pose=000c health=99/99 items=0000 missiles=0/5 phase=0 ledge=0 writes=5 station=0 joy=8240
v1=0
v1=0
v1=0
v1=0
v1=0
v1=0
v1=0
v1=0
v1=0
STATION_FRAME 17101 state=8 room=91f8 x=36 y=1163 pose=000a health=99/99 items=0000 missiles=0/5 phase=0 ledge=0 writes=5 station=0 joy=8240
STATION_FRAME 17130 state=11 room=92fd x=17 y=1163 pose=000c health=99/99 items=0000 missiles=0/5 phase=0 ledge=0 writes=5 station=0 joy=0000
v1=fe
v1=fe
STATION_FRAME 17281 state=8 room=92fd x=1111 y=171 pose=000a health=99/99 items=0000 missiles=0/5 phase=0 ledge=0 writes=5 station=0 joy=8280
v1=ff
v1=fd
v1=fe
v1=fe
v1=fe
v1=fe
v1=fe
v1=fe
v1=fe
v1=fe
v1=fe
v1=fe
v1=fe
v1=fe
v1=fe
v1=fe
v1=fe
v1=fe
v1=0
v1=fe
STATION_FRAME 17461 state=8 room=92fd x=754 y=120 pose=001a health=99/99 items=0000 missiles=0/5 phase=0 ledge=0 writes=5 station=0 joy=8280
v1=fe
v1=fe
v1=fe
v1=fe
v1=0
v1=0
v1=fe
v1=fe
v1=fe
STATION_FRAME 17641 state=8 room=92fd x=373 y=231 pose=002a health=99/99 items=0000 missiles=0/5 phase=0 ledge=0 writes=5 station=0 joy=0000
v1=fe
v1=fe
v1=fe
v1=fe
v1=f8
v1=fe
v1=fe
v1=fe
v1=fe
v1=f8
v1=fe
v1=fe
v1=fe
v1=f8
STATION_FRAME 17821 state=8 room=92fd x=328 y=499 pose=0009 health=99/99 items=0000 missiles=0/5 phase=0 ledge=0 writes=5 station=0 joy=0100
v1=ff
v1=fe
v1=fe
v1=fe
v1=fe
v1=fe
v1=f8
v1=fe
v1=fe
v1=fe
v1=fe
v1=fe
STATION_FRAME 18001 state=8 room=92fd x=372 y=869 pose=002a health=99/99 items=0000 missiles=0/5 phase=0 ledge=0 writes=5 station=0 joy=0000
v1=fe
v1=fe
v1=fe
v1=fe
v1=fe
v1=fe
v1=fe
v1=fe
v1=fe
v1=fe
v1=fe
v1=f8
v1=f0
STATION_FRAME 18181 state=8 room=92fd x=372 y=1213 pose=006f health=99/99 items=0000 missiles=0/5 phase=0 ledge=0 writes=5 station=0 joy=8540
v1=f8
v1=fe
STATION_FRAME 18258 state=11 room=96ba x=375 y=1257 pose=002d health=99/99 items=0000 missiles=0/5 phase=0 ledge=0 writes=5 station=0 joy=0000
v1=f8
v1=fd
v1=fe
STATION_FRAME 18361 state=8 room=96ba x=367 y=72 pose=0052 health=99/99 items=0000 missiles=0/5 phase=0 ledge=0 writes=5 station=0 joy=02c0
v1=fe
v1=fe
v1=fe
v1=fe
v1=fe
v1=fe
v1=fe
v1=fe
v1=fe
v1=f8
v1=fe
v1=fe
v1=fe
v1=f8
v1=fe
v1=fe
v1=fe
v1=fe
v1=fe
v1=f8
STATION_FRAME 18541 state=8 room=96ba x=365 y=388 pose=0067 health=99/99 items=0000 missiles=0/5 phase=0 ledge=0 writes=5 station=0 joy=0040
v1=fe
v1=fe
v1=fe
v1=fe
v1=fe
v1=fe
v1=f8
v1=fe
v1=fe
v1=fe
v1=fe
v1=fe
v1=f8
STATION_FRAME 18721 state=8 room=96ba x=393 y=736 pose=0067 health=99/99 items=0000 missiles=0/5 phase=0 ledge=0 writes=5 station=0 joy=0140
v1=fe
v1=fe
v1=f8
v1=fe
v1=fe
v1=fe
v1=fe
v1=fe
v1=f8
v1=fe
v1=fe
v1=f8
STATION_FRAME 18901 state=8 room=96ba x=372 y=1048 pose=0068 health=99/99 items=0000 missiles=0/5 phase=0 ledge=0 writes=5 station=0 joy=0040
v1=fe
v1=fe
v1=fe
v1=fe
v1=fe
v1=f8
v1=fe
v1=fe
v1=f8
v1=fe
v1=fe
v1=fe
v1=fe
v1=fe
STATION_FRAME 19081 state=8 room=96ba x=372 y=1499 pose=0026 health=99/99 items=0000 missiles=0/5 phase=0 ledge=0 writes=5 station=0 joy=0140
v1=f8
v1=fe
v1=fe
v1=f8
v1=fe
v1=fe
v1=fe
v1=fe
v1=fe
v1=f8
v1=fe
v1=fe
v1=f8
STATION_FRAME 19261 state=8 room=96ba x=392 y=1803 pose=000c health=99/99 items=0000 missiles=0/5 phase=0 ledge=0 writes=5 station=0 joy=0240
v1=fe
v1=fe
v1=fe
v1=fe
v1=fe
v1=f8
v1=fe
v1=fe
v1=fe
v1=fe
v1=fe
v1=fe
v1=fe
STATION_FRAME 19441 state=8 room=96ba x=473 y=2171 pose=0067 health=99/99 items=0000 missiles=0/5 phase=0 ledge=0 writes=5 station=0 joy=0140
v1=fe
STATION_FRAME 19491 state=11 room=975c x=493 y=2187 pose=000b health=99/99 items=0000 missiles=0/5 phase=0 ledge=0 writes=5 station=0 joy=0000
v1=fe
STATION_FRAME 19621 state=8 room=975c x=102 y=143 pose=0019 health=99/99 items=0000 missiles=0/5 phase=0 ledge=0 writes=5 station=0 joy=81c0
v1=fe
v1=fe
v1=fe
v1=fd
v1=fe
v1=fe
v1=fe
v1=fe
v1=fe
v1=fe
v1=fe
v1=fe
v1=fe
v1=fe
v1=fe
v1=fe
v1=fe
v1=fe
v1=fe
v1=fe
v1=fe
v1=fe
v1=fe
v1=fe
v1=fe
v1=0
v1=ff
v1=fd
v1=fe
v1=fe
STATION_FRAME 19801 state=8 room=975c x=299 y=148 pose=0051 health=99/99 items=0000 missiles=0/5 phase=0 ledge=0 writes=5 station=0 joy=81c0
v1=fe
v1=fe
v1=fe
v1=fe
v1=fe
v1=fe
v1=fe
v1=fe
v1=fe
v1=fe
v1=fe
v1=fe
v1=fe
v1=fe
v1=fe
v1=fe
v1=fe
v1=fe
v1=fe
v1=fd
v1=fe
v1=fe
v1=fe
v1=fe
v1=fe
v1=fe
v1=fe
v1=fd
v1=fe
v1=fe
v1=fe
v1=fe
v1=fe
v1=fe
v1=fe
v1=fe
v1=fe
v1=fe
v1=fe
v1=fe
v1=fe
v1=fe
v1=fe
v1=fe
v1=fe
v1=fe
v1=fe
v1=fe
v1=fe
v1=fd
STATION_FRAME 19981 state=8 room=975c x=481 y=187 pose=004d health=99/99 items=0000 missiles=0/5 phase=0 ledge=0 writes=5 station=0 joy=81c0
v1=fe
v1=fe
v1=fe
v1=fe
v1=fe
v1=fe
v1=fe
v1=fd
v1=fe
v1=fe
v1=fe
v1=fe
v1=fe
v1=fe
v1=fe
v1=fe
v1=fe
v1=fe
v1=fe
v1=fe
v1=fe
v1=fe
v1=fe
v1=fe
v1=fe
v1=fe
v1=fe
v1=fe
v1=fe
v1=fd
v1=fe
v1=fe
v1=fe
v1=fe
v1=fe
v1=fe
v1=fe
v1=fd
v1=fe
v1=fe
STATION_FRAME 20161 state=8 room=975c x=651 y=148 pose=0051 health=99/99 items=0000 missiles=0/5 phase=0 ledge=0 writes=5 station=0 joy=81c0
v1=fe
v1=fe
v1=fe
v1=fe
v1=fe
v1=fe
v1=fe
v1=fe
v1=fe
v1=fe
v1=fe
v1=fe
v1=fe
v1=fe
v1=fe
v1=fe
v1=fe
v1=fe
v1=fe
v1=fd
v1=fe
v1=fe
v1=fe
v1=fe
v1=fe
v1=fe
v1=fe
v1=fe
v1=fe
v1=fe
v1=fe
v1=fe
v1=fe
v1=fe
v1=fe
v1=fe
v1=fe
v1=fe
v1=fe
STATION_FRAME 20305 state=11 room=97b5 x=748 y=139 pose=000b health=99/99 items=0000 missiles=0/5 phase=0 ledge=0 writes=5 station=0 joy=0000
STATION_FRAME 20341 state=11 room=97b5 x=9 y=139 pose=000b health=99/99 items=0000 missiles=0/5 phase=0 ledge=0 writes=5 station=0 joy=0000
v1=ff
v1=fd
v1=fd
v1=ff
v1=ff
v1=ff
v1=ff
v1=ff
v1=ff
v1=ff
STATION_FRAME 20521 state=9 room=97b5 x=128 y=235 pose=0000 health=99/99 items=0000 missiles=0/5 phase=0 ledge=0 writes=5 station=0 joy=0000
STATION_FRAME 20577 state=11 room=9e9f x=128 y=292 pose=0000 health=99/99 items=0000 missiles=0/5 phase=0 ledge=0 writes=5 station=0 joy=0000
v1=ff
v1=ff
v1=ff
v1=ff
v1=ff
STATION_FRAME 20701 state=8 room=9e9f x=1408 y=65 pose=0000 health=99/99 items=0000 missiles=0/5 phase=0 ledge=0 writes=5 station=0 joy=82c0
v1=ff
v1=ff
v1=ff
v1=ff
v1=ff
v1=ff
v1=ff
v1=ff
v1=ff
v1=ff
v1=ff
v1=ff
v1=ff
v1=ff
v1=ff
v1=ff
v1=ff
v1=ff
v1=ff
v1=ff
v1=ff
v1=ff
v1=ff
STATION_FRAME 20881 state=8 room=9e9f x=1408 y=335 pose=0000 health=99/99 items=0000 missiles=0/5 phase=0 ledge=0 writes=5 station=0 joy=82c0
v1=ff
v1=ff
v1=ff
v1=ff
v1=ff
v1=ff
v1=ff
v1=ff
v1=ff
v1=ff
v1=ff
v1=ff
v1=ff
v1=ff
v1=ff
v1=ff
v1=ff
v1=ff
v1=ff
v1=ff
v1=ff
v1=ff
STATION_FRAME 21061 state=8 room=9e9f x=1408 y=605 pose=0000 health=99/99 items=0000 missiles=0/5 phase=0 ledge=0 writes=5 station=0 joy=82c0
v1=ff
v1=ff
v1=ff
v1=ff
v1=ff
v1=ff
v1=ff
v1=fe
v1=fe
v1=fe
STATION_FRAME 21241 state=8 room=9e9f x=1285 y=681 pose=001a health=99/99 items=0000 missiles=0/5 phase=0 ledge=0 writes=5 station=0 joy=82c0
v1=fe
v1=fe
v1=fe
v1=fd
v1=fe
v1=fe
v1=fe
v1=fe
v1=fe
v1=fe
v1=fe
v1=fe
v1=0
v1=fe
v1=fe
v1=fe
v1=fe
v1=fe
v1=fd
STATION_FRAME 21421 state=8 room=9e9f x=1173 y=684 pose=0052 health=99/99 items=0000 missiles=0/5 phase=0 ledge=0 writes=5 station=0 joy=82c0
v1=fe
v1=fe
v1=fe
v1=fe
v1=fe
v1=fe
v1=fe
v1=fe
v1=fe
v1=fe
v1=fe
v1=fe
v1=fe
v1=fe
v1=fe
v1=fe
v1=fe
v1=fe
v1=fe
STATION_FRAME 21601 state=8 room=9e9f x=1103 y=639 pose=0052 health=99/99 items=0004 missiles=0/5 phase=0 ledge=0 writes=5 station=0 joy=0080
STATION_FRAME 21781 state=8 room=9e9f x=1103 y=639 pose=0052 health=99/99 items=0004 missiles=0/5 phase=0 ledge=0 writes=5 station=0 joy=0000
v1=fe
v1=fe
v1=f8
v1=fd
v1=f9
v1=ff
STATION_FRAME 21961 state=8 room=9e9f x=1169 y=681 pose=001e health=99/99 items=0004 missiles=0/5 phase=0 ledge=0 writes=5 station=0 joy=0100
v1=ff
v1=fd
v1=f6
v1=f9
v1=ff
v1=fd
v1=ff
v1=ff
v1=fd
STATION_FRAME 22141 state=8 room=9e9f x=1339 y=695 pose=0051 health=99/99 items=0004 missiles=0/5 phase=0 ledge=0 writes=5 station=0 joy=81c0
v1=fe
v1=fe
v1=fe
v1=fe
v1=fe
v1=fe
v1=0
v1=0
v1=0
v1=fe
v1=fe
STATION_FRAME 22321 state=8 room=9e9f x=1914 y=618 pose=0019 health=99/99 items=0004 missiles=0/5 phase=0 ledge=0 writes=5 station=0 joy=81c0
v1=fe
STATION_FRAME 22389 state=11 room=9f11 x=2031 y=651 pose=000b health=99/99 items=0004 missiles=0/5 phase=0 ledge=0 writes=5 station=0 joy=0000
v1=fe
STATION_FRAME 22501 state=8 room=9f11 x=89 y=100 pose=006b health=99/99 items=0004 missiles=0/5 phase=0 ledge=0 writes=5 station=0 joy=0540
v1=f0
v1=fe
v1=f8
v1=fd
v1=fe
v1=fe
v1=fe
v1=fe
v1=fe
v1=fe
STATION_FRAME 22681 state=8 room=9f11 x=135 y=382 pose=0017 health=99/99 items=0004 missiles=0/5 phase=0 ledge=0 writes=5 station=0 joy=0400
v1=fe
v1=f8
v1=fd
v1=f9
v1=ff
v1=fd
STATION_FRAME 22838 state=11 room=a107 x=17 y=395 pose=000c health=99/99 items=0004 missiles=0/5 phase=0 ledge=0 writes=5 station=0 joy=0000
STATION_FRAME 22861 state=11 room=a107 x=254 y=139 pose=000c health=99/99 items=0004 missiles=0/5 phase=0 ledge=0 writes=5 station=0 joy=0000
v1=fe
v1=fe
STATION_FRAME 23041 state=8 room=a107 x=85 y=139 pose=008a health=99/99 items=0004 missiles=5/5 phase=0 ledge=0 writes=5 station=0 joy=0000
STATION_FRAME 23221 state=8 room=a107 x=85 y=139 pose=008a health=99/99 items=0004 missiles=5/5 phase=0 ledge=0 writes=5 station=0 joy=0000
STATION_FRAME 23401 state=8 room=a107 x=85 y=139 pose=008a health=99/99 items=0004 missiles=5/5 phase=0 ledge=0 writes=5 station=0 joy=0000
v1=ff
v1=f8
v1=0
v1=0
STATION_FRAME 23502 state=11 room=9f11 x=239 y=139 pose=000b health=99/99 items=0004 missiles=4/5 phase=0 ledge=0 writes=5 station=0 joy=0000
STATION_FRAME 23581 state=11 room=9f11 x=39 y=395 pose=000b health=99/99 items=0004 missiles=4/5 phase=0 ledge=0 writes=5 station=0 joy=0000
v1=fd
v1=f9
v1=ff
v1=fd
v1=f6
v1=fd
v1=f8
v1=fe
v1=fe
v1=fe
v1=fe
v1=fe
v1=fe
v1=fe
STATION_FRAME 23761 state=8 room=9f11 x=112 y=305 pose=0052 health=99/99 items=0004 missiles=4/5 phase=0 ledge=0 writes=5 station=0 joy=8280
v1=fe
v1=fe
v1=fd
v1=fe
v1=fe
v1=fe
v1=fe
v1=fe
v1=fe
v1=f8
v1=fd
v1=fe
v1=fe
v1=fe
v1=fe
v1=fe
v1=fe
v1=fe
v1=f8
v1=fe
v1=fe
v1=fe
STATION_FRAME 23941 state=8 room=9f11 x=113 y=235 pose=0004 health=99/99 items=0004 missiles=4/5 phase=0 ledge=0 writes=5 station=0 joy=0840
v1=fe
v1=fe
v1=fe
v1=fd
v1=fe
v1=fe
v1=fe
v1=fe
v1=fe
v1=fe
v1=fe
v1=fe
v1=fe
v1=fe
v1=fe
v1=fe
v1=fe
v1=fe
v1=fe
v1=fe
v1=fe
v1=fe
v1=fe
v1=fe
v1=fd
STATION_FRAME 24121 state=8 room=9f11 x=101 y=134 pose=0052 health=99/99 items=0004 missiles=4/5 phase=0 ledge=0 writes=5 station=0 joy=8280
v1=fe
v1=fe
v1=fe
v1=fe
v1=fe
v1=fe
v1=fe
v1=fe
v1=fe
v1=fe
v1=fe
v1=fe
v1=fe
v1=fe
v1=fe
v1=fe
v1=fe
v1=fe
v1=fe
v1=fe
v1=fd
v1=fe
v1=fe
v1=fe
v1=fe
v1=fe
v1=fe
v1=fe
v1=fe
v1=fe
v1=fe
v1=fe
v1=fe
v1=fe
v1=fe
v1=fe
v1=fe
v1=fe
v1=fe
v1=fe
v1=fe
v1=fd
STATION_FRAME 24301 state=8 room=9f11 x=101 y=144 pose=004e health=99/99 items=0004 missiles=4/5 phase=0 ledge=0 writes=5 station=0 joy=8080
v1=fe
v1=fe
v1=fe
v1=fe
v1=fe
v1=fe
v1=fe
v1=fe
v1=fe
v1=fe
v1=fe
v1=fe
v1=fe
v1=fe
v1=fe
v1=fd
v1=fe
v1=fe
v1=fe
v1=fe
v1=fe
v1=fe
v1=fe
v1=fe
v1=fe
v1=fe
v1=fe
v1=fe
v1=fe
v1=fe
v1=fe
v1=fe
v1=fe
v1=fe
v1=fe
v1=fe
v1=fe
STATION_FRAME 24475 state=11 room=9e9f x=17 y=139 pose=000c health=99/99 items=0004 missiles=4/5 phase=0 ledge=0 writes=5 station=0 joy=0000
STATION_FRAME 24481 state=11 room=9e9f x=17 y=139 pose=000c health=99/99 items=0004 missiles=4/5 phase=0 ledge=0 writes=5 station=0 joy=0000
v1=fe
v1=fe
v1=fe
STATION_FRAME 24661 state=8 room=9e9f x=1826 y=675 pose=001a health=99/99 items=0004 missiles=4/5 phase=0 ledge=0 writes=5 station=0 joy=82c0
v1=0
v1=0
v1=fe
v1=fe
v1=fe
v1=fe
v1=0
v1=f8
STATION_FRAME 24841 state=8 room=9e9f x=1403 y=683 pose=0009 health=99/99 items=0004 missiles=4/5 phase=0 ledge=0 writes=5 station=0 joy=0100
v1=f8
v1=f8
v1=ff
v1=ff
v1=ff
v1=ff
v1=ff
v1=ff
v1=ff
v1=ff
v1=ff
v1=ff
v1=ff
v1=ff
v1=ff
v1=ff
v1=ff
STATION_FRAME 25021 state=8 room=9e9f x=1408 y=492 pose=0000 health=99/99 items=0004 missiles=4/5 phase=0 ledge=0 writes=5 station=0 joy=0000
v1=ff
v1=ff
v1=ff
v1=ff
v1=ff
v1=ff
v1=ff
v1=ff
v1=ff
v1=ff
v1=ff
v1=ff
v1=ff
v1=ff
v1=ff
v1=ff
v1=ff
v1=ff
v1=ff
v1=ff
v1=ff
v1=ff
v1=ff
STATION_FRAME 25201 state=8 room=9e9f x=1408 y=222 pose=0000 health=99/99 items=0004 missiles=4/5 phase=0 ledge=0 writes=5 station=0 joy=0000
v1=ff
v1=ff
v1=ff
v1=ff
v1=ff
v1=ff
v1=ff
v1=ff
v1=ff
v1=ff
v1=ff
v1=ff
v1=ff
v1=ff
v1=ff
v1=ff
v1=ff
v1=ff
v1=ff
STATION_FRAME 25370 state=11 room=97b5 x=1408 y=65531 pose=0000 health=99/99 items=0004 missiles=4/5 phase=0 ledge=0 writes=5 station=0 joy=0000
STATION_FRAME 25381 state=11 room=97b5 x=128 y=294 pose=0000 health=99/99 items=0004 missiles=4/5 phase=0 ledge=0 writes=5 station=0 joy=0000
STATION_FRAME 25561 state=8 room=97b5 x=127 y=139 pose=0025 health=99/99 items=0004 missiles=4/5 phase=0 ledge=0 writes=5 station=0 joy=8240
v1=f8
v1=0
STATION_FRAME 25624 state=11 room=975c x=17 y=139 pose=000c health=99/99 items=0004 missiles=4/5 phase=0 ledge=0 writes=5 station=0 joy=0000
STATION_FRAME 25741 state=8 room=975c x=681 y=147 pose=0068 health=99/99 items=0004 missiles=4/5 phase=0 ledge=0 writes=5 station=0 joy=8240
v1=fe
v1=fe
v1=ff
v1=ff
v1=fd
v1=fe
v1=fe
v1=fe
v1=fe
v1=fe
v1=fe
v1=fe
v1=fe
v1=fe
v1=fe
v1=fe
v1=fe
v1=fe
v1=fe
v1=fe
v1=fe
v1=fe
v1=fe
v1=fe
v1=fe
v1=fe
v1=fd
v1=fe
v1=fe
v1=fe
v1=fe
v1=fe
v1=fe
v1=fe
STATION_FRAME 25921 state=8 room=975c x=581 y=187 pose=008a health=99/99 items=0004 missiles=5/5 phase=0 ledge=0 writes=5 station=0 joy=8240
v1=fd
v1=fe
v1=fe
v1=fe
v1=fe
v1=fe
v1=fe
v1=fe
v1=fe
v1=fe
v1=fe
v1=fe
v1=fe
v1=fe
v1=fe
v1=fe
v1=fe
v1=fe
v1=fe
v1=fe
v1=fe
v1=fe
v1=fd
v1=fe
v1=fe
v1=fe
v1=fe
v1=fe
v1=fe
v1=fe
v1=fd
v1=fe
v1=fe
v1=fe
v1=fe
v1=fe
v1=fe
v1=fe
v1=fe
v1=fe
v1=fe
v1=fe
v1=fe
v1=fe
v1=fe
v1=fe
v1=fe
v1=fe
STATION_FRAME 26101 state=8 room=975c x=405 y=149 pose=0052 health=99/99 items=0004 missiles=5/5 phase=0 ledge=0 writes=5 station=0 joy=8240
v1=fe
v1=fe
v1=fe
v1=fe
v1=fd
v1=fe
v1=fe
v1=fe
v1=fe
v1=fe
v1=fe
v1=fe
v1=fd
v1=fe
v1=fe
v1=fe
v1=fe
v1=fe
v1=fe
v1=fe
v1=fe
v1=fe
v1=fe
v1=fe
v1=fe
v1=fe
v1=fe
v1=fe
v1=fe
v1=fe
v1=fe
v1=fe
v1=fe
v1=fe
v1=fd
v1=fe
v1=f8
v1=fe
v1=fe
v1=fe
STATION_FRAME 26281 state=8 room=975c x=299 y=187 pose=0089 health=99/99 items=0004 missiles=5/5 phase=0 ledge=0 writes=5 station=0 joy=8140
v1=fd
v1=fe
v1=fe
v1=fe
v1=fe
v1=fe
v1=fe
v1=fe
v1=fe
v1=fe
v1=fe
v1=fe
v1=fe
v1=fe
v1=fe
v1=fe
v1=fe
v1=fe
v1=fe
v1=fe
v1=fe
v1=fe
v1=fd
v1=fe
v1=fe
v1=fe
v1=fe
v1=fe
v1=fe
v1=fe
v1=fd
v1=fe
v1=fe
v1=fe
v1=fe
v1=fe
v1=fe
v1=fe
v1=fe
v1=fe
v1=fe
v1=fe
v1=fe
v1=fe
v1=fe
v1=fe
v1=fe
v1=fe
STATION_FRAME 26461 state=8 room=975c x=475 y=149 pose=0051 health=99/99 items=0004 missiles=5/5 phase=0 ledge=0 writes=5 station=0 joy=8140
v1=fe
v1=fe
v1=fe
v1=fe
v1=fd
v1=fe
v1=fe
v1=fe
v1=fe
v1=fe
v1=fe
v1=fe
v1=fd
v1=fe
v1=fe
v1=fe
v1=fe
v1=fe
v1=fe
v1=fe
v1=fe
v1=fe
v1=fe
v1=fe
v1=fe
v1=fe
v1=fe
v1=f8
v1=fe
v1=fe
v1=fe
v1=fe
v1=ff
v1=ff
v1=fd
v1=fe
v1=fe
STATION_FRAME 26641 state=8 room=975c x=581 y=144 pose=0052 health=99/99 items=0004 missiles=5/5 phase=0 ledge=0 writes=5 station=0 joy=82c0
v1=fe
v1=fe
v1=fe
v1=fe
v1=fe
v1=fe
v1=fe
v1=fe
v1=fe
v1=fe
v1=fe
v1=fe
v1=fe
v1=fe
v1=fe
v1=fe
v1=fe
v1=fe
v1=fe
v1=fd
v1=fe
v1=fe
v1=fe
v1=fe
v1=fe
v1=fe
v1=fe
v1=fd
v1=fe
v1=fe
v1=fe
v1=fe
v1=fe
v1=fe
v1=fe
v1=fe
v1=fe
v1=fe
v1=fe
v1=fe
v1=fe
v1=fe
v1=fe
v1=fe
v1=fe
v1=fe
v1=fe
v1=fe
v1=fe
v1=fd
STATION_FRAME 26821 state=8 room=975c x=398 y=183 pose=0052 health=99/99 items=0004 missiles=5/5 phase=0 ledge=0 writes=5 station=0 joy=82c0
v1=fe
v1=fe
v1=fe
v1=fe
v1=fe
v1=fe
v1=fe
v1=fd
v1=fe
v1=fe
v1=fe
v1=fe
v1=fe
v1=fe
v1=fe
v1=fe
v1=fe
v1=fe
v1=fe
v1=fe
v1=fe
v1=fe
v1=fe
v1=fe
v1=fe
v1=fe
v1=fe
v1=fe
v1=fe
v1=fd
v1=fe
v1=fe
v1=fe
v1=fe
v1=fe
v1=fe
v1=fe
v1=fd
v1=fe
v1=fe
STATION_FRAME 27001 state=8 room=975c x=197 y=144 pose=0052 health=99/99 items=0004 missiles=5/5 phase=0 ledge=0 writes=5 station=0 joy=82c0
v1=fe
v1=fe
v1=fe
v1=fe
v1=fe
v1=fe
v1=fe
v1=fe
v1=fe
v1=fe
v1=fe
v1=fe
v1=fe
v1=fe
v1=fe
v1=fe
v1=fe
v1=fe
v1=fe
v1=fd
v1=fe
v1=fe
v1=fe
v1=fe
v1=fe
v1=fe
v1=fe
v1=fe
v1=fe
v1=fe
v1=fe
v1=fe
v1=fe
v1=fe
v1=fe
v1=fe
v1=fe
v1=fe
v1=fe
v1=0
STATION_FRAME 27165 state=11 room=96ba x=19 y=139 pose=000c health=99/99 items=0004 missiles=5/5 phase=0 ledge=0 writes=5 station=0 joy=0000
STATION_FRAME 27181 state=11 room=96ba x=518 y=2187 pose=000c health=99/99 items=0004 missiles=5/5 phase=0 ledge=0 writes=5 station=0 joy=0000
v1=fe
v1=f8
v1=fe
v1=fe
v1=fe
v1=fe
STATION_FRAME 27361 state=8 room=96ba x=451 y=2020 pose=0051 health=99/99 items=0004 missiles=5/5 phase=0 ledge=0 writes=5 station=0 joy=81c0
v1=fe
v1=f8
v1=fd
v1=fe
v1=f0
v1=fe
v1=fe
v1=fe
STATION_FRAME 27541 state=8 room=96ba x=421 y=2093 pose=0013 health=84/99 items=0004 missiles=5/5 phase=0 ledge=0 writes=5 station=0 joy=8040
v1=f8
v1=fd
v1=f8
v1=fe
v1=fe
v1=fe
v1=fe
v1=fe
v1=fe
v1=fe
v1=f8
v1=fd
v1=fe
v1=fe
v1=fe
v1=fe
v1=fe
v1=fe
v1=fe
v1=fe
v1=fe
v1=fe
v1=fe
v1=fe
v1=fe
v1=fe
v1=fe
v1=fe
STATION_FRAME 27721 state=8 room=96ba x=387 y=1920 pose=0019 health=89/99 items=0004 missiles=5/5 phase=0 ledge=0 writes=5 station=0 joy=80c0
v1=fe
v1=fe
v1=fe
v1=f8
v1=fd
v1=fe
v1=fe
v1=f8
v1=fe
v1=fe
v1=fe
v1=fe
v1=fe
v1=fe
v1=f8
v1=fd
STATION_FRAME 27901 state=8 room=96ba x=434 y=1829 pose=0014 health=89/99 items=0004 missiles=5/5 phase=0 ledge=0 writes=5 station=0 joy=80c0
v1=fe
v1=fe
v1=fe
v1=fd
v1=fe
v1=fe
v1=fe
v1=fe
v1=fe
v1=fe
v1=fe
STATION_FRAME 28081 state=8 room=96ba x=401 y=1702 pose=001a health=89/99 items=0004 missiles=5/5 phase=0 ledge=0 writes=5 station=0 joy=8240
v1=fe
v1=fe
v1=fe
v1=fe
v1=fd
v1=f8
v1=fe
v1=fe
v1=fe
v1=f8
STATION_FRAME 28261 state=8 room=96ba x=451 y=1587 pose=00e7 health=89/99 items=0004 missiles=5/5 phase=0 ledge=0 writes=5 station=0 joy=8240
v1=fd
v1=fe
v1=fe
v1=fe
v1=fe
v1=fe
v1=fe
v1=fe
v1=fe
v1=fe
v1=fe
v1=fe
v1=fe
v1=fe
v1=fe
v1=fe
v1=fe
v1=fe
v1=fe
v1=fe
v1=fe
v1=fe
v1=fd
v1=fe
v1=fe
v1=fe
v1=fe
v1=fe
v1=fe
STATION_FRAME 28441 state=8 room=96ba x=403 y=1390 pose=001a health=89/99 items=0004 missiles=5/5 phase=0 ledge=0 writes=5 station=0 joy=8040
v1=fe
v1=fe
v1=fe
v1=fe
v1=fd
v1=f8
v1=fe
v1=fe
v1=fe
v1=fe
v1=fe
STATION_FRAME 28621 state=8 room=96ba x=452 y=1284 pose=0013 health=89/99 items=0004 missiles=5/5 phase=0 ledge=0 writes=5 station=0 joy=8040
v1=fe
v1=f8
v1=fd
v1=fe
v1=fe
v1=fe
v1=fe
v1=fe
v1=fe
v1=fe
v1=fe
v1=fe
v1=fe
v1=fe
v1=fe
v1=fe
v1=fe
v1=fe
v1=fd
v1=fe
v1=fe
v1=fe
v1=fe
v1=fe
STATION_FRAME 28801 state=8 room=96ba x=370 y=1189 pose=001a health=74/99 items=0004 missiles=5/5 phase=0 ledge=0 writes=5 station=0 joy=82c0
v1=fe
v1=fe
v1=fe
v1=fe
v1=fe
v1=fd
v1=fe
STATION_FRAME 28981 state=8 room=96ba x=428 y=1050 pose=0051 health=74/99 items=0004 missiles=5/5 phase=0 ledge=0 writes=5 station=0 joy=81c0
v1=fe
v1=fe
v1=fe
v1=fe
v1=fe
v1=fe
v1=f8
v1=fd
v1=fe
v1=fe
v1=fe
v1=fe
v1=fe
v1=fe
v1=fe
v1=fe
v1=fe
v1=fe
v1=fe
v1=fe
v1=fe
v1=fe
v1=fe
v1=fe
v1=fe
v1=fe
v1=fe
v1=fe
v1=fe
v1=fd
v1=fe
v1=fe
v1=fe
v1=fe
STATION_FRAME 29161 state=8 room=96ba x=376 y=987 pose=0052 health=94/99 items=0004 missiles=5/5 phase=0 ledge=0 writes=5 station=0 joy=82c0
v1=fe
v1=fe
v1=fe
v1=fe
v1=f8
v1=fe
v1=fe
v1=fe
STATION_FRAME 29341 state=8 room=96ba x=421 y=875 pose=00e6 health=94/99 items=0004 missiles=5/5 phase=0 ledge=0 writes=5 station=0 joy=8040
v1=fd
v1=fe
v1=fe
v1=fe
v1=fe
v1=f8
v1=fd
v1=fe
v1=f8
v1=f0
v1=fe
v1=f8
STATION_FRAME 29521 state=8 room=96ba x=420 y=817 pose=0019 health=79/99 items=0004 missiles=5/5 phase=0 ledge=0 writes=5 station=0 joy=80c0
v1=fe
v1=fe
v1=fe
v1=fe
v1=f8
v1=fd
v1=fe
v1=fe
v1=fe
v1=fe
v1=fe
v1=fe
v1=fe
v1=fe
v1=fe
v1=fe
v1=fe
v1=fd
v1=fe
STATION_FRAME 29701 state=8 room=96ba x=386 y=724 pose=006a health=79/99 items=0004 missiles=5/5 phase=0 ledge=0 writes=5 station=0 joy=82d0
v1=fd
v1=f8
v1=fe
v1=fe
v1=fe
v1=f8
v1=fd
v1=f8
v1=fe
v1=fe
v1=fe
v1=fe
v1=fe
v1=fe
v1=fe
STATION_FRAME 29881 state=8 room=96ba x=420 y=619 pose=00e6 health=79/99 items=0004 missiles=5/5 phase=0 ledge=0 writes=5 station=0 joy=8040
v1=fd
v1=fe
v1=fe
v1=fe
v1=fe
v1=fe
v1=f8
v1=fd
v1=fe
v1=fe
v1=fd
v1=f8
STATION_FRAME 30061 state=8 room=96ba x=422 y=548 pose=0069 health=64/99 items=0004 missiles=5/5 phase=0 ledge=0 writes=5 station=0 joy=81d0
v1=fe
v1=fe
v1=fe
v1=fe
v1=fe
v1=fe
v1=f8
v1=fd
v1=fe
v1=fe
v1=fe
v1=fe
v1=fe
v1=fe
v1=fe
v1=fe
v1=fe
v1=fe
v1=fe
v1=fe
v1=fe
v1=fe
v1=fe
v1=fe
v1=fe
v1=fe
v1=fe
v1=fe
v1=fe
v1=fd
v1=fe
v1=fe
v1=fe
STATION_FRAME 30241 state=8 room=96ba x=381 y=470 pose=0052 health=84/99 items=0004 missiles=5/5 phase=0 ledge=0 writes=5 station=0 joy=82c0
v1=fe
v1=fe
v1=fe
v1=fe
v1=f8
v1=fe
v1=fe
STATION_FRAME 30421 state=8 room=96ba x=421 y=353 pose=0013 health=84/99 items=0004 missiles=5/5 phase=0 ledge=0 writes=5 station=0 joy=8040
v1=fe
v1=fd
v1=fe
v1=fe
v1=fe
v1=fe
v1=fe
v1=f8
v1=fd
v1=f8
v1=fe
v1=fe
v1=fe
v1=fe
v1=fe
v1=fe
v1=fe
v1=fe
v1=fe
v1=fe
v1=fe
v1=fe
v1=fe
STATION_FRAME 30601 state=8 room=96ba x=428 y=198 pose=0051 health=74/99 items=0004 missiles=5/5 phase=0 ledge=0 writes=5 station=0 joy=8000
v1=fe
v1=fe
v1=fd
v1=f8
v1=fe
v1=fe
v1=fe
v1=fe
v1=fe
v1=fd
v1=f8
v1=fe
v1=fe
v1=fe
v1=fe
v1=fe
v1=fe
v1=f8
v1=fd
STATION_FRAME 30781 state=8 room=96ba x=376 y=93 pose=0015 health=74/99 items=0004 missiles=5/5 phase=0 ledge=0 writes=5 station=0 joy=08c0
v1=fe
v1=fe
v1=fe
v1=fe
v1=fd
v1=fe
STATION_FRAME 30898 state=11 room=92fd x=376 y=34 pose=0015 health=74/99 items=0004 missiles=5/5 phase=0 ledge=0 writes=5 station=0 joy=0000
STATION_FRAME 30961 state=11 room=92fd x=376 y=1211 pose=0015 health=74/99 items=0004 missiles=5/5 phase=0 ledge=0 writes=5 station=0 joy=0000
v1=fe
v1=ff
v1=ff
v1=ff
v1=fd
v1=f8
v1=fe
v1=fe
v1=fe
v1=fe
v1=fe
v1=fe
v1=fe
v1=fe
v1=fe
v1=fe
v1=fe
v1=fd
v1=f8
v1=fe
v1=fe
STATION_FRAME 31141 state=8 room=92fd x=400 y=1077 pose=0051 health=74/99 items=0004 missiles=5/5 phase=0 ledge=0 writes=5 station=0 joy=81c0
v1=fe
v1=fe
v1=fe
v1=fe
v1=fe
v1=f8
v1=fd
v1=fe
v1=fe
v1=fe
v1=fe
v1=fe
v1=fe
v1=fe
v1=fe
v1=fd
v1=f8
v1=fe
v1=fe
v1=fe
v1=fe
v1=fe
v1=fe
v1=fe
v1=fe
v1=fe
v1=fe
v1=fe
v1=fe
v1=fe
v1=fe
v1=fe
v1=fd
STATION_FRAME 31321 state=8 room=92fd x=395 y=992 pose=0030 health=74/99 items=0004 missiles=5/5 phase=0 ledge=0 writes=5 station=0 joy=8180
v1=f8
v1=fe
v1=fe
v1=fe
v1=fe
v1=fe
v1=fe
v1=fe
v1=fe
v1=fd
v1=f8
v1=fe
v1=fe
v1=fe
v1=fe
v1=fd
v1=f8
v1=fe
v1=fe
v1=fe
v1=fe
v1=fe
v1=fe
v1=fe
v1=fe
v1=fe
v1=fe
v1=fe
v1=fe
v1=fe
v1=fe
v1=fe
v1=fe
v1=fd
v1=f8
v1=fe
STATION_FRAME 31501 state=8 room=92fd x=444 y=1013 pose=0052 health=74/99 items=0004 missiles=5/5 phase=0 ledge=0 writes=5 station=0 joy=8280
v1=fe
v1=fe
v1=fe
v1=fe
v1=fe
v1=fe
v1=fe
v1=fe
v1=fe
v1=fe
v1=fe
v1=fe
v1=fe
v1=fe
v1=fe
v1=fe
v1=fd
v1=f8
v1=fe
v1=fe
v1=fe
v1=fe
v1=fe
v1=fe
v1=fe
v1=fe
v1=fe
v1=fe
v1=fe
v1=fe
v1=fe
v1=fe
v1=fe
v1=fd
v1=fe
v1=fe
v1=fe
v1=fe
v1=fe
v1=fe
v1=fe
STATION_FRAME 31681 state=8 room=92fd x=380 y=764 pose=004e health=69/99 items=0004 missiles=5/5 phase=0 ledge=0 writes=5 station=0 joy=8000
v1=fd
v1=f8
v1=fe
v1=fe
v1=fe
v1=fe
v1=fe
v1=fe
v1=fe
v1=fe
v1=fe
v1=fe
v1=fe
v1=fe
v1=fe
v1=fe
v1=fe
v1=fd
v1=f8
v1=fe
v1=fe
v1=fe
v1=fe
v1=fe
v1=fe
v1=fe
v1=fe
v1=fe
v1=fe
v1=fe
v1=fe
v1=fd
v1=f8
v1=fe
v1=fe
v1=fe
v1=fe
v1=fe
v1=fe
v1=fe
v1=fe
v1=fe
v1=fe
v1=fe
v1=fe
v1=fe
STATION_FRAME 31861 state=8 room=92fd x=432 y=619 pose=00a4 health=69/99 items=0004 missiles=5/5 phase=0 ledge=0 writes=5 station=0 joy=8100
v1=fd
v1=f8
v1=fe
v1=fe
v1=fe
v1=fe
v1=fe
v1=fe
v1=fe
v1=fe
v1=fd
v1=f8
v1=fe
v1=fe
v1=fe
v1=fe
v1=fe
v1=fe
v1=fe
v1=fe
v1=fe
v1=fe
v1=fe
v1=fe
v1=fe
v1=fe
v1=fe
v1=fd
v1=fe
v1=fe
v1=fe
STATION_FRAME 32041 state=8 room=92fd x=440 y=356 pose=0052 health=64/99 items=0004 missiles=5/5 phase=0 ledge=0 writes=5 station=0 joy=82c0
v1=fe
v1=fe
v1=fe
v1=fe
v1=fe
v1=fd
v1=f8
v1=fe
v1=fe
v1=fe
v1=fe
v1=fe
v1=fe
v1=fd
v1=fe
v1=fe
v1=fe
v1=fe
v1=f8
v1=fd
STATION_FRAME 32221 state=8 room=92fd x=377 y=212 pose=0051 health=59/99 items=0004 missiles=5/5 phase=0 ledge=0 writes=5 station=0 joy=81c0
v1=fe
v1=fe
v1=fe
v1=fe
v1=fe
v1=fe
v1=fe
v1=fe
v1=fe
v1=fe
v1=fe
v1=fe
v1=fe
v1=fe
v1=fe
v1=fe
v1=fe
v1=fe
v1=fd
v1=fe
v1=fe
v1=fe
v1=fe
v1=fe
v1=fe
v1=fe
v1=fe
v1=fe
v1=fe
v1=fe
v1=fe
v1=fe
v1=fe
v1=fe
STATION_FRAME 32401 state=8 room=92fd x=569 y=155 pose=004b health=59/99 items=0004 missiles=5/5 phase=0 ledge=0 writes=5 station=0 joy=81c0
v1=fd
v1=fe
v1=fe
v1=fe
v1=fe
v1=fe
v1=fe
v1=fe
v1=fe
v1=fe
v1=f8
v1=fd
STATION_FRAME 32581 state=8 room=92fd x=794 y=176 pose=0027 health=44/99 items=0004 missiles=5/5 phase=0 ledge=0 writes=5 station=0 joy=0400
v1=f9
v1=ff
v1=ff
v1=ff
v1=ff
v1=ff
STATION_FRAME 32761 state=8 room=92fd x=872 y=479 pose=0031 health=44/99 items=0004 missiles=5/5 phase=0 ledge=0 writes=5 station=0 joy=0000
v1=ff
v1=ff
v1=ff
v1=fd
v1=f6
v1=fd
v1=f8
v1=f8
v1=fe
v1=fe
v1=fe
v1=fe
v1=f8
v1=fd
v1=fe
v1=fe
v1=fe
v1=fe
v1=fe
v1=fd
STATION_FRAME 32941 state=8 room=92fd x=902 y=626 pose=0051 health=39/99 items=0004 missiles=5/5 phase=0 ledge=0 writes=5 station=0 joy=81c0
v1=fe
v1=fe
v1=fe
v1=fe
v1=fe
v1=fe
v1=fe
v1=fe
v1=fe
v1=fe
STATION_FRAME 33030 state=11 room=9879 x=1004 y=620 pose=0019 health=39/99 items=0004 missiles=5/5 phase=0 ledge=0 writes=5 station=0 joy=0000
STATION_FRAME 33121 state=11 room=9879 x=21 y=108 pose=0019 health=39/99 items=0004 missiles=5/5 phase=0 ledge=0 writes=5 station=0 joy=0000
v1=fe
v1=fe
v1=fe
v1=fe
v1=fe
v1=fe
v1=fe
v1=fe
v1=fe
v1=fe
v1=fe
v1=fe
v1=fe
v1=fe
v1=f8
v1=f8
v1=fe
v1=fe
v1=fe
v1=fe
v1=fe
STATION_FRAME 33301 state=8 room=9879 x=210 y=187 pose=000f health=39/99 items=0004 missiles=5/5 phase=0 ledge=0 writes=5 station=0 joy=81d0
v1=0
v1=f8
v1=f8
v1=f8
v1=fe
v1=fe
v1=f8
v1=fe
v1=fe
v1=fe
v1=fe
v1=fe
v1=f8
v1=fe
v1=fd
v1=f8
STATION_FRAME 33481 state=8 room=9879 x=271 y=101 pose=0051 health=36/99 items=0004 missiles=5/5 phase=0 ledge=0 writes=5 station=0 joy=81c0
v1=fe
v1=fe
v1=fe
v1=fe
v1=fe
v1=fe
v1=fe
v1=fe
v1=fe
v1=fe
v1=fe
v1=fe
v1=fe
v1=fe
v1=f0
v1=f8
v1=f0
v1=fd
v1=f8
v1=fe
v1=fe
v1=fe
v1=fe
v1=fe
v1=fe
v1=fe
v1=fe
v1=fe
v1=fe
v1=fe
v1=fe
v1=fe
v1=fe
STATION_FRAME 33661 state=8 room=9879 x=355 y=187 pose=000b health=53/99 items=0004 missiles=5/5 phase=0 ledge=0 writes=5 station=0 joy=0140
v1=ff
v1=f8
v1=fd
v1=fe
STATION_FRAME 33841 state=8 room=9879 x=393 y=160 pose=0052 health=53/99 items=0004 missiles=5/5 phase=0 ledge=0 writes=5 station=0 joy=82c0
v1=fe
v1=fe
v1=fe
v1=fe
v1=fe
v1=fe
v1=fe
v1=fe
v1=fe
v1=fe
v1=fe
v1=fe
v1=fe
v1=fe
v1=fe
v1=fe
v1=fe
v1=0
v1=0
v1=fe
v1=fe
v1=fe
STATION_FRAME 34021 state=11 room=9879 x=19 y=139 pose=00a7 health=53/99 items=0004 missiles=5/5 phase=0 ledge=0 writes=5 station=0 joy=0000
STATION_FRAME 34053 state=11 room=92fd x=19 y=139 pose=00a7 health=53/99 items=0004 missiles=5/5 phase=0 ledge=0 writes=5 station=0 joy=0000
v1=f8
v1=ff
STATION_FRAME 34201 state=11 room=92fd x=1007 y=651 pose=000b health=53/99 items=0004 missiles=5/5 phase=0 ledge=0 writes=5 station=0 joy=0000
STATION_FRAME 34206 state=11 room=9879 x=1007 y=651 pose=000b health=53/99 items=0004 missiles=5/5 phase=0 ledge=0 writes=5 station=0 joy=0000
v1=0
v1=f0
v1=f0
v1=fe
v1=f8
v1=f8
v1=f8
STATION_FRAME 34381 state=8 room=9879 x=188 y=187 pose=0026 health=45/99 items=0004 missiles=5/5 phase=0 ledge=0 writes=5 station=0 joy=8140
v1=f8
v1=f8
v1=fe
v1=fe
v1=fe
v1=fe
v1=f0
v1=fd
v1=fe
STATION_FRAME 34561 state=8 room=9879 x=186 y=75 pose=0068 health=59/99 items=0004 missiles=5/5 phase=0 ledge=0 writes=5 station=0 joy=8240
v1=f8
v1=f8
v1=f8
v1=fd
v1=f8
v1=f8
v1=f8
v1=fe
v1=fd
v1=fe
STATION_FRAME 34741 state=8 room=9879 x=173 y=180 pose=0016 health=51/99 items=0004 missiles=5/5 phase=0 ledge=0 writes=5 station=0 joy=88c0
v1=f8
v1=f8
v1=f8
v1=0
v1=fe
v1=f8
v1=f0
v1=f8
v1=f8
v1=f8
STATION_FRAME 34921 state=8 room=9879 x=240 y=123 pose=0050 health=35/99 items=0004 missiles=5/5 phase=0 ledge=0 writes=5 station=0 joy=82c0
v1=f8
v1=f8
v1=fe
v1=fe
v1=fe
v1=fe
v1=fe
v1=fe
v1=fe
v1=fe
v1=fe
v1=fe
v1=fe
v1=fe
v1=fe
v1=fe
v1=f8
v1=fe
v1=fe
v1=fe
v1=fe
v1=fe
v1=fe
v1=fe
STATION_FRAME 35101 state=8 room=9879 x=329 y=187 pose=000c health=35/99 items=0004 missiles=5/5 phase=0 ledge=0 writes=5 station=0 joy=8240
v1=fe
v1=fe
v1=fe
v1=fe
v1=0
v1=fd
v1=fe
v1=fe
v1=fe
v1=fe
v1=fe
v1=fe
v1=fe
v1=fe
v1=fe
v1=fe
v1=fe
v1=fe
v1=fe
v1=fe
v1=fe
v1=fe
v1=fe
STATION_FRAME 35281 state=8 room=9879 x=37 y=92 pose=0052 health=55/99 items=0004 missiles=5/5 phase=0 ledge=0 writes=5 station=0 joy=8240
v1=fe
v1=fe
v1=fe
v1=fe
v1=fe
v1=fe
STATION_FRAME 35324 state=11 room=92fd x=20 y=139 pose=000c health=55/99 items=0004 missiles=5/5 phase=0 ledge=0 writes=5 station=0 joy=0000
v1=f8
v1=ff
STATION_FRAME 35461 state=11 room=92fd x=1007 y=651 pose=000b health=55/99 items=0004 missiles=5/5 phase=0 ledge=0 writes=5 station=0 joy=0000
STATION_FRAME 35477 state=11 room=9879 x=1007 y=651 pose=000b health=55/99 items=0004 missiles=5/5 phase=0 ledge=0 writes=5 station=0 joy=0000
v1=0
v1=f0
v1=f0
v1=fe
v1=f8
STATION_FRAME 35641 state=8 room=9879 x=190 y=187 pose=008c health=47/99 items=0004 missiles=5/5 phase=0 ledge=0 writes=5 station=0 joy=8240
v1=f8
v1=f8
v1=f8
v1=f8
v1=fe
v1=fe
v1=fe
v1=fe
v1=f0
v1=fd
v1=fe
STATION_FRAME 35821 state=8 room=9879 x=176 y=78 pose=0014 health=79/99 items=0004 missiles=5/5 phase=0 ledge=0 writes=5 station=0 joy=80c0
v1=f8
v1=f8
v1=f8
v1=fd
v1=f8
v1=f8
v1=f8
v1=fe
v1=fd
STATION_FRAME 36001 state=8 room=9879 x=173 y=158 pose=0014 health=63/99 items=0004 missiles=5/5 phase=0 ledge=0 writes=5 station=0 joy=8040
v1=fe
v1=f8
v1=f8
v1=f8
v1=0
v1=fe
v1=f8
v1=f0
v1=f8
v1=f8
STATION_FRAME 36181 state=8 room=9879 x=239 y=169 pose=0016 health=55/99 items=0004 missiles=5/5 phase=0 ledge=0 writes=5 station=0 joy=88c0
v1=f8
v1=f8
v1=f8
v1=fe
v1=fe
v1=fe
v1=fe
v1=fe
v1=fe
v1=fe
v1=fe
v1=fe
v1=fe
v1=fe
v1=fe
v1=fe
v1=fe
v1=f8
v1=fe
v1=fe
v1=fe
v1=fe
v1=fe
STATION_FRAME 36361 state=8 room=9879 x=341 y=157 pose=0052 health=47/99 items=0004 missiles=5/5 phase=0 ledge=0 writes=5 station=0 joy=8240
v1=fe
v1=fe
v1=fe
v1=fe
v1=fe
v1=fe
v1=0
v1=fd
v1=fe
v1=fe
v1=fe
v1=fe
v1=fe
v1=fe
v1=fe
v1=fe
v1=fe
v1=fe
v1=fe
v1=fe
v1=fe
STATION_FRAME 36541 state=8 room=9879 x=51 y=80 pose=0052 health=47/99 items=0004 missiles=5/5 phase=0 ledge=0 writes=5 station=0 joy=8240
v1=fe
v1=fe
v1=fe
v1=fe
v1=fe
v1=fe
v1=fe
v1=fe
v1=fe
v1=fe
STATION_FRAME 36595 state=11 room=92fd x=20 y=139 pose=000c health=47/99 items=0004 missiles=5/5 phase=0 ledge=0 writes=5 station=0 joy=0000
v1=f8
v1=ff
STATION_FRAME 36721 state=8 room=92fd x=992 y=651 pose=000b health=47/99 items=0004 missiles=5/5 phase=0 ledge=0 writes=5 station=0 joy=8140
STATION_FRAME 36748 state=11 room=9879 x=1007 y=651 pose=000b health=47/99 items=0004 missiles=5/5 phase=0 ledge=0 writes=5 station=0 joy=0000
v1=0
v1=f0
v1=f0
v1=fe
STATION_FRAME 36901 state=8 room=9879 x=191 y=187 pose=008b health=47/99 items=0004 missiles=5/5 phase=0 ledge=0 writes=5 station=0 joy=8140
v1=f8
v1=f8
v1=f8
v1=f8
v1=f8
v1=fe
v1=fe
v1=fe
v1=fe
v1=f0
v1=fd
v1=fe
STATION_FRAME 37081 state=8 room=9879 x=182 y=92 pose=0052 health=71/99 items=0004 missiles=5/5 phase=0 ledge=0 writes=5 station=0 joy=82c0
v1=f8
v1=f8
v1=f8
v1=fd
v1=f8
v1=f8
v1=f8
v1=fe
v1=fd
STATION_FRAME 37261 state=8 room=9879 x=173 y=148 pose=0014 health=55/99 items=0004 missiles=5/5 phase=0 ledge=0 writes=5 station=0 joy=8040
v1=fe
v1=f8
v1=f8
v1=f8
v1=0
v1=fe
v1=f8
v1=f0
v1=f8
v1=f8
STATION_FRAME 37441 state=8 room=9879 x=266 y=187 pose=0010 health=47/99 items=0004 missiles=5/5 phase=0 ledge=0 writes=5 station=0 joy=8250
v1=f8
v1=f8
v1=f8
v1=fe
v1=fe
v1=fe
v1=fe
v1=fe
v1=fe
v1=fe
v1=fe
v1=fe
v1=fe
v1=fe
v1=fe
v1=fe
v1=fe
v1=f8
v1=fe
STATION_FRAME 37621 state=8 room=9879 x=355 y=118 pose=0052 health=59/99 items=0004 missiles=5/5 phase=0 ledge=0 writes=5 station=0 joy=82c0
v1=fe
v1=fe
v1=fe
v1=fe
v1=fe
v1=fe
v1=fe
v1=fe
v1=fe
v1=fe
v1=0
v1=fd
v1=fe
v1=fe
v1=fe
v1=fe
v1=fe
v1=fe
v1=fe
v1=fe
v1=fe
STATION_FRAME 37801 state=8 room=9879 x=65 y=86 pose=0052 health=79/99 items=0004 missiles=5/5 phase=0 ledge=0 writes=5 station=0 joy=82c0
v1=fe
v1=fe
v1=fe
v1=fe
v1=fe
v1=fe
v1=fe
v1=fe
v1=fe
v1=fe
v1=fe
v1=fe
v1=fe
v1=fe
STATION_FRAME 37866 state=11 room=92fd x=20 y=139 pose=000c health=79/99 items=0004 missiles=5/5 phase=0 ledge=0 writes=5 station=0 joy=0000
v1=f8
STATION_FRAME 37981 state=8 room=92fd x=987 y=651 pose=0089 health=79/99 items=0004 missiles=5/5 phase=0 ledge=0 writes=5 station=0 joy=8140
v1=ff
STATION_FRAME 38019 state=11 room=9879 x=1007 y=651 pose=000b health=79/99 items=0004 missiles=5/5 phase=0 ledge=0 writes=5 station=0 joy=0000
v1=0
v1=f0
v1=f0
v1=fe
STATION_FRAME 38161 state=8 room=9879 x=185 y=187 pose=000f health=79/99 items=0004 missiles=5/5 phase=0 ledge=0 writes=5 station=0 joy=81d0
v1=f8
v1=f8
v1=f8
v1=f8
v1=f8
v1=fe
v1=fe
v1=fe
v1=fe
v1=f0
v1=fd
STATION_FRAME 38341 state=8 room=9879 x=183 y=119 pose=0014 health=63/99 items=0004 missiles=5/5 phase=0 ledge=0 writes=5 station=0 joy=80c0
v1=fe
v1=f8
v1=f8
v1=f8
v1=fd
v1=f8
v1=f8
v1=f8
v1=fe
v1=fd
STATION_FRAME 38521 state=8 room=9879 x=173 y=183 pose=0016 health=52/99 items=0004 missiles=5/5 phase=0 ledge=0 writes=5 station=0 joy=88c0
v1=fe
v1=f8
v1=f8
v1=f8
v1=0
v1=fe
v1=f8
v1=f0
v1=f8
STATION_FRAME 38701 state=8 room=9879 x=274 y=187 pose=008b health=44/99 items=0004 missiles=5/5 phase=0 ledge=0 writes=5 station=0 joy=8250
v1=f8
v1=f8
v1=f8
v1=f8
v1=fe
v1=fe
v1=fe
v1=fe
v1=fe
v1=fe
v1=fe
v1=fe
v1=fe
v1=fe
v1=fe
v1=fe
v1=fe
v1=fe
STATION_FRAME 38881 state=8 room=9879 x=362 y=91 pose=002f health=36/99 items=0004 missiles=5/5 phase=0 ledge=0 writes=5 station=0 joy=82c0
v1=f8
v1=fe
v1=fe
v1=fe
v1=fe
v1=fe
v1=fe
v1=fe
v1=fe
v1=fe
v1=fe
v1=fe
v1=0
v1=fd
v1=fe
v1=fe
v1=fe
v1=fe
v1=fe
v1=fe
STATION_FRAME 39061 state=8 room=9879 x=79 y=108 pose=0052 health=41/99 items=0004 missiles=5/5 phase=0 ledge=0 writes=5 station=0 joy=82c0
v1=fe
v1=fe
v1=fe
v1=fe
v1=fe
v1=fe
v1=fe
v1=fe
v1=fe
v1=fe
v1=fe
v1=fe
v1=fe
v1=fe
v1=fe
v1=fe
v1=fe
STATION_FRAME 39137 state=11 room=92fd x=20 y=139 pose=000c health=41/99 items=0004 missiles=5/5 phase=0 ledge=0 writes=5 station=0 joy=0000
v1=f8
STATION_FRAME 39241 state=8 room=92fd x=987 y=651 pose=0089 health=41/99 items=0004 missiles=5/5 phase=0 ledge=0 writes=5 station=0 joy=8140
v1=ff
STATION_FRAME 39290 state=11 room=9879 x=1007 y=651 pose=000b health=41/99 items=0004 missiles=5/5 phase=0 ledge=0 writes=5 station=0 joy=0000
v1=0
v1=f0
v1=f0
v1=fe
STATION_FRAME 39421 state=8 room=9879 x=156 y=187 pose=000f health=41/99 items=0004 missiles=5/5 phase=0 ledge=0 writes=5 station=0 joy=81d0
v1=f8
v1=f8
v1=f8
v1=f8
v1=f8
v1=fe
v1=fe
v1=fe
v1=fe
v1=f0
v1=fd
STATION_FRAME 39601 state=8 room=9879 x=183 y=160 pose=0014 health=45/99 items=0004 missiles=5/5 phase=0 ledge=0 writes=5 station=0 joy=80c0
v1=fe
v1=f8
v1=f8
v1=f8
v1=fd
v1=f8
v1=f8
v1=f8
v1=fe
STATION_FRAME 39781 state=8 room=9879 x=177 y=178 pose=0016 health=34/99 items=0004 missiles=5/5 phase=0 ledge=0 writes=5 station=0 joy=8840
v1=fd
v1=fe
v1=f8
v1=f8
v1=f8
v1=0
v1=fe
v1=f8
v1=f0
v1=f8
STATION_FRAME 39961 state=8 room=9879 x=270 y=187 pose=000f health=26/99 items=0004 missiles=5/5 phase=0 ledge=0 writes=5 station=0 joy=8150
v1=f8
v1=f8
v1=f8
v1=f8
v1=fe
v1=fe
v1=fe
v1=fe
v1=fe
v1=fe
v1=fe
v1=fe
v1=fe
v1=fe
v1=fe
STATION_FRAME 40141 state=8 room=9879 x=343 y=78 pose=0051 health=38/99 items=0004 missiles=5/5 phase=0 ledge=0 writes=5 station=0 joy=8140
v1=fe
v1=fe
v1=fe
v1=f8
v1=fe
v1=fe
v1=fe
v1=fe
v1=fe
v1=fe
v1=fe
v1=fe
v1=fe
v1=fe
v1=fe
v1=0
v1=fd
v1=fe
v1=fe
STATION_FRAME 40321 state=8 room=9879 x=92 y=144 pose=0052 health=58/99 items=0004 missiles=5/5 phase=0 ledge=0 writes=5 station=0 joy=82c0
v1=fe
v1=fe
v1=fe
v1=fe
v1=fe
v1=fe
v1=fe
v1=fe
v1=fe
v1=fe
v1=fe
v1=fe
v1=fe
v1=fe
v1=fe
v1=fe
v1=fe
v1=fe
v1=fe
v1=fe
v1=fe
STATION_FRAME 40408 state=11 room=92fd x=20 y=139 pose=000c health=58/99 items=0004 missiles=5/5 phase=0 ledge=0 writes=5 station=0 joy=0000
STATION_FRAME 40501 state=8 room=92fd x=982 y=651 pose=0026 health=58/99 items=0004 missiles=5/5 phase=0 ledge=0 writes=5 station=0 joy=8140
v1=f8
v1=ff
STATION_FRAME 40561 state=11 room=9879 x=1007 y=651 pose=000b health=58/99 items=0004 missiles=5/5 phase=0 ledge=0 writes=5 station=0 joy=0000
v1=0
v1=f0
v1=f0
STATION_FRAME 40681 state=8 room=9879 x=135 y=175 pose=006d health=58/99 items=0004 missiles=5/5 phase=0 ledge=0 writes=5 station=0 joy=81d0
v1=fe
v1=f8
v1=f8
v1=f8
v1=f8
v1=f8
v1=fe
v1=fe
v1=fe
v1=fe
v1=f0
STATION_FRAME 40861 state=8 room=9879 x=183 y=178 pose=002c health=52/99 items=0004 missiles=5/5 phase=0 ledge=0 writes=5 station=0 joy=88c0
v1=fd
v1=fe
v1=f8
v1=f8
v1=f8
v1=fd
v1=f8
v1=f8
v1=f8
v1=fe
STATION_FRAME 41041 state=8 room=9879 x=179 y=132 pose=0014 health=56/99 items=0004 missiles=5/5 phase=0 ledge=0 writes=5 station=0 joy=8040
v1=fd
v1=fe
v1=f8
v1=f8
v1=f8
v1=0
v1=fe
v1=f8
v1=f0
STATION_FRAME 41221 state=8 room=9879 x=267 y=187 pose=00e3 health=48/99 items=0004 missiles=5/5 phase=0 ledge=0 writes=5 station=0 joy=8250
v1=f8
v1=f8
v1=f8
v1=f8
v1=f8
v1=fe
v1=fe
v1=fe
v1=fe
v1=fe
v1=fe
v1=fe
STATION_FRAME 41401 state=8 room=9879 x=324 y=78 pose=0051 health=60/99 items=0004 missiles=5/5 phase=0 ledge=0 writes=5 station=0 joy=81c0
v1=fe
v1=fe
v1=fe
v1=fe
v1=fe
v1=fe
v1=fe
v1=f8
v1=fe
v1=fe
v1=fe
v1=fe
v1=fe
v1=fe
v1=fe
v1=fe
v1=fe
v1=fe
v1=fe
v1=0
STATION_FRAME 41581 state=8 room=9879 x=101 y=187 pose=004c health=60/99 items=0004 missiles=5/5 phase=0 ledge=0 writes=5 station=0 joy=82c0
v1=fd
v1=fe
v1=fe
v1=fe
v1=fe
v1=fe
v1=fe
v1=fe
v1=fe
v1=fe
v1=fe
v1=fe
v1=fe
v1=fe
v1=fe
v1=fe
v1=fe
v1=fe
v1=fe
v1=fe
v1=fe
v1=fe
v1=fe
v1=fe
STATION_FRAME 41679 state=11 room=92fd x=20 y=139 pose=000c health=60/99 items=0004 missiles=5/5 phase=0 ledge=0 writes=5 station=0 joy=0000
STATION_FRAME 41761 state=11 room=92fd x=984 y=651 pose=000c health=60/99 items=0004 missiles=5/5 phase=0 ledge=0 writes=5 station=0 joy=0000
v1=f8
v1=ff
STATION_FRAME 41832 state=11 room=9879 x=1007 y=651 pose=000b health=60/99 items=0004 missiles=5/5 phase=0 ledge=0 writes=5 station=0 joy=0000
v1=0
v1=f0
v1=f0
STATION_FRAME 41941 state=8 room=9879 x=106 y=153 pose=006d health=60/99 items=0004 missiles=5/5 phase=0 ledge=0 writes=5 station=0 joy=81d0
v1=fe
v1=f8
v1=f8
v1=f8
v1=f8
v1=f8
v1=fe
v1=fe
v1=fe
v1=fe
STATION_FRAME 42121 state=8 room=9879 x=186 y=132 pose=002c health=64/99 items=0004 missiles=5/5 phase=0 ledge=0 writes=5 station=0 joy=8840
v1=f0
v1=fd
v1=fe
v1=f8
v1=f8
v1=f8
v1=fd
v1=f8
v1=f8
v1=f8
STATION_FRAME 42301 state=8 room=9879 x=179 y=100 pose=0014 health=73/99 items=0004 missiles=5/5 phase=0 ledge=0 writes=5 station=0 joy=8040
v1=fe
v1=fd
v1=fe
v1=f8
v1=f8
v1=f8
v1=0
v1=fe
v1=f8
STATION_FRAME 42481 state=8 room=9879 x=282 y=151 pose=0068 health=65/99 items=0004 missiles=5/5 phase=0 ledge=0 writes=5 station=0 joy=8240
v1=f0
v1=f8
v1=f8
v1=f8
v1=f8
v1=f8
v1=fe
v1=fe
v1=fe
v1=fe
STATION_FRAME 42661 state=8 room=9879 x=304 y=91 pose=0051 health=62/99 items=0004 missiles=5/5 phase=0 ledge=0 writes=5 station=0 joy=81c0
v1=fe
v1=fe
v1=fe
v1=fe
v1=fe
v1=fe
v1=fe
v1=fe
v1=fe
v1=fe
v1=f8
v1=fe
v1=fe
v1=fe
v1=fe
v1=fe
v1=fe
v1=fe
v1=fe
v1=fe
v1=fe
v1=fe
v1=0
STATION_FRAME 42841 state=8 room=9879 x=101 y=187 pose=008a health=62/99 items=0004 missiles=5/5 phase=0 ledge=0 writes=5 station=0 joy=8240
v1=fd
v1=fe
v1=fe
v1=fe
v1=fe
v1=fe
v1=fe
v1=fe
v1=fe
v1=fe
v1=fe
v1=fe
v1=fe
v1=fe
v1=fe
v1=fe
v1=fe
v1=fe
v1=fe
v1=fe
v1=fe
v1=fe
v1=fe
v1=fe
STATION_FRAME 42950 state=11 room=92fd x=20 y=139 pose=000c health=62/99 items=0004 missiles=5/5 phase=0 ledge=0 writes=5 station=0 joy=0000
STATION_FRAME 43021 state=11 room=92fd x=984 y=651 pose=000c health=62/99 items=0004 missiles=5/5 phase=0 ledge=0 writes=5 station=0 joy=0000
v1=f8
v1=ff
STATION_FRAME 43103 state=11 room=9879 x=1007 y=651 pose=000b health=62/99 items=0004 missiles=5/5 phase=0 ledge=0 writes=5 station=0 joy=0000
v1=0
STATION_FRAME 43201 state=8 room=9879 x=78 y=145 pose=006d health=62/99 items=0004 missiles=5/5 phase=0 ledge=0 writes=5 station=0 joy=8150
v1=f0
v1=f0
v1=fe
v1=f8
v1=f8
v1=f8
v1=f8
v1=f8
v1=fe
v1=fe
v1=fe
STATION_FRAME 43381 state=8 room=9879 x=186 y=100 pose=0068 health=66/99 items=0004 missiles=5/5 phase=0 ledge=0 writes=5 station=0 joy=8040
v1=fe
v1=f0
v1=fd
v1=fe
v1=f8
v1=f8
v1=f8
v1=fd
v1=f8
v1=f8
v1=f8
STATION_FRAME 43561 state=8 room=9879 x=180 y=81 pose=0014 health=50/99 items=0004 missiles=5/5 phase=0 ledge=0 writes=5 station=0 joy=8040
v1=fe
v1=fd
v1=fe
v1=f8
v1=f8
v1=f8
v1=0
v1=fe
STATION_FRAME 43741 state=8 room=9879 x=293 y=125 pose=0087 health=42/99 items=0004 missiles=5/5 phase=0 ledge=0 writes=5 station=0 joy=8240
v1=f8
v1=f0
v1=f8
v1=f8
v1=f8
v1=f8
v1=f8
STATION_FRAME 43921 state=8 room=9879 x=285 y=116 pose=0051 health=34/99 items=0004 missiles=5/5 phase=0 ledge=0 writes=5 station=0 joy=81c0
v1=fe
v1=fe
v1=fe
v1=fe
v1=fe
v1=fe
v1=fe
v1=fe
v1=fe
v1=fe
v1=fe
v1=fe
v1=fe
v1=fe
v1=f8
v1=fe
v1=fe
v1=fe
v1=fe
v1=fe
v1=fe
v1=fe
v1=fe
v1=fe
v1=fe
v1=fe
STATION_FRAME 44101 state=8 room=9879 x=140 y=187 pose=000c health=34/99 items=0004 missiles=5/5 phase=0 ledge=0 writes=5 station=0 joy=82c0
v1=0
v1=fd
v1=fe
v1=fe
v1=fe
v1=fe
v1=fe
v1=fe
v1=fe
v1=fe
v1=fe
v1=fe
v1=fe
v1=fe
v1=fe
v1=fe
v1=fe
v1=fe
v1=fe
v1=fe
v1=fe
v1=fe
v1=fe
v1=fe
v1=fe
STATION_FRAME 44221 state=11 room=92fd x=20 y=139 pose=000c health=34/99 items=0004 missiles=5/5 phase=0 ledge=0 writes=5 station=0 joy=0000
STATION_FRAME 44281 state=11 room=92fd x=996 y=651 pose=000c health=34/99 items=0004 missiles=5/5 phase=0 ledge=0 writes=5 station=0 joy=0000
v1=f8
v1=ff
STATION_FRAME 44374 state=11 room=9879 x=1007 y=651 pose=000b health=34/99 items=0004 missiles=5/5 phase=0 ledge=0 writes=5 station=0 joy=0000
STATION_FRAME 44461 state=8 room=9879 x=39 y=139 pose=000b health=34/99 items=0004 missiles=5/5 phase=0 ledge=0 writes=5 station=0 joy=0000
v1=0
v1=f0
v1=f0
v1=fe
v1=f8
v1=f8
v1=f8
v1=f8
v1=f8
v1=fe
v1=fe
STATION_FRAME 44641 state=8 room=9879 x=190 y=80 pose=0068 health=38/99 items=0004 missiles=5/5 phase=0 ledge=0 writes=5 station=0 joy=8240
v1=fe
v1=fe
v1=f0
v1=fd
v1=fe
v1=f8
v1=f8
v1=f8
v1=fd
v1=f8
v1=f8
v1=f8
STATION_FRAME 44821 state=8 room=9879 x=179 y=75 pose=004f health=62/99 items=0004 missiles=5/5 phase=0 ledge=0 writes=5 station=0 joy=80c0
v1=fe
v1=fd
v1=fe
v1=f8
v1=f8
v1=f8
v1=0
v1=fe
STATION_FRAME 45001 state=8 room=9879 x=293 y=111 pose=0067 health=54/99 items=0004 missiles=5/5 phase=0 ledge=0 writes=5 station=0 joy=8140
v1=f8
v1=f0
v1=f8
v1=f8
v1=f8
v1=f8
v1=f8
STATION_FRAME 45181 state=8 room=9879 x=266 y=156 pose=0069 health=46/99 items=0004 missiles=5/5 phase=0 ledge=0 writes=5 station=0 joy=81d0
v1=fe
v1=fe
v1=fe
v1=fe
v1=fe
v1=fe
v1=fe
v1=fe
v1=fe
v1=fe
v1=fe
v1=fe
v1=fe
v1=fe
v1=f8
v1=fe
v1=fe
v1=fe
v1=fe
v1=fe
v1=fe
v1=fe
v1=fe
v1=fe
v1=fe
v1=fe
STATION_FRAME 45361 state=8 room=9879 x=159 y=187 pose=000a health=66/99 items=0004 missiles=5/5 phase=0 ledge=0 writes=5 station=0 joy=82c0
v1=0
v1=fd
v1=fe
v1=fe
v1=fe
v1=fe
v1=fe
v1=fe
v1=fe
v1=fe
v1=fe
v1=fe
v1=fe
v1=fe
v1=fe
v1=fe
v1=fe
v1=fe
v1=fe
v1=fe
v1=fe
v1=fe
v1=fe
v1=fe
v1=fe
STATION_FRAME 45492 state=11 room=92fd x=20 y=139 pose=000c health=66/99 items=0004 missiles=5/5 phase=0 ledge=0 writes=5 station=0 joy=0000
STATION_FRAME 45541 state=11 room=92fd x=1005 y=651 pose=000c health=66/99 items=0004 missiles=5/5 phase=0 ledge=0 writes=5 station=0 joy=0000
v1=f8
v1=ff
STATION_FRAME 45645 state=11 room=9879 x=1007 y=651 pose=000b health=66/99 items=0004 missiles=5/5 phase=0 ledge=0 writes=5 station=0 joy=0000
STATION_FRAME 45721 state=11 room=9879 x=39 y=139 pose=000b health=66/99 items=0004 missiles=5/5 phase=0 ledge=0 writes=5 station=0 joy=0000
v1=0
v1=f0
v1=f0
v1=fe
v1=f8
v1=f8
v1=f8
v1=f8
v1=f8
v1=fe
v1=fe
STATION_FRAME 45901 state=8 room=9879 x=203 y=74 pose=002a health=55/99 items=0004 missiles=5/5 phase=0 ledge=0 writes=5 station=0 joy=8240
v1=fe
v1=fe
v1=f0
v1=fd
v1=fe
v1=f8
v1=f8
v1=f8
v1=fd
v1=f8
STATION_FRAME 46081 state=8 room=9879 x=178 y=82 pose=0030 health=67/99 items=0004 missiles=5/5 phase=0 ledge=0 writes=5 station=0 joy=82c0
v1=f8
v1=f8
v1=fe
v1=fd
v1=fe
v1=f8
v1=f8
v1=f8
v1=0
v1=fe
STATION_FRAME 46261 state=8 room=9879 x=310 y=121 pose=0053 health=51/99 items=0004 missiles=5/5 phase=0 ledge=0 writes=5 station=0 joy=80c0
v1=f8
v1=f0
v1=f8
v1=f8
v1=f8
v1=f8
v1=f8
STATION_FRAME 46441 state=8 room=9879 x=247 y=187 pose=000f health=43/99 items=0004 missiles=5/5 phase=0 ledge=0 writes=5 station=0 joy=8150
v1=fe
v1=fe
v1=fe
v1=fe
v1=fe
v1=fe
v1=fe
v1=fe
v1=fe
v1=fe
v1=fe
v1=fe
v1=fe
v1=fe
v1=f8
v1=fe
v1=fe
v1=fe
v1=fe
v1=fe
v1=fe
v1=fe
v1=fe
v1=fe
v1=fe
STATION_FRAME 46621 state=8 room=9879 x=179 y=151 pose=001a health=63/99 items=0004 missiles=5/5 phase=0 ledge=0 writes=5 station=0 joy=82c0
v1=fe
v1=0
v1=fd
v1=fe
v1=fe
v1=fe
v1=fe
v1=fe
v1=fe
v1=fe
v1=fe
v1=fe
v1=fe
v1=fe
v1=fe
v1=fe
v1=fe
v1=fe
v1=fe
v1=fe
v1=fe
v1=fe
v1=fe
v1=fe
v1=fe
v1=fe
STATION_FRAME 46763 state=11 room=92fd x=20 y=139 pose=000c health=63/99 items=0004 missiles=5/5 phase=0 ledge=0 writes=5 station=0 joy=0000
STATION_FRAME 46801 state=11 room=92fd x=1013 y=651 pose=000c health=63/99 items=0004 missiles=5/5 phase=0 ledge=0 writes=5 station=0 joy=0000
v1=f8
v1=ff
STATION_FRAME 46916 state=11 room=9879 x=1007 y=651 pose=000b health=63/99 items=0004 missiles=5/5 phase=0 ledge=0 writes=5 station=0 joy=0000
STATION_FRAME 46981 state=11 room=9879 x=34 y=139 pose=000b health=63/99 items=0004 missiles=5/5 phase=0 ledge=0 writes=5 station=0 joy=0000
v1=0
v1=f0
v1=f0
v1=fe
v1=f8
v1=f8
v1=f8
v1=f8
v1=f8
v1=fe
v1=fe
STATION_FRAME 47161 state=8 room=9879 x=191 y=76 pose=0014 health=60/99 items=0004 missiles=5/5 phase=0 ledge=0 writes=5 station=0 joy=80c0
v1=fe
v1=fe
v1=f0
v1=fd
v1=fe
v1=f8
v1=f8
v1=f8
v1=fd
v1=f8
STATION_FRAME 47341 state=8 room=9879 x=177 y=101 pose=0052 health=84/99 items=0004 missiles=5/5 phase=0 ledge=0 writes=5 station=0 joy=80c0
v1=f8
v1=f8
v1=fe
v1=fd
v1=fe
v1=f8
v1=f8
v1=f8
v1=0
STATION_FRAME 47521 state=8 room=9879 x=281 y=164 pose=0069 health=76/99 items=0004 missiles=5/5 phase=0 ledge=0 writes=5 station=0 joy=81d0
v1=fe
v1=f8
v1=f0
v1=f8
v1=f8
v1=f8
v1=f8
STATION_FRAME 47701 state=8 room=9879 x=241 y=187 pose=008c health=60/99 items=0004 missiles=5/5 phase=0 ledge=0 writes=5 station=0 joy=8150
v1=f8
v1=fe
v1=fe
v1=fe
v1=fe
v1=fe
v1=fe
v1=fe
v1=fe
v1=fe
v1=fe
v1=fe
v1=fe
v1=fe
v1=fe
v1=f8
v1=fe
v1=fe
v1=fe
v1=fe
v1=fe
v1=fe
v1=fe
v1=fe
v1=fe
v1=fe
STATION_FRAME 47881 state=8 room=9879 x=199 y=114 pose=001a health=60/99 items=0004 missiles=5/5 phase=0 ledge=0 writes=5 station=0 joy=82c0
v1=fe
v1=0
v1=fd
v1=fe
v1=fe
v1=fe
v1=fe
v1=fe
v1=fe
v1=fe
v1=fe
v1=fe
v1=fe
v1=fe
v1=fe
v1=fe
v1=fe
v1=fe
v1=fe
v1=fe
v1=fe
v1=fe
v1=fe
v1=fe
v1=fe
v1=fe
STATION_FRAME 48034 state=11 room=92fd x=20 y=139 pose=000c health=80/99 items=0004 missiles=5/5 phase=0 ledge=0 writes=5 station=0 joy=0000
STATION_FRAME 48061 state=11 room=92fd x=1022 y=651 pose=000c health=80/99 items=0004 missiles=5/5 phase=0 ledge=0 writes=5 station=0 joy=0000
v1=f8
v1=ff
STATION_FRAME 48187 state=11 room=9879 x=1007 y=651 pose=000b health=80/99 items=0004 missiles=5/5 phase=0 ledge=0 writes=5 station=0 joy=0000
STATION_FRAME 48241 state=11 room=9879 x=26 y=139 pose=000b health=80/99 items=0004 missiles=5/5 phase=0 ledge=0 writes=5 station=0 joy=0000
v1=0
v1=f0
v1=f0
v1=fe
v1=f8
v1=f8
v1=f8
v1=f8
v1=f8
v1=fe
STATION_FRAME 48421 state=8 room=9879 x=199 y=83 pose=0052 health=72/99 items=0004 missiles=5/5 phase=0 ledge=0 writes=5 station=0 joy=82c0
v1=fe
v1=fe
v1=fe
v1=f0
v1=fd
v1=fe
v1=f8
v1=f8
v1=f8
v1=fd
STATION_FRAME 48601 state=8 room=9879 x=178 y=133 pose=0013 health=56/99 items=0004 missiles=5/5 phase=0 ledge=0 writes=5 station=0 joy=80c0
v1=f8
v1=f8
v1=f8
v1=fe
v1=fd
v1=fe
v1=f8
v1=f8
v1=f8
v1=0
STATION_FRAME 48781 state=8 room=9879 x=240 y=187 pose=000f health=48/99 items=0004 missiles=5/5 phase=0 ledge=0 writes=5 station=0 joy=8150
v1=fe
v1=f8
v1=f0
v1=f8
v1=f8
v1=f8
v1=f8
STATION_FRAME 48961 state=8 room=9879 x=241 y=187 pose=0004 health=32/99 items=0004 missiles=5/5 phase=0 ledge=0 writes=5 station=0 joy=8840
v1=f8
v1=fe
v1=fe
v1=fe
v1=fe
v1=fe
v1=fe
v1=fe
v1=fe
v1=fe
v1=fe
v1=fe
v1=fe
v1=fe
v1=fe
v1=f8
v1=fe
v1=fe
v1=fe
v1=fe
v1=fe
v1=fe
v1=fe
v1=fe
v1=fe
STATION_FRAME 49141 state=8 room=9879 x=220 y=90 pose=001a health=37/99 items=0004 missiles=5/5 phase=0 ledge=0 writes=5 station=0 joy=8240
v1=fe
v1=fe
v1=0
v1=fd
v1=fe
v1=fe
v1=fe
v1=fe
v1=fe
v1=fe
v1=fe
v1=fe
v1=fe
v1=fe
v1=fe
v1=fe
v1=fe
v1=fe
v1=fe
v1=fe
v1=fe
v1=fe
v1=fe
v1=fe
v1=fe
v1=fe
v1=fe
STATION_FRAME 49305 state=11 room=92fd x=20 y=139 pose=000c health=57/99 items=0004 missiles=5/5 phase=0 ledge=0 writes=5 station=0 joy=0000
STATION_FRAME 49321 state=11 room=92fd x=1031 y=651 pose=000c health=57/99 items=0004 missiles=5/5 phase=0 ledge=0 writes=5 station=0 joy=0000
v1=f8
v1=ff
STATION_FRAME 49458 state=11 room=9879 x=1007 y=651 pose=000b health=57/99 items=0004 missiles=5/5 phase=0 ledge=0 writes=5 station=0 joy=0000
STATION_FRAME 49501 state=11 room=9879 x=17 y=139 pose=000b health=57/99 items=0004 missiles=5/5 phase=0 ledge=0 writes=5 station=0 joy=0000
v1=0
v1=f0
v1=f0
v1=fe
v1=f8
v1=f8
v1=f8
v1=f8
v1=f8
STATION_FRAME 49681 state=8 room=9879 x=212 y=103 pose=006a health=54/99 items=0004 missiles=5/5 phase=0 ledge=0 writes=5 station=0 joy=82d0
v1=fe
v1=fe
v1=fe
v1=fe
v1=f0
v1=fd
v1=fe
v1=f8
v1=f8
v1=f8
v1=fd
STATION_FRAME 49861 state=8 room=9879 x=178 y=178 pose=0069 health=58/99 items=0004 missiles=5/5 phase=0 ledge=0 writes=5 station=0 joy=81d0
v1=f8
v1=f8
v1=f8
v1=fe
v1=fd
v1=fe
v1=f8
v1=f8
v1=f8
STATION_FRAME 50041 state=8 room=9879 x=197 y=187 pose=000f health=50/99 items=0004 missiles=5/5 phase=0 ledge=0 writes=5 station=0 joy=8150
v1=0
v1=fe
v1=f8
v1=f0
v1=f8
v1=f8
v1=f8
STATION_FRAME 50221 state=8 room=9879 x=243 y=187 pose=0003 health=34/99 items=0004 missiles=5/5 phase=0 ledge=0 writes=5 station=0 joy=8840
v1=f8
v1=f8
v1=fe
v1=fe
v1=fe
v1=fe
v1=fe
v1=fe
v1=fe
v1=fe
v1=fe
v1=fe
v1=fe
v1=fe
v1=fe
v1=fe
v1=f8
v1=fe
v1=fe
v1=fe
v1=fe
v1=fe
v1=fe
v1=fe
v1=fe
STATION_FRAME 50401 state=8 room=9879 x=241 y=79 pose=001a health=34/99 items=0004 missiles=5/5 phase=0 ledge=0 writes=5 station=0 joy=8240
v1=fe
v1=fe
v1=fe
v1=0
v1=fd
v1=fe
v1=fe
v1=fe
v1=fe
v1=fe
v1=fe
v1=fe
v1=fe
v1=fe
v1=fe
v1=fe
v1=fe
v1=fe
v1=fe
v1=fe
v1=fe
v1=fe
v1=fe
v1=fe
v1=fe
v1=fe
v1=fe
v1=fe
STATION_FRAME 50576 state=11 room=92fd x=20 y=139 pose=000c health=34/99 items=0004 missiles=5/5 phase=0 ledge=0 writes=5 station=0 joy=0000
STATION_FRAME 50581 state=11 room=92fd x=1039 y=651 pose=000c health=34/99 items=0004 missiles=5/5 phase=0 ledge=0 writes=5 station=0 joy=0000
v1=f8
v1=ff
STATION_FRAME 50729 state=11 room=9879 x=1007 y=651 pose=000b health=34/99 items=0004 missiles=5/5 phase=0 ledge=0 writes=5 station=0 joy=0000
STATION_FRAME 50761 state=11 room=9879 x=9 y=139 pose=000b health=34/99 items=0004 missiles=5/5 phase=0 ledge=0 writes=5 station=0 joy=0000
v1=0
v1=f0
v1=f0
v1=fe
v1=f8
v1=f8
v1=f8
v1=f8
v1=f8
STATION_FRAME 50941 state=8 room=9879 x=226 y=136 pose=006a health=46/99 items=0004 missiles=5/5 phase=0 ledge=0 writes=5 station=0 joy=82d0
v1=fe
v1=fe
v1=fe
v1=fe
v1=f0
v1=fd
v1=fe
v1=f8
v1=f8
v1=f8
STATION_FRAME 51121 state=8 room=9879 x=174 y=160 pose=0067 health=40/99 items=0004 missiles=5/5 phase=0 ledge=0 writes=5 station=0 joy=8040
v1=fd
v1=f8
v1=f8
v1=f8
v1=fe
v1=fd
v1=fe
v1=f8
v1=f8
v1=f8
STATION_FRAME 51301 state=8 room=9879 x=177 y=187 pose=000f health=32/99 items=0004 missiles=5/5 phase=0 ledge=0 writes=5 station=0 joy=8150
v1=0
v1=fe
v1=f8
v1=f0
v1=f8
v1=f8
v1=f8
STATION_FRAME 51481 state=8 room=9879 x=243 y=187 pose=0015 health=16/99 items=0004 missiles=5/5 phase=0 ledge=0 writes=5 station=0 joy=8840
v1=f8
v1=f8
v1=fe
v1=fe
v1=fe
v1=fe
v1=fe
v1=fe
v1=fe
v1=fe
v1=fe
v1=fe
v1=fe
v1=fe
v1=fe
v1=fe
v1=f8
v1=fe
v1=fe
v1=fe
v1=fe
v1=fe
v1=fe
v1=fe
v1=fe
STATION_FRAME 51661 state=8 room=9879 x=261 y=86 pose=001a health=21/99 items=0004 missiles=5/5 phase=0 ledge=0 writes=5 station=0 joy=82c0
v1=fe
v1=fe
v1=fe
v1=0
v1=fd
v1=fe
v1=fe
v1=fe
v1=fe
v1=fe
v1=fe
v1=fe
v1=fe
v1=fe
v1=fe
v1=fe
v1=fe
v1=fe
v1=fe
v1=fe
v1=fe
v1=fe
v1=fe
v1=fe
v1=fe
v1=fe
v1=fe
v1=fe
STATION_FRAME 51841 state=11 room=9879 x=20 y=139 pose=000c health=26/99 items=0004 missiles=5/5 phase=0 ledge=0 writes=5 station=0 joy=0000
STATION_FRAME 51847 state=11 room=92fd x=20 y=139 pose=000c health=26/99 items=0004 missiles=5/5 phase=0 ledge=0 writes=5 station=0 joy=0000
v1=f8
v1=ff
STATION_FRAME 52000 state=11 room=9879 x=1007 y=651 pose=000b health=26/99 items=0004 missiles=5/5 phase=0 ledge=0 writes=5 station=0 joy=0000
STATION_FRAME 52021 state=11 room=9879 x=0 y=139 pose=000b health=26/99 items=0004 missiles=5/5 phase=0 ledge=0 writes=5 station=0 joy=0000
v1=0
v1=f0
v1=f0
v1=fe
v1=f8
v1=f8
v1=f8
v1=f8
STATION_FRAME 52201 state=8 room=9879 x=226 y=183 pose=0015 health=18/99 items=0004 missiles=5/5 phase=0 ledge=0 writes=5 station=0 joy=88c0
v1=f8
v1=fe
v1=fe
v1=fe
v1=fe
v1=f0
v1=fd
v1=fe
v1=f8
v1=f8
STATION_FRAME 52381 state=8 room=9879 x=177 y=119 pose=0068 health=62/99 items=0004 missiles=5/5 phase=0 ledge=0 writes=5 station=0 joy=8040
v1=f8
v1=fd
v1=f8
v1=f8
v1=f8
v1=fe
v1=fd
v1=fe
v1=f8
STATION_FRAME 52561 state=8 room=9879 x=174 y=187 pose=008b health=54/99 items=0004 missiles=5/5 phase=0 ledge=0 writes=5 station=0 joy=8150
v1=f8
v1=f8
v1=0
v1=fe
v1=f8
v1=f0
v1=f8
v1=f8
v1=f8
STATION_FRAME 52741 state=8 room=9879 x=241 y=151 pose=0013 health=38/99 items=0004 missiles=5/5 phase=0 ledge=0 writes=5 station=0 joy=80c0
v1=f8
v1=f8
v1=fe
v1=fe
v1=fe
v1=fe
v1=fe
v1=fe
v1=fe
v1=fe
v1=fe
v1=fe
v1=fe
v1=fe
v1=fe
v1=fe
v1=f8
v1=fe
v1=fe
v1=fe
v1=fe
v1=fe
v1=fe
v1=fe
STATION_FRAME 52921 state=8 room=9879 x=282 y=108 pose=001a health=58/99 items=0004 missiles=5/5 phase=0 ledge=0 writes=5 station=0 joy=82c0
v1=fe
v1=fe
v1=fe
v1=fe
v1=0
v1=fd
v1=fe
v1=fe
v1=fe
v1=fe
v1=fe
v1=fe
v1=fe
v1=fe
v1=fe
v1=fe
v1=fe
v1=fe
v1=fe
v1=fe
v1=fe
v1=fe
v1=fe
v1=fe
v1=fe
v1=fe
v1=fe
v1=fe
v1=fe
STATION_FRAME 53101 state=11 room=9879 x=20 y=139 pose=000c health=63/99 items=0004 missiles=5/5 phase=0 ledge=0 writes=5 station=0 joy=0000
STATION_FRAME 53118 state=11 room=92fd x=20 y=139 pose=000c health=63/99 items=0004 missiles=5/5 phase=0 ledge=0 writes=5 station=0 joy=0000
v1=f8
v1=ff
STATION_FRAME 53271 state=11 room=9879 x=1007 y=651 pose=000b health=63/99 items=0004 missiles=5/5 phase=0 ledge=0 writes=5 station=0 joy=0000
STATION_FRAME 53281 state=11 room=9879 x=65527 y=139 pose=000b health=63/99 items=0004 missiles=5/5 phase=0 ledge=0 writes=5 station=0 joy=0000
v1=0
v1=f0
v1=f0
v1=fe
v1=f8
v1=f8
v1=f8
v1=f8
STATION_FRAME 53461 state=8 room=9879 x=203 y=187 pose=000b health=55/99 items=0004 missiles=5/5 phase=0 ledge=0 writes=5 station=0 joy=8140
v1=f8
v1=fe
v1=fe
v1=fe
v1=fe
v1=f0
v1=fd
v1=fe
v1=f8
v1=f8
STATION_FRAME 53641 state=8 room=9879 x=182 y=91 pose=0068 health=69/99 items=0004 missiles=5/5 phase=0 ledge=0 writes=5 station=0 joy=8240
v1=f8
v1=fd
v1=f8
v1=f8
v1=f8
v1=fe
v1=fd
v1=fe
v1=f8
STATION_FRAME 53821 state=8 room=9879 x=175 y=187 pose=0003 health=61/99 items=0004 missiles=5/5 phase=0 ledge=0 writes=5 station=0 joy=8840
v1=f8
v1=f8
v1=0
v1=fe
v1=f8
v1=f0
v1=f8
v1=f8
v1=f8
STATION_FRAME 54001 state=8 room=9879 x=239 y=128 pose=0051 health=45/99 items=0004 missiles=5/5 phase=0 ledge=0 writes=5 station=0 joy=81c0
v1=f8
v1=f8
v1=fe
v1=fe
v1=fe
v1=fe
v1=fe
v1=fe
v1=fe
v1=fe
v1=fe
v1=fe
v1=fe
v1=fe
v1=fe
v1=fe
v1=f8
v1=fe
v1=fe
v1=fe
v1=fe
v1=fe
v1=fe
v1=fe
STATION_FRAME 54181 state=8 room=9879 x=303 y=144 pose=001a health=50/99 items=0004 missiles=5/5 phase=0 ledge=0 writes=5 station=0 joy=82c0
v1=fe
v1=fe
v1=fe
v1=fe
v1=0
v1=fd
v1=fe
v1=fe
v1=fe
v1=fe
v1=fe
v1=fe
v1=fe
v1=fe
v1=fe
v1=fe
v1=fe
v1=fe
v1=fe
v1=fe
v1=fe
v1=fe
v1=fe
v1=fe
v1=fe
v1=fe
v1=fe
v1=fe
STATION_FRAME 54361 state=8 room=9879 x=31 y=130 pose=0052 health=50/99 items=0004 missiles=5/5 phase=0 ledge=0 writes=5 station=0 joy=82c0
v1=fe
STATION_FRAME 54389 state=11 room=92fd x=20 y=139 pose=000c health=50/99 items=0004 missiles=5/5 phase=0 ledge=0 writes=5 station=0 joy=0000
v1=f8
v1=ff
STATION_FRAME 54541 state=11 room=92fd x=1007 y=651 pose=000b health=50/99 items=0004 missiles=5/5 phase=0 ledge=0 writes=5 station=0 joy=0000
STATION_FRAME 54542 state=11 room=9879 x=1007 y=651 pose=000b health=50/99 items=0004 missiles=5/5 phase=0 ledge=0 writes=5 station=0 joy=0000
v1=0
v1=f0
v1=f0
v1=fe
v1=f8
v1=f8
v1=f8
STATION_FRAME 54721 state=8 room=9879 x=189 y=187 pose=0026 health=42/99 items=0004 missiles=5/5 phase=0 ledge=0 writes=5 station=0 joy=8140
v1=f8
v1=f8
v1=fe
v1=fe
v1=fe
v1=fe
v1=f0
v1=fd
v1=fe
STATION_FRAME 54901 state=8 room=9879 x=182 y=77 pose=0088 health=31/99 items=0004 missiles=5/5 phase=0 ledge=0 writes=5 station=0 joy=8140
v1=f8
v1=f8
v1=f8
v1=fd
v1=f8
v1=f8
v1=f8
v1=fe
v1=fd
v1=fe
STATION_FRAME 55081 state=8 room=9879 x=173 y=187 pose=00e1 health=23/99 items=0004 missiles=5/5 phase=0 ledge=0 writes=5 station=0 joy=88c0
v1=f8
v1=f8
v1=f8
v1=0
v1=fe
v1=f8
v1=f0
v1=f8
v1=f8
v1=f8
STATION_FRAME 55261 state=8 room=9879 x=231 y=118 pose=0013 health=7/99 items=0004 missiles=5/5 phase=0 ledge=0 writes=5 station=0 joy=80c0
v1=f8
v1=f8
v1=fe
v1=fe
v1=fe
v1=fe
v1=fe
v1=fe
v1=fe
v1=fe
v1=fe
v1=fe
v1=fe
v1=fe
v1=fe
v1=fe
v1=f8
v1=fe
v1=fe
v1=fe
v1=fe
v1=fe
v1=fe
v1=fe
STATION_FRAME 55441 state=8 room=9879 x=323 y=187 pose=000c health=12/99 items=0004 missiles=5/5 phase=0 ledge=0 writes=5 station=0 joy=8240
v1=fe
v1=fe
v1=fe
v1=fe
v1=0
v1=fd
v1=fe
v1=fe
v1=fe
v1=fe
v1=fe
v1=fe
v1=fe
v1=fe
v1=fe
v1=fe
v1=fe
v1=fe
v1=fe
v1=fe
v1=fe
v1=fe
v1=fe
v1=fe
STATION_FRAME 55621 state=8 room=9879 x=37 y=100 pose=0052 health=32/99 items=0004 missiles=5/5 phase=0 ledge=0 writes=5 station=0 joy=8240
v1=fe
v1=fe
v1=fe
v1=fe
v1=fe
STATION_FRAME 55660 state=11 room=92fd x=20 y=139 pose=000c health=32/99 items=0004 missiles=5/5 phase=0 ledge=0 writes=5 station=0 joy=0000
v1=f8
v1=ff
STATION_FRAME 55801 state=11 room=92fd x=1007 y=651 pose=000b health=32/99 items=0004 missiles=5/5 phase=0 ledge=0 writes=5 station=0 joy=0000
STATION_FRAME 55813 state=11 room=9879 x=1007 y=651 pose=000b health=32/99 items=0004 missiles=5/5 phase=0 ledge=0 writes=5 station=0 joy=0000
v1=0
v1=f0
v1=f0
v1=fe
v1=f8
v1=f8
STATION_FRAME 55981 state=8 room=9879 x=190 y=187 pose=008b health=24/99 items=0004 missiles=5/5 phase=0 ledge=0 writes=5 station=0 joy=8240
v1=f8
v1=f8
v1=f8
v1=fe
v1=fe
v1=fe
v1=fe
v1=f0
v1=fd
v1=fe
STATION_FRAME 56161 state=8 room=9879 x=181 y=69 pose=0054 health=53/99 items=0004 missiles=5/5 phase=0 ledge=0 writes=5 station=0 joy=82c0
v1=f8
v1=f8
v1=f8
v1=fd
v1=f8
v1=f8
v1=f8
v1=fe
v1=fd
v1=fe
STATION_FRAME 56341 state=8 room=9879 x=173 y=164 pose=0014 health=45/99 items=0004 missiles=5/5 phase=0 ledge=0 writes=5 station=0 joy=80c0
v1=f8
v1=f8
v1=f8
v1=0
v1=fe
v1=f8
v1=f0
v1=f8
v1=f8
STATION_FRAME 56521 state=8 room=9879 x=232 y=152 pose=0090 health=37/99 items=0004 missiles=5/5 phase=0 ledge=0 writes=5 station=0 joy=88c0
v1=f8
v1=f8
v1=f8
v1=fe
v1=fe
v1=fe
v1=fe
v1=fe
v1=fe
v1=fe
v1=fe
v1=fe
v1=fe
v1=fe
v1=fe
v1=fe
v1=fe
v1=f8
v1=fe
v1=fe
v1=fe
v1=fe
v1=fe
v1=fe
STATION_FRAME 56701 state=8 room=9879 x=336 y=175 pose=0052 health=34/99 items=0004 missiles=5/5 phase=0 ledge=0 writes=5 station=0 joy=8240
v1=fe
v1=fe
v1=fe
v1=fe
v1=fe
v1=0
v1=fd
v1=fe
v1=fe
v1=fe
v1=fe
v1=fe
v1=fe
v1=fe
v1=fe
v1=fe
v1=fe
v1=fe
v1=fe
v1=fe
v1=fe
STATION_FRAME 56881 state=8 room=9879 x=46 y=83 pose=0052 health=54/99 items=0004 missiles=5/5 phase=0 ledge=0 writes=5 station=0 joy=8240
v1=fe
v1=fe
v1=fe
v1=fe
v1=fe
v1=fe
v1=fe
v1=fe
v1=fe
STATION_FRAME 56931 state=11 room=92fd x=20 y=139 pose=000c health=54/99 items=0004 missiles=5/5 phase=0 ledge=0 writes=5 station=0 joy=0000
v1=f8
v1=ff
STATION_FRAME 57061 state=8 room=92fd x=998 y=651 pose=000b health=54/99 items=0004 missiles=5/5 phase=0 ledge=0 writes=5 station=0 joy=8140
STATION_FRAME 57084 state=11 room=9879 x=1007 y=651 pose=000b health=54/99 items=0004 missiles=5/5 phase=0 ledge=0 writes=5 station=0 joy=0000
v1=0
v1=f0
v1=f0
v1=fe
STATION_FRAME 57241 state=8 room=9879 x=190 y=187 pose=008b health=46/99 items=0004 missiles=5/5 phase=0 ledge=0 writes=5 station=0 joy=8140
v1=f8
v1=f8
v1=f8
v1=f8
v1=f8
v1=fe
v1=fe
v1=fe
v1=fe
v1=f0
v1=fd
v1=fe
STATION_FRAME 57421 state=8 room=9879 x=180 y=86 pose=0052 health=58/99 items=0004 missiles=5/5 phase=0 ledge=0 writes=5 station=0 joy=82c0
v1=f8
v1=f8
v1=f8
v1=fd
v1=f8
v1=f8
v1=f8
v1=fe
v1=fd
STATION_FRAME 57601 state=8 room=9879 x=173 y=150 pose=0014 health=42/99 items=0004 missiles=5/5 phase=0 ledge=0 writes=5 station=0 joy=8040
v1=fe
v1=f8
v1=f8
v1=f8
v1=0
v1=fe
v1=f8
v1=f0
v1=f8
v1=f8
STATION_FRAME 57781 state=8 room=9879 x=257 y=187 pose=0010 health=34/99 items=0004 missiles=5/5 phase=0 ledge=0 writes=5 station=0 joy=8250
v1=f8
v1=f8
v1=f8
v1=fe
v1=fe
v1=fe
v1=fe
v1=fe
v1=fe
v1=fe
v1=fe
v1=fe
v1=fe
v1=fe
v1=fe
v1=fe
v1=fe
v1=f8
v1=fe
v1=fe
STATION_FRAME 57961 state=8 room=9879 x=350 y=131 pose=0052 health=31/99 items=0004 missiles=5/5 phase=0 ledge=0 writes=5 station=0 joy=82c0
v1=fe
v1=fe
v1=fe
v1=fe
v1=fe
v1=fe
v1=fe
v1=fe
v1=fe
v1=0
v1=fd
v1=fe
v1=fe
v1=fe
v1=fe
v1=fe
v1=fe
v1=fe
v1=fe
v1=fe
v1=fe
v1=fe
STATION_FRAME 58141 state=8 room=9879 x=60 y=81 pose=0052 health=31/99 items=0004 missiles=5/5 phase=0 ledge=0 writes=5 station=0 joy=82c0
v1=fe
v1=fe
v1=fe
v1=fe
v1=fe
v1=fe
v1=fe
v1=fe
v1=fe
v1=fe
v1=fe
v1=fe
STATION_FRAME 58202 state=11 room=92fd x=20 y=139 pose=000c health=31/99 items=0004 missiles=5/5 phase=0 ledge=0 writes=5 station=0 joy=0000
v1=f8
v1=ff
STATION_FRAME 58321 state=8 room=92fd x=987 y=651 pose=0089 health=31/99 items=0004 missiles=5/5 phase=0 ledge=0 writes=5 station=0 joy=8140
STATION_FRAME 58355 state=11 room=9879 x=1007 y=651 pose=000b health=31/99 items=0004 missiles=5/5 phase=0 ledge=0 writes=5 station=0 joy=0000
v1=0
v1=f0
v1=f0
v1=fe
STATION_FRAME 58501 state=8 room=9879 x=191 y=187 pose=000f health=31/99 items=0004 missiles=5/5 phase=0 ledge=0 writes=5 station=0 joy=81d0
v1=f8
v1=f8
v1=f8
v1=f8
v1=f8
v1=fe
v1=fe
v1=fe
v1=fe
v1=f0
v1=fd
STATION_FRAME 58681 state=8 room=9879 x=183 y=108 pose=0014 health=40/99 items=0004 missiles=5/5 phase=0 ledge=0 writes=5 station=0 joy=80c0
v1=fe
v1=f8
v1=f8
v1=f8
v1=fd
v1=f8
v1=f8
v1=f8
v1=fe
v1=fd
STATION_FRAME 58861 state=8 room=9879 x=173 y=164 pose=0016 health=44/99 items=0004 missiles=5/5 phase=0 ledge=0 writes=5 station=0 joy=88c0
v1=fe
v1=f8
v1=f8
v1=f8
v1=0
v1=fe
v1=f8
v1=f0
v1=f8
v1=f8
STATION_FRAME 59041 state=8 room=9879 x=272 y=187 pose=0004 health=36/99 items=0004 missiles=5/5 phase=0 ledge=0 writes=5 station=0 joy=8250
v1=f8
v1=f8
v1=f8
v1=fe
v1=fe
v1=fe
v1=fe
v1=fe
v1=fe
v1=fe
v1=fe
v1=fe
v1=fe
v1=fe
v1=fe
v1=fe
v1=fe
STATION_FRAME 59221 state=8 room=9879 x=362 y=99 pose=002f health=48/99 items=0004 missiles=5/5 phase=0 ledge=0 writes=5 station=0 joy=82c0
v1=f8
v1=fe
v1=fe
v1=fe
v1=fe
v1=fe
v1=fe
v1=fe
v1=fe
v1=fe
v1=fe
v1=fe
v1=0
v1=fd
v1=fe
v1=fe
v1=fe
v1=fe
v1=fe
v1=fe
v1=fe
STATION_FRAME 59401 state=8 room=9879 x=74 y=98 pose=0052 health=68/99 items=0004 missiles=5/5 phase=0 ledge=0 writes=5 station=0 joy=82c0
v1=fe
v1=fe
v1=fe
v1=fe
v1=fe
v1=fe
v1=fe
v1=fe
v1=fe
v1=fe
v1=fe
v1=fe
v1=fe
v1=fe
v1=fe
v1=fe
STATION_FRAME 59473 state=11 room=92fd x=20 y=139 pose=000c health=68/99 items=0004 missiles=5/5 phase=0 ledge=0 writes=5 station=0 joy=0000
v1=f8
STATION_FRAME 59581 state=8 room=92fd x=987 y=651 pose=0089 health=68/99 items=0004 missiles=5/5 phase=0 ledge=0 writes=5 station=0 joy=8140
v1=ff
STATION_FRAME 59626 state=11 room=9879 x=1007 y=651 pose=000b health=68/99 items=0004 missiles=5/5 phase=0 ledge=0 writes=5 station=0 joy=0000
v1=0
v1=f0
v1=f0
v1=fe
STATION_FRAME 59761 state=8 room=9879 x=162 y=187 pose=000f health=68/99 items=0004 missiles=5/5 phase=0 ledge=0 writes=5 station=0 joy=81d0
v1=f8
v1=f8
v1=f8
v1=f8
v1=f8
v1=fe
v1=fe
v1=fe
v1=fe
v1=f0
v1=fd
STATION_FRAME 59941 state=8 room=9879 x=183 y=144 pose=0014 health=62/99 items=0004 missiles=5/5 phase=0 ledge=0 writes=5 station=0 joy=80c0
v1=fe
v1=f8
v1=f8
v1=f8
v1=fd
v1=f8
v1=f8
v1=f8
v1=fe
STATION_FRAME 60121 state=8 room=9879 x=175 y=187 pose=0010 health=66/99 items=0004 missiles=5/5 phase=0 ledge=0 writes=5 station=0 joy=8250
v1=fd
v1=fe
v1=f8
v1=f8
v1=f8
v1=0
v1=fe
v1=f8
v1=f0
v1=f8
STATION_FRAME 60301 state=8 room=9879 x=274 y=187 pose=0003 health=58/99 items=0004 missiles=5/5 phase=0 ledge=0 writes=5 station=0 joy=8840
v1=f8
v1=f8
v1=f8
v1=f8
v1=fe
v1=fe
v1=fe
v1=fe
v1=fe
v1=fe
v1=fe
v1=fe
v1=fe
v1=fe
v1=fe
v1=fe
STATION_FRAME 60481 state=8 room=9879 x=350 y=81 pose=0051 health=70/99 items=0004 missiles=5/5 phase=0 ledge=0 writes=5 station=0 joy=8140
v1=fe
v1=fe
v1=f8
v1=fe
v1=fe
v1=fe
v1=fe
v1=fe
v1=fe
v1=fe
v1=fe
v1=fe
v1=fe
v1=fe
v1=0
v1=fd
v1=fe
v1=fe
v1=fe
STATION_FRAME 60661 state=8 room=9879 x=87 y=129 pose=0052 health=75/99 items=0004 missiles=5/5 phase=0 ledge=0 writes=5 station=0 joy=82c0
v1=fe
v1=fe
v1=fe
v1=fe
v1=fe
v1=fe
v1=fe
v1=fe
v1=fe
v1=fe
v1=fe
v1=fe
v1=fe
v1=fe
v1=fe
v1=fe
v1=fe
v1=fe
v1=fe
v1=fe
STATION_FRAME 60744 state=11 room=92fd x=20 y=139 pose=000c health=75/99 items=0004 missiles=5/5 phase=0 ledge=0 writes=5 station=0 joy=0000
v1=f8
STATION_FRAME 60841 state=8 room=92fd x=985 y=651 pose=000b health=75/99 items=0004 missiles=5/5 phase=0 ledge=0 writes=5 station=0 joy=8140
v1=ff
STATION_FRAME 60897 state=11 room=9879 x=1007 y=651 pose=000b health=75/99 items=0004 missiles=5/5 phase=0 ledge=0 writes=5 station=0 joy=0000
v1=0
v1=f0
v1=f0
v1=fe
STATION_FRAME 61021 state=8 room=9879 x=146 y=186 pose=006d health=75/99 items=0004 missiles=5/5 phase=0 ledge=0 writes=5 station=0 joy=81d0
v1=f8
v1=f8
v1=f8
v1=f8
v1=f8
v1=fe
v1=fe
v1=fe
v1=fe
v1=f0
STATION_FRAME 61201 state=8 room=9879 x=183 y=187 pose=0056 health=84/99 items=0004 missiles=5/5 phase=0 ledge=0 writes=5 station=0 joy=88c0
v1=fd
v1=fe
v1=f8
v1=f8
v1=f8
v1=fd
v1=f8
v1=f8
v1=f8
v1=fe
STATION_FRAME 61381 state=8 room=9879 x=179 y=148 pose=0014 health=73/99 items=0004 missiles=5/5 phase=0 ledge=0 writes=5 station=0 joy=8040
v1=fd
v1=fe
v1=f8
v1=f8
v1=f8
v1=0
v1=fe
v1=f8
v1=f0
STATION_FRAME 61561 state=8 room=9879 x=266 y=187 pose=009d health=65/99 items=0004 missiles=5/5 phase=0 ledge=0 writes=5 station=0 joy=8150
v1=f8
v1=f8
v1=f8
v1=f8
v1=f8
v1=fe
v1=fe
v1=fe
v1=fe
v1=fe
v1=fe
v1=fe
v1=fe
v1=fe
STATION_FRAME 61741 state=8 room=9879 x=331 y=76 pose=0051 health=62/99 items=0004 missiles=5/5 phase=0 ledge=0 writes=5 station=0 joy=81c0
v1=fe
v1=fe
v1=fe
v1=fe
v1=fe
v1=f8
v1=fe
v1=fe
v1=fe
v1=fe
v1=fe
v1=fe
v1=fe
v1=fe
v1=fe
v1=fe
v1=fe
v1=0
v1=fd
STATION_FRAME 61921 state=8 room=9879 x=101 y=173 pose=0052 health=62/99 items=0004 missiles=5/5 phase=0 ledge=0 writes=5 station=0 joy=82c0
v1=fe
v1=fe
v1=fe
v1=fe
v1=fe
v1=fe
v1=fe
v1=fe
v1=fe
v1=fe
v1=fe
v1=fe
v1=fe
v1=fe
v1=fe
v1=fe
v1=fe
v1=fe
v1=fe
v1=fe
v1=fe
v1=fe
v1=fe
STATION_FRAME 62015 state=11 room=92fd x=20 y=139 pose=000c health=62/99 items=0004 missiles=5/5 phase=0 ledge=0 writes=5 station=0 joy=0000
STATION_FRAME 62101 state=11 room=92fd x=984 y=651 pose=000c health=62/99 items=0004 missiles=5/5 phase=0 ledge=0 writes=5 station=0 joy=0000
v1=f8
v1=ff
STATION_FRAME 62168 state=11 room=9879 x=1007 y=651 pose=000b health=62/99 items=0004 missiles=5/5 phase=0 ledge=0 writes=5 station=0 joy=0000
v1=0
v1=f0
v1=f0
STATION_FRAME 62281 state=8 room=9879 x=117 y=159 pose=006d health=62/99 items=0004 missiles=5/5 phase=0 ledge=0 writes=5 station=0 joy=81d0
v1=fe
v1=f8
v1=f8
v1=f8
v1=f8
v1=f8
v1=fe
v1=fe
v1=fe
v1=fe
STATION_FRAME 62461 state=8 room=9879 x=185 y=147 pose=006e health=86/99 items=0004 missiles=5/5 phase=0 ledge=0 writes=5 station=0 joy=8250
v1=f0
v1=fd
v1=fe
v1=f8
v1=f8
v1=f8
v1=fd
v1=f8
v1=f8
v1=f8
STATION_FRAME 62641 state=8 room=9879 x=179 y=110 pose=0014 health=83/99 items=0004 missiles=5/5 phase=0 ledge=0 writes=5 station=0 joy=8040
v1=fe
v1=fd
v1=fe
v1=f8
v1=f8
v1=f8
v1=0
v1=fe
v1=f8
STATION_FRAME 62821 state=8 room=9879 x=276 y=164 pose=0068 health=75/99 items=0004 missiles=5/5 phase=0 ledge=0 writes=5 station=0 joy=8240
v1=f0
v1=f8
v1=f8
v1=f8
v1=f8
v1=f8
v1=fe
v1=fe
v1=fe
v1=fe
v1=fe
STATION_FRAME 63001 state=8 room=9879 x=311 y=84 pose=0051 health=67/99 items=0004 missiles=5/5 phase=0 ledge=0 writes=5 station=0 joy=81c0
v1=fe
v1=fe
v1=fe
v1=fe
v1=fe
v1=fe
v1=fe
v1=fe
v1=fe
v1=f8
v1=fe
v1=fe
v1=fe
v1=fe
v1=fe
v1=fe
v1=fe
v1=fe
v1=fe
v1=fe
v1=fe
v1=0
STATION_FRAME 63181 state=8 room=9879 x=101 y=187 pose=008a health=87/99 items=0004 missiles=5/5 phase=0 ledge=0 writes=5 station=0 joy=8240
v1=fd
v1=fe
v1=fe
v1=fe
v1=fe
v1=fe
v1=fe
v1=fe
v1=fe
v1=fe
v1=fe
v1=fe
v1=fe
v1=fe
v1=fe
v1=fe
v1=fe
v1=fe
v1=fe
v1=fe
v1=fe
v1=fe
v1=fe
v1=fe
STATION_FRAME 63286 state=11 room=92fd x=20 y=139 pose=000c health=87/99 items=0004 missiles=5/5 phase=0 ledge=0 writes=5 station=0 joy=0000
STATION_FRAME 63361 state=11 room=92fd x=984 y=651 pose=000c health=87/99 items=0004 missiles=5/5 phase=0 ledge=0 writes=5 station=0 joy=0000
v1=f8
v1=ff
STATION_FRAME 63439 state=11 room=9879 x=1007 y=651 pose=000b health=87/99 items=0004 missiles=5/5 phase=0 ledge=0 writes=5 station=0 joy=0000
v1=0
v1=f0
STATION_FRAME 63541 state=8 room=9879 x=88 y=146 pose=006d health=87/99 items=0004 missiles=5/5 phase=0 ledge=0 writes=5 station=0 joy=81d0
v1=f0
v1=fe
v1=f8
v1=f8
v1=f8
v1=f8
v1=f8
v1=fe
v1=fe
v1=fe
STATION_FRAME 63721 state=8 room=9879 x=186 y=110 pose=0068 health=91/99 items=0004 missiles=5/5 phase=0 ledge=0 writes=5 station=0 joy=8040
v1=fe
v1=f0
v1=fd
v1=fe
v1=f8
v1=f8
v1=f8
v1=fd
v1=f8
v1=f8
v1=f8
STATION_FRAME 63901 state=8 room=9879 x=179 y=86 pose=0014 health=83/99 items=0004 missiles=5/5 phase=0 ledge=0 writes=5 station=0 joy=8040
v1=fe
v1=fd
v1=fe
v1=f8
v1=f8
v1=f8
v1=0
v1=fe
v1=f8
STATION_FRAME 64081 state=8 room=9879 x=291 y=133 pose=0068 health=75/99 items=0004 missiles=5/5 phase=0 ledge=0 writes=5 station=0 joy=8240
v1=f0
v1=f8
v1=f8
v1=f8
v1=f8
v1=f8
v1=fe
STATION_FRAME 64261 state=8 room=9879 x=292 y=106 pose=0051 health=87/99 items=0004 missiles=5/5 phase=0 ledge=0 writes=5 station=0 joy=81c0
v1=fe
v1=fe
v1=fe
v1=fe
v1=fe
v1=fe
v1=fe
v1=fe
v1=fe
v1=fe
v1=fe
v1=fe
v1=fe
v1=fe
v1=fe
v1=fe
v1=fe
v1=fe
v1=fe
v1=fe
v1=fe
v1=fe
v1=fe
v1=fe
v1=fe
v1=fe
v1=fe
STATION_FRAME 64441 state=8 room=9879 x=620 y=187 pose=000b health=87/99 items=0004 missiles=5/5 phase=0 ledge=0 writes=5 station=0 joy=8140
v1=0
v1=fe
v1=ff
v1=ff
v1=ff
v1=ff
v1=ff
v1=ff
STATION_FRAME 64621 state=11 room=9879 x=749 y=139 pose=000b health=87/99 items=0004 missiles=0/5 phase=0 ledge=0 writes=5 station=0 joy=0000
STATION_FRAME 64628 state=11 room=9804 x=749 y=139 pose=000b health=87/99 items=0004 missiles=0/5 phase=0 ledge=0 writes=5 station=0 joy=0000
v1=fe
v1=fe
v1=0
STATION_FRAME 64801 state=8 room=9804 x=187 y=187 pose=0089 health=87/99 items=1004 missiles=0/5 phase=0 ledge=0 writes=5 station=0 joy=0000
STATION_FRAME 64981 state=8 room=9804 x=187 y=187 pose=0089 health=87/99 items=1004 missiles=0/5 phase=0 ledge=0 writes=5 station=0 joy=0000
STATION_FRAME 65161 state=8 room=9804 x=187 y=187 pose=0089 health=87/99 items=1004 missiles=0/5 phase=0 ledge=0 writes=5 station=0 joy=0000
v1=ff
v1=f8
v1=0
v1=f8
STATION_FRAME 65341 state=8 room=9804 x=53 y=187 pose=0001 health=87/99 items=1004 missiles=0/5 phase=0 ledge=0 writes=5 station=0 joy=0040
STATION_FRAME 65521 state=8 room=9804 x=53 y=187 pose=0001 health=87/99 items=1004 missiles=0/5 phase=0 ledge=0 writes=5 station=0 joy=0040
STATION_FRAME 65701 state=8 room=9804 x=53 y=187 pose=0001 health=87/99 items=1004 missiles=0/5 phase=0 ledge=0 writes=5 station=0 joy=0040
STATION_FRAME 65881 state=8 room=9804 x=53 y=187 pose=0001 health=87/99 items=1004 missiles=0/5 phase=0 ledge=0 writes=5 station=0 joy=0040
v1=f8
STATION_FRAME 66061 state=8 room=9804 x=39 y=187 pose=0001 health=77/99 items=1004 missiles=0/5 phase=0 ledge=0 writes=5 station=0 joy=0040
STATION_FRAME 66241 state=8 room=9804 x=37 y=173 pose=0067 health=69/99 items=1004 missiles=0/5 phase=0 ledge=0 writes=5 station=0 joy=0040
v1=f8
STATION_FRAME 66421 state=8 room=9804 x=37 y=187 pose=0001 health=69/99 items=1004 missiles=0/5 phase=0 ledge=0 writes=5 station=0 joy=0040
v1=f8
STATION_FRAME 66601 state=8 room=9804 x=51 y=187 pose=0001 health=59/99 items=1004 missiles=0/5 phase=0 ledge=0 writes=5 station=0 joy=0040
v1=f8
STATION_FRAME 66781 state=8 room=9804 x=37 y=187 pose=0001 health=51/99 items=1004 missiles=0/5 phase=0 ledge=0 writes=5 station=0 joy=0040
v1=f8
STATION_FRAME 66961 state=8 room=9804 x=37 y=187 pose=0001 health=41/99 items=1004 missiles=0/5 phase=0 ledge=0 writes=5 station=0 joy=0040
STATION_FRAME 67141 state=8 room=9804 x=37 y=174 pose=0067 health=33/99 items=1004 missiles=0/5 phase=0 ledge=0 writes=5 station=0 joy=0040
v1=f8
STATION_FRAME 67321 state=8 room=9804 x=37 y=187 pose=00e6 health=23/99 items=1004 missiles=0/5 phase=0 ledge=0 writes=5 station=0 joy=0040
v1=f8
STATION_FRAME 67501 state=8 room=9804 x=37 y=187 pose=0001 health=23/99 items=1004 missiles=0/5 phase=0 ledge=0 writes=5 station=0 joy=0040
STATION_FRAME 67681 state=8 room=9804 x=37 y=187 pose=0001 health=33/99 items=1004 missiles=0/5 phase=0 ledge=0 writes=5 station=0 joy=0040
v1=f8
STATION_FRAME 67861 state=8 room=9804 x=37 y=187 pose=0001 health=23/99 items=1004 missiles=0/5 phase=0 ledge=0 writes=5 station=0 joy=0040
STATION_FRAME 68041 state=8 room=9804 x=37 y=187 pose=0001 health=23/99 items=1004 missiles=0/5 phase=0 ledge=0 writes=5 station=0 joy=0040
STATION_FRAME 68221 state=8 room=9804 x=37 y=171 pose=0067 health=13/99 items=1004 missiles=0/5 phase=0 ledge=0 writes=5 station=0 joy=0040
v1=f8
STATION_FRAME 68401 state=8 room=9804 x=37 y=187 pose=0001 health=13/99 items=1004 missiles=0/5 phase=0 ledge=0 writes=5 station=0 joy=0040
STATION_FRAME 68581 state=8 room=9804 x=37 y=187 pose=0001 health=13/99 items=1004 missiles=0/5 phase=0 ledge=0 writes=5 station=0 joy=0040
STATION_FRAME 68761 state=8 room=9804 x=37 y=187 pose=0001 health=13/99 items=1004 missiles=0/5 phase=0 ledge=0 writes=5 station=0 joy=0040
v1=fd
v1=f9
v1=fd
v1=f6
v1=fe
v1=fe
v1=fe
v1=fe
v1=fe
v1=fe
STATION_FRAME 68941 state=8 room=9804 x=37 y=155 pose=0051 health=13/99 items=1004 missiles=0/5 phase=0 ledge=0 writes=5 station=0 joy=8100
v1=fe
v1=fe
v1=fe
v1=fe
v1=fe
v1=fe
v1=fe
v1=fe
v1=fe
v1=fe
v1=fe
v1=0
v1=0
v1=f8
v1=fe
v1=fe
v1=fe
v1=fe
STATION_FRAME 69121 state=8 room=9804 x=55 y=195 pose=001a health=99/99 items=1004 missiles=0/5 phase=0 ledge=0 writes=5 station=0 joy=82c0
v1=ff
v1=ff
v1=ff
v1=fd
v1=fe
v1=fe
v1=fe
v1=fe
v1=fe
v1=fe
v1=fe
v1=fe
v1=fe
v1=fe
v1=fe
v1=fe
v1=fe
v1=fe
v1=fe
v1=fe
v1=fe
v1=fe
v1=fe
v1=fe
v1=fe
v1=fe
v1=fe
v1=fe
v1=fe
v1=fe
v1=fd
STATION_FRAME 69298 state=11 room=9879 x=20 y=116 pose=0052 health=99/99 items=1004 missiles=0/5 phase=0 ledge=0 writes=5 station=0 joy=0000
STATION_FRAME 69301 state=11 room=9879 x=20 y=116 pose=0052 health=99/99 items=1004 missiles=0/5 phase=0 ledge=0 writes=5 station=0 joy=0000
v1=fe
v1=fe
v1=fe
v1=fe
v1=fe
v1=fe
v1=fe
v1=fe
v1=fe
v1=fe
v1=fe
v1=fe
v1=fe
v1=fe
v1=fe
v1=fe
v1=fe
v1=fe
v1=fe
v1=fe
v1=fe
v1=fd
v1=fe
v1=fe
v1=fe
v1=fe
STATION_FRAME 69481 state=8 room=9879 x=630 y=119 pose=0052 health=99/99 items=1004 missiles=0/5 phase=0 ledge=0 writes=5 station=0 joy=82c0
v1=fe
v1=fe
v1=fe
v1=fe
v1=fe
v1=fe
v1=fe
v1=fe
v1=fe
v1=fe
v1=fe
v1=fe
v1=fe
v1=fe
v1=fe
v1=fe
v1=fe
v1=fe
v1=fe
v1=fe
v1=fe
v1=fe
v1=fe
v1=fe
v1=0
v1=0
v1=0
v1=fe
STATION_FRAME 69661 state=8 room=9879 x=133 y=77 pose=001a health=99/99 items=1004 missiles=0/5 phase=0 ledge=0 writes=5 station=0 joy=82c0
v1=fe
v1=fe
v1=fd
v1=fe
v1=fe
v1=fe
v1=fe
v1=fe
v1=fe
v1=fe
v1=fe
v1=fe
v1=fe
v1=fe
v1=fe
v1=fe
v1=fe
v1=fe
v1=fe
v1=fe
v1=fe
STATION_FRAME 69785 state=11 room=92fd x=19 y=139 pose=000c health=99/99 items=1004 missiles=0/5 phase=0 ledge=0 writes=5 station=0 joy=0000
STATION_FRAME 69841 state=11 room=92fd x=999 y=651 pose=000c health=99/99 items=1004 missiles=0/5 phase=0 ledge=0 writes=5 station=0 joy=0000
v1=fe
v1=fe
STATION_FRAME 70021 state=8 room=92fd x=940 y=460 pose=0019 health=99/99 items=1004 missiles=0/5 phase=0 ledge=0 writes=5 station=0 joy=8180
v1=fe
v1=fe
v1=fe
v1=fd
v1=f8
v1=fe
v1=fe
v1=fe
v1=fe
v1=fe
v1=fe
v1=fe
v1=fe
v1=fd
v1=f8
v1=fe
v1=fe
v1=fe
v1=fe
v1=fe
v1=fe
v1=fe
v1=fe
v1=fe
v1=fe
v1=fe
v1=fe
v1=fd
v1=f8
STATION_FRAME 70201 state=8 room=92fd x=951 y=224 pose=0051 health=99/99 items=1004 missiles=0/5 phase=0 ledge=0 writes=5 station=0 joy=8180
v1=fe
v1=fe
v1=fe
v1=fe
v1=fe
v1=fe
v1=fe
v1=fe
v1=f8
v1=fd
v1=f9
v1=ff
v1=ff
v1=ff
STATION_FRAME 70381 state=8 room=92fd x=971 y=151 pose=0031 health=99/99 items=1004 missiles=0/5 phase=0 ledge=0 writes=5 station=0 joy=0100
v1=ff
v1=ff
v1=ff
v1=ff
v1=ff
v1=ff
v1=ff
v1=ff
STATION_FRAME 70561 state=8 room=92fd x=1035 y=183 pose=0031 health=99/99 items=1004 missiles=0/5 phase=0 ledge=0 writes=5 station=0 joy=0100
v1=ff
v1=ff
v1=ff
v1=ff
v1=fd
v1=f6
v1=fd
v1=f8
v1=fe
v1=fe
v1=fe
v1=fe
v1=fe
v1=fe
v1=fe
v1=fe
STATION_FRAME 70741 state=8 room=92fd x=1049 y=93 pose=0052 health=99/99 items=1004 missiles=0/5 phase=0 ledge=0 writes=5 station=0 joy=82c0
v1=fe
v1=fe
v1=fe
v1=fe
v1=fe
v1=0
v1=fe
v1=fe
v1=0
v1=fe
v1=fe
STATION_FRAME 70921 state=8 room=92fd x=538 y=118 pose=001a health=99/99 items=1004 missiles=2/5 phase=0 ledge=0 writes=5 station=0 joy=8240
v1=fe
v1=fd
v1=fe
v1=fe
v1=fe
v1=fe
v1=fe
v1=fe
v1=fe
v1=fe
v1=fe
v1=fe
v1=fe
v1=fe
v1=fe
v1=fe
v1=fe
v1=fe
v1=fe
v1=fe
v1=fe
v1=fe
v1=ff
STATION_FRAME 71101 state=8 room=92fd x=277 y=139 pose=008a health=99/99 items=1004 missiles=2/5 phase=0 ledge=0 writes=5 station=0 joy=0200
v1=ff
v1=ff
v1=ff
v1=ff
v1=ff
v1=ff
v1=ff
v1=ff
v1=ff
v1=ff
v1=ff
STATION_FRAME 71281 state=8 room=92fd x=277 y=139 pose=008a health=99/99 items=1004 missiles=2/5 phase=0 ledge=0 writes=5 station=0 joy=0200
v1=ff
v1=ff
v1=ff
v1=ff
v1=ff
v1=ff
v1=ff
v1=ff
v1=ff
v1=ff
v1=ff
STATION_FRAME 71461 state=8 room=92fd x=277 y=139 pose=008a health=99/99 items=1004 missiles=2/5 phase=0 ledge=0 writes=5 station=0 joy=0200
v1=ff
v1=ff
v1=ff
v1=ff
v1=ff
v1=ff
v1=ff
v1=ff
v1=ff
v1=ff
v1=ff
v1=ff
STATION_FRAME 71641 state=8 room=92fd x=277 y=139 pose=008a health=99/99 items=1004 missiles=2/5 phase=0 ledge=0 writes=5 station=0 joy=0200
v1=ff
v1=ff
v1=ff
v1=ff
v1=ff
v1=ff
v1=ff
v1=ff
v1=ff
v1=ff
v1=ff
STATION_FRAME 71821 state=8 room=92fd x=277 y=139 pose=008a health=99/99 items=1004 missiles=2/5 phase=0 ledge=0 writes=5 station=0 joy=0200
v1=ff
v1=ff
v1=ff
v1=ff
v1=ff
v1=ff
v1=ff
v1=ff
v1=ff
v1=ff
v1=ff
STATION_FRAME 72001 state=8 room=92fd x=277 y=139 pose=008a health=99/99 items=1004 missiles=2/5 phase=0 ledge=0 writes=5 station=0 joy=0200
v1=ff
v1=ff
v1=ff
v1=ff
v1=ff
v1=ff
v1=ff
v1=ff
v1=ff
v1=ff
v1=ff
STATION_FRAME 72181 state=8 room=92fd x=277 y=139 pose=008a health=99/99 items=1004 missiles=2/5 phase=0 ledge=0 writes=5 station=0 joy=0200
v1=ff
v1=ff
v1=ff
v1=ff
v1=ff
v1=ff
v1=ff
v1=ff
v1=ff
v1=ff
v1=ff
v1=ff
STATION_FRAME 72361 state=8 room=92fd x=277 y=139 pose=008a health=99/99 items=1004 missiles=2/5 phase=0 ledge=0 writes=5 station=0 joy=0200
v1=ff
v1=ff
v1=ff
v1=ff
v1=ff
v1=ff
v1=ff
v1=ff
v1=ff
v1=ff
v1=ff
STATION_FRAME 72541 state=8 room=92fd x=277 y=139 pose=008a health=99/99 items=1004 missiles=2/5 phase=0 ledge=0 writes=5 station=0 joy=0200
v1=ff
v1=ff
v1=ff
v1=ff
v1=ff
v1=ff
v1=ff
v1=ff
v1=ff
v1=ff
v1=ff
STATION_FRAME 72721 state=8 room=92fd x=277 y=139 pose=008a health=99/99 items=1004 missiles=2/5 phase=0 ledge=0 writes=5 station=0 joy=0200
v1=ff
v1=ff
v1=ff
v1=ff
v1=ff
v1=ff
v1=ff
v1=ff
v1=ff
v1=ff
v1=ff
STATION_FRAME 72901 state=8 room=92fd x=277 y=139 pose=0054 health=94/99 items=1004 missiles=2/5 phase=0 ledge=0 writes=5 station=0 joy=0200
v1=fd
v1=f9
v1=ff
v1=ff
v1=ff
v1=ff
v1=ff
STATION_FRAME 73081 state=8 room=92fd x=251 y=145 pose=0032 health=89/99 items=1004 missiles=4/5 phase=0 ledge=0 writes=5 station=0 joy=0200
v1=ff
v1=ff
v1=fd
v1=ff
v1=ff
v1=ff
STATION_FRAME 73220 state=11 room=990d x=18 y=139 pose=000c health=89/99 items=1004 missiles=4/5 phase=0 ledge=0 writes=5 station=0 joy=0000
STATION_FRAME 73261 state=11 room=990d x=1521 y=139 pose=000c health=89/99 items=1004 missiles=4/5 phase=0 ledge=0 writes=5 station=0 joy=0000
v1=fe
v1=0
v1=fe
v1=fe
STATION_FRAME 73441 state=8 room=990d x=1131 y=140 pose=001a health=89/99 items=1004 missiles=4/5 phase=0 ledge=0 writes=5 station=0 joy=8240
v1=fe
v1=fe
v1=fe
v1=0
v1=0
v1=fe
v1=fe
v1=fe
STATION_FRAME 73621 state=8 room=990d x=643 y=411 pose=000c health=79/99 items=1004 missiles=4/5 phase=0 ledge=0 writes=5 station=0 joy=8240
v1=fe
v1=fe
v1=fe
v1=fe
v1=fe
v1=0
v1=fe
v1=fe
v1=fe
STATION_FRAME 73801 state=8 room=990d x=287 y=664 pose=0068 health=64/99 items=1004 missiles=4/5 phase=0 ledge=0 writes=5 station=0 joy=82c0
v1=fe
v1=fe
v1=0
v1=ff
STATION_FRAME 73981 state=8 room=990d x=129 y=667 pose=000c health=199/199 items=1004 missiles=4/5 phase=0 ledge=0 writes=5 station=0 joy=0080
STATION_FRAME 74161 state=8 room=990d x=129 y=667 pose=000c health=199/199 items=1004 missiles=4/5 phase=0 ledge=0 writes=5 station=0 joy=0080
v1=fd
v1=f8
v1=fe
v1=fe
v1=fe
v1=fe
v1=fe
v1=fe
v1=fe
v1=fe
v1=fe
v1=fe
v1=fe
v1=fe
v1=fe
STATION_FRAME 74341 state=8 room=990d x=173 y=683 pose=000b health=199/199 items=1004 missiles=4/5 phase=0 ledge=0 writes=5 station=0 joy=8140
v1=fe
v1=fe
v1=fe
v1=fd
v1=fe
v1=fe
v1=fe
v1=fe
v1=fe
v1=fe
v1=fe
v1=0
v1=0
STATION_FRAME 74521 state=8 room=990d x=608 y=489 pose=0019 health=199/199 items=1004 missiles=5/5 phase=0 ledge=0 writes=5 station=0 joy=81c0
v1=fe
v1=0
v1=fe
v1=fe
v1=fe
STATION_FRAME 74701 state=8 room=990d x=1004 y=262 pose=0019 health=194/199 items=1004 missiles=5/5 phase=0 ledge=0 writes=5 station=0 joy=81c0
v1=fe
v1=fe
v1=fe
v1=fe
v1=fe
v1=fe
v1=fd
v1=fe
v1=fe
v1=fe
v1=fe
v1=fe
v1=fe
v1=fe
v1=0
STATION_FRAME 74881 state=8 room=990d x=1246 y=204 pose=000b health=194/199 items=1004 missiles=5/5 phase=0 ledge=0 writes=5 station=0 joy=8140
v1=0
v1=fe
v1=fe
v1=ff
STATION_FRAME 75019 state=11 room=92fd x=1516 y=121 pose=0019 health=194/199 items=1004 missiles=5/5 phase=0 ledge=0 writes=5 station=0 joy=0000
STATION_FRAME 75061 state=11 room=92fd x=13 y=121 pose=0019 health=194/199 items=1004 missiles=5/5 phase=0 ledge=0 writes=5 station=0 joy=0000
v1=fe
v1=fe
v1=fe
v1=fe
v1=fe
v1=fe
v1=fe
v1=0
v1=ff
v1=ff
v1=fd
v1=f9
STATION_FRAME 75241 state=8 room=92fd x=235 y=153 pose=001e health=194/199 items=1004 missiles=5/5 phase=0 ledge=0 writes=5 station=0 joy=0100
v1=ff
v1=ff
v1=ff
v1=ff
v1=ff
v1=ff
v1=ff
STATION_FRAME 75421 state=8 room=92fd x=390 y=215 pose=0031 health=194/199 items=1004 missiles=5/5 phase=0 ledge=0 writes=5 station=0 joy=0000
v1=ff
v1=ff
v1=ff
v1=ff
v1=ff
v1=ff
v1=ff
v1=ff
STATION_FRAME 75601 state=8 room=92fd x=439 y=452 pose=0031 health=189/199 items=1004 missiles=5/5 phase=0 ledge=0 writes=5 station=0 joy=0000
v1=ff
v1=ff
v1=ff
v1=ff
v1=ff
v1=ff
v1=ff
STATION_FRAME 75781 state=8 room=92fd x=347 y=665 pose=001f health=189/199 items=1004 missiles=5/5 phase=0 ledge=0 writes=5 station=0 joy=0200
v1=ff
v1=fd
STATION_FRAME 75851 state=11 room=93d5 x=275 y=651 pose=000c health=189/199 items=1004 missiles=5/5 phase=0 ledge=0 writes=5 station=0 joy=0000
STATION_FRAME 75961 state=11 room=93d5 x=216 y=139 pose=000c health=189/199 items=1004 missiles=5/5 phase=0 ledge=0 writes=5 station=0 joy=0000
v1=ff
v1=fe
v1=ff
v1=fd
v1=fe
v1=fe
v1=fe
v1=fe
v1=fe
v1=fe
v1=fe
v1=fe
v1=fe
v1=fe
v1=f8
STATION_FRAME 76141 state=8 room=93d5 x=90 y=155 pose=0002 health=189/199 items=1004 missiles=5/5 phase=0 ledge=0 writes=5 station=0 joy=0080
STATION_FRAME 76321 state=8 room=93d5 x=96 y=152 pose=0000 health=189/199 items=1004 missiles=5/5 phase=0 ledge=0 writes=6 station=1 joy=0000
v1=ff
v1=ff
v1=f8
STATION_ROUTE_OK: tank=1 saved=1 writes=6 station=1
