CHARGE_FRAME 1 state=0 room=0000 x=0 y=0 pose=0000 health=0/0 phase=0 ledge=0 joy=1080
CHARGE_FRAME 181 state=1 room=0000 x=0 y=0 pose=0000 health=189/199 phase=0 ledge=0 joy=1080
CHARGE_FRAME 361 state=4 room=0000 x=0 y=0 pose=0000 health=189/199 phase=0 ledge=0 joy=1080
CHARGE_FRAME 541 state=5 room=0000 x=0 y=0 pose=0000 health=189/199 phase=0 ledge=0 joy=1080
CHARGE_FRAME 595 state=5 room=93d5 x=96 y=152 pose=0000 health=189/199 phase=0 ledge=0 joy=0000
CHARGE_FRAME 721 state=7 room=93d5 x=96 y=152 pose=0000 health=189/199 phase=0 ledge=0 joy=1080
CHARGE_FRAME 901 state=8 room=93d5 x=96 y=152 pose=0000 health=189/199 phase=0 ledge=0 joy=0000
CHARGE_FRAME 1081 state=8 room=93d5 x=96 y=152 pose=0000 health=189/199 phase=0 ledge=0 joy=0000
v1=fe
v1=fe
v1=f8
v1=fd
v1=fe
v1=fe
v1=fe
v1=fe
v1=fe
v1=fe
v1=fe
v1=fe
v1=fd
v1=fe
v1=fe
v1=fe
v1=fe
v1=fe
v1=fe
v1=fe
v1=fe
v1=fe
CHARGE_FRAME 1261 state=8 room=93d5 x=187 y=91 pose=0051 health=189/199 phase=0 ledge=0 joy=01c0
v1=fe
v1=fe
v1=fe
v1=fe
v1=fe
v1=fe
v1=fe
CHARGE_FRAME 1317 state=11 room=92fd x=236 y=139 pose=000b health=189/199 phase=0 ledge=0 joy=0000
v1=fd
CHARGE_FRAME 1441 state=8 room=92fd x=304 y=665 pose=0037 health=189/199 phase=0 ledge=0 joy=0000
v1=f9
v1=fd
v1=fe
v1=fe
v1=fd
v1=f8
v1=fe
v1=fe
v1=fe
v1=fe
v1=fe
v1=fe
v1=fe
v1=fe
v1=fd
v1=f8
v1=fe
v1=fe
v1=fe
v1=fe
v1=fe
v1=fe
v1=fe
v1=fe
v1=fe
v1=fe
v1=fe
v1=fe
v1=fd
v1=f8
CHARGE_FRAME 1621 state=8 room=92fd x=453 y=411 pose=0054 health=184/199 phase=0 ledge=0 joy=8280
v1=fd
v1=fe
v1=fe
v1=fe
v1=fe
v1=fe
v1=fe
v1=fe
v1=fe
v1=fe
v1=fe
v1=fe
v1=fe
v1=fe
v1=fe
v1=fe
v1=fd
CHARGE_FRAME 1801 state=8 room=92fd x=383 y=231 pose=0051 health=179/199 phase=0 ledge=0 joy=8180
v1=fe
v1=fe
v1=fe
v1=fe
v1=fe
v1=fe
v1=fe
v1=fe
v1=fe
v1=fe
v1=fe
v1=fe
v1=fe
v1=fe
v1=fe
v1=fe
v1=fe
v1=fd
v1=f8
v1=fe
v1=fe
v1=fe
v1=fe
v1=fe
v1=fe
v1=fe
v1=fe
v1=fe
v1=fe
v1=fe
v1=fe
v1=fe
v1=fe
v1=fe
v1=fe
v1=fe
v1=fe
v1=fe
v1=fe
v1=ff
v1=fd
CHARGE_FRAME 1981 state=8 room=92fd x=277 y=144 pose=0028 health=179/199 phase=0 ledge=0 joy=0000
v1=f9
v1=ff
v1=ff
v1=ff
v1=ff
v1=ff
v1=fd
CHARGE_FRAME 2161 state=8 room=92fd x=199 y=139 pose=000c health=179/199 phase=0 ledge=0 joy=0240
v1=ff
v1=ff
v1=ff
CHARGE_FRAME 2256 state=11 room=990d x=18 y=139 pose=000c health=179/199 phase=0 ledge=0 joy=0000
CHARGE_FRAME 2341 state=11 room=990d x=1496 y=139 pose=000c health=179/199 phase=0 ledge=0 joy=0000
v1=fe
v1=0
v1=fe
v1=fe
v1=fe
v1=fe
CHARGE_FRAME 2521 state=8 room=990d x=1012 y=321 pose=000c health=179/199 phase=0 ledge=0 joy=82c0
v1=0
v1=0
v1=fe
v1=fe
v1=fe
v1=fe
v1=0
CHARGE_FRAME 2701 state=8 room=990d x=402 y=625 pose=000c health=179/199 phase=0 ledge=0 joy=82c0
v1=0
v1=0
v1=0
CHARGE_FRAME 2830 state=11 room=99bd x=16 y=651 pose=000c health=169/199 phase=0 ledge=0 joy=0000
CHARGE_FRAME 2881 state=11 room=99bd x=247 y=1163 pose=000c health=169/199 phase=0 ledge=0 joy=0000
v1=ff
v1=fd
v1=f9
v1=ff
v1=fd
v1=f8
v1=f0
CHARGE_FRAME 3061 state=8 room=99bd x=79 y=1236 pose=0029 health=169/199 phase=0 ledge=0 joy=0100
v1=f8
v1=f6
v1=fd
v1=f9
v1=ff
v1=fd
CHARGE_FRAME 3241 state=8 room=99bd x=194 y=1277 pose=0027 health=169/199 phase=0 ledge=0 joy=0200
v1=f0
v1=f8
v1=f8
v1=f6
v1=fd
v1=f9
CHARGE_FRAME 3421 state=8 room=99bd x=130 y=1337 pose=001f health=169/199 phase=0 ledge=0 joy=0200
v1=ff
v1=fd
v1=f0
v1=f8
v1=f0
v1=f8
v1=f6
v1=fd
CHARGE_FRAME 3601 state=8 room=99bd x=113 y=1408 pose=0028 health=169/199 phase=0 ledge=0 joy=0000
v1=f9
v1=ff
v1=fd
v1=f8
v1=f0
v1=f8
v1=fd
CHARGE_FRAME 3781 state=8 room=99bd x=154 y=1488 pose=0027 health=169/199 phase=0 ledge=0 joy=0000
v1=f9
v1=ff
v1=fd
v1=f8
v1=f0
v1=ff
v1=f8
v1=f6
CHARGE_FRAME 3961 state=8 room=99bd x=125 y=1563 pose=0002 health=169/199 phase=0 ledge=0 joy=0000
v1=f6
v1=fd
v1=f9
v1=ff
v1=ff
v1=fd
v1=f8
v1=ff
CHARGE_FRAME 4141 state=8 room=99bd x=123 y=1675 pose=000c health=169/199 phase=0 ledge=0 joy=0240
v1=ff
CHARGE_FRAME 4199 state=11 room=9969 x=18 y=1675 pose=000c health=169/199 phase=0 ledge=0 joy=0000
v1=fe
CHARGE_FRAME 4321 state=8 room=9969 x=933 y=123 pose=001a health=169/199 phase=0 ledge=0 joy=82c0
v1=fe
v1=0
v1=fe
v1=fe
v1=fe
v1=fe
v1=0
v1=0
CHARGE_FRAME 4501 state=8 room=9969 x=549 y=171 pose=008a health=169/199 phase=0 ledge=0 joy=8240
v1=ff
v1=fd
v1=fe
v1=ff
v1=ff
v1=fd
v1=fe
v1=fe
v1=fe
v1=fe
v1=fe
v1=fe
v1=fe
v1=fe
v1=fe
v1=fe
v1=fe
v1=fe
v1=fe
v1=fe
v1=fe
v1=fe
v1=fe
v1=fe
v1=fe
v1=fe
v1=fe
v1=fe
v1=fe
CHARGE_FRAME 4681 state=8 room=9969 x=465 y=175 pose=0052 health=149/199 phase=0 ledge=0 joy=8240
v1=fe
v1=fd
v1=fe
v1=fe
v1=fe
v1=fe
v1=fe
v1=fe
v1=fe
v1=fe
v1=fe
v1=0
v1=0
v1=fe
v1=fe
v1=fe
v1=fe
CHARGE_FRAME 4861 state=8 room=9969 x=176 y=142 pose=001a health=109/199 phase=0 ledge=0 joy=82c0
v1=fe
v1=0
CHARGE_FRAME 4937 state=11 room=9938 x=19 y=139 pose=000c health=109/199 phase=0 ledge=0 joy=0000
v1=ff
CHARGE_FRAME 5041 state=8 room=9938 x=134 y=139 pose=000c health=109/199 phase=0 ledge=0 joy=0000
v1=f8
v1=f8
v1=ff
v1=ff
v1=ff
v1=ff
v1=ff
v1=ff
v1=ff
CHARGE_FRAME 5206 state=11 room=9ad9 x=128 y=292 pose=0000 health=109/199 phase=0 ledge=0 joy=0000
CHARGE_FRAME 5221 state=11 room=9ad9 x=128 y=65534 pose=0000 health=109/199 phase=0 ledge=0 joy=0000
v1=ff
v1=ff
v1=ff
v1=ff
v1=ff
v1=ff
v1=ff
v1=ff
v1=ff
v1=ff
v1=ff
v1=ff
CHARGE_FRAME 5401 state=8 room=9ad9 x=128 y=149 pose=0000 health=109/199 phase=0 ledge=0 joy=0100
v1=ff
v1=ff
v1=ff
v1=ff
v1=ff
v1=ff
v1=ff
v1=ff
v1=ff
v1=ff
v1=ff
v1=ff
v1=ff
v1=ff
v1=ff
v1=ff
v1=ff
v1=ff
v1=ff
v1=ff
v1=ff
v1=ff
v1=ff
CHARGE_FRAME 5581 state=8 room=9ad9 x=128 y=419 pose=0000 health=109/199 phase=0 ledge=0 joy=0100
v1=ff
v1=ff
v1=ff
v1=ff
v1=ff
v1=ff
v1=ff
v1=ff
v1=ff
v1=ff
v1=ff
v1=ff
v1=ff
v1=ff
v1=ff
v1=ff
v1=ff
v1=ff
v1=ff
v1=ff
v1=ff
v1=ff
CHARGE_FRAME 5761 state=8 room=9ad9 x=129 y=683 pose=0026 health=109/199 phase=0 ledge=0 joy=0000
v1=f8
v1=fd
v1=f9
v1=ff
v1=ff
v1=ff
v1=ff
v1=ff
CHARGE_FRAME 5941 state=8 room=9ad9 x=132 y=907 pose=0032 health=109/199 phase=0 ledge=0 joy=0200
v1=ff
v1=ff
v1=ff
v1=ff
v1=ff
v1=ff
v1=ff
CHARGE_FRAME 6121 state=8 room=9ad9 x=156 y=1172 pose=0031 health=99/199 phase=0 ledge=0 joy=0000
v1=ff
v1=ff
v1=ff
v1=ff
v1=ff
v1=ff
v1=ff
v1=ff
CHARGE_FRAME 6301 state=8 room=9ad9 x=128 y=1390 pose=0032 health=99/199 phase=0 ledge=0 joy=0200
v1=ff
v1=ff
v1=ff
v1=ff
v1=fd
v1=f8
v1=ff
CHARGE_FRAME 6481 state=8 room=9ad9 x=200 y=1675 pose=0009 health=99/199 phase=0 ledge=0 joy=0000
v1=ff
v1=ff
v1=ff
v1=ff
v1=ff
v1=ff
v1=ff
CHARGE_FRAME 6635 state=11 room=9cb3 x=237 y=1675 pose=000b health=99/199 phase=0 ledge=0 joy=0000
CHARGE_FRAME 6661 state=11 room=9cb3 x=237 y=1675 pose=000b health=99/199 phase=0 ledge=0 joy=0000
v1=fe
v1=0
CHARGE_FRAME 6841 state=8 room=9cb3 x=186 y=171 pose=000b health=89/199 phase=0 ledge=0 joy=81c0
v1=0
v1=0
v1=fe
v1=fe
v1=fe
v1=fe
v1=fe
CHARGE_FRAME 7021 state=8 room=9cb3 x=709 y=139 pose=00a4 health=74/199 phase=0 ledge=0 joy=8140
v1=fe
v1=fe
v1=0
v1=fd
v1=f9
v1=ff
v1=ff
CHARGE_FRAME 7201 state=8 room=9cb3 x=939 y=185 pose=001e health=74/199 phase=0 ledge=0 joy=0100
v1=ff
v1=ff
v1=ff
v1=ff
v1=ff
v1=ff
v1=ff
CHARGE_FRAME 7381 state=8 room=9cb3 x=979 y=185 pose=001e health=74/199 phase=0 ledge=0 joy=0100
v1=ff
v1=ff
v1=ff
v1=ff
v1=ff
v1=ff
v1=ff
CHARGE_FRAME 7561 state=8 room=9cb3 x=1065 y=176 pose=003d health=74/199 phase=0 ledge=0 joy=81c0
v1=fd
v1=0
v1=fe
v1=fe
v1=fe
v1=fe
v1=fe
CHARGE_FRAME 7741 state=8 room=9cb3 x=1513 y=171 pose=000b health=74/199 phase=0 ledge=0 joy=8140
v1=0
v1=0
CHARGE_FRAME 7854 state=11 room=9d19 x=1772 y=139 pose=000b health=24/199 phase=0 ledge=0 joy=0000
CHARGE_FRAME 7921 state=11 room=9d19 x=545 y=651 pose=000b health=24/199 phase=0 ledge=0 joy=0000
v1=fd
v1=f9
v1=ff
v1=ff
v1=ff
v1=ff
v1=ff
CHARGE_FRAME 8101 state=8 room=9d19 x=944 y=672 pose=0031 health=24/199 phase=0 ledge=0 joy=0100
v1=ff
v1=ff
v1=ff
v1=ff
v1=ff
v1=ff
v1=ff
CHARGE_FRAME 8281 state=8 room=9d19 x=951 y=1315 pose=0031 health=24/199 phase=0 ledge=0 joy=0000
v1=ff
v1=ff
v1=ff
v1=ff
v1=ff
v1=ff
v1=ff
v1=ff
CHARGE_FRAME 8461 state=8 room=9d19 x=592 y=1539 pose=0031 health=24/199 phase=0 ledge=0 joy=0000
v1=ff
CHARGE_FRAME 8641 state=8 room=9d19 x=565 y=1668 pose=0032 health=24/199 phase=0 ledge=0 joy=0100
CHARGE_FRAME 8821 state=8 room=9d19 x=565 y=1668 pose=0032 health=24/199 phase=0 ledge=0 joy=0100
v1=ff
v1=ff
v1=ff
v1=ff
v1=ff
CHARGE_FRAME 9001 state=8 room=9d19 x=683 y=1679 pose=001e health=24/199 phase=0 ledge=0 joy=0140
v1=ff
v1=ff
v1=ff
v1=ff
v1=ff
v1=ff
v1=ff
v1=ff
CHARGE_FRAME 9181 state=8 room=9d19 x=661 y=1961 pose=0041 health=24/199 phase=2 ledge=2 joy=0240
v1=ff
v1=ff
v1=ff
v1=ff
v1=ff
v1=ff
v1=ff
CHARGE_FRAME 9361 state=8 room=9d19 x=613 y=1914 pose=0032 health=24/199 phase=2 ledge=2 joy=0240
v1=ff
v1=ff
v1=ff
v1=ff
CHARGE_FRAME 9541 state=8 room=9d19 x=612 y=1894 pose=0032 health=24/199 phase=2 ledge=2 joy=0100
CHARGE_FRAME 9721 state=8 room=9d19 x=612 y=1894 pose=0032 health=24/199 phase=2 ledge=2 joy=0100
v1=ff
v1=ff
v1=fd
CHARGE_FRAME 9901 state=8 room=9d19 x=620 y=1920 pose=0027 health=24/199 phase=1 ledge=1 joy=0040
v1=f6
v1=fe
v1=fe
v1=fe
v1=fe
CHARGE_ROUTE_OK: room=9d19 area=1 target=1 health=24
