AWAKEN_FRAME 1 state=0 room=0000/0000 x=0 y=0 pose=0000 health=0 items=0000 missiles=0/0 kills=0/0 events=00 stage=0
AWAKEN_FRAME 301 state=4 room=0000/0000 x=0 y=0 pose=0000 health=0 items=0000 missiles=0/0 kills=0/0 events=00 stage=0
AWAKEN_FRAME 601 state=30 room=0000/0000 x=0 y=0 pose=0000 health=99 items=0000 missiles=900/900 kills=0/0 events=00 stage=0
AWAKEN_FRAME 901 state=30 room=0000/0000 x=0 y=0 pose=0000 health=99 items=0000 missiles=900/900 kills=0/0 events=00 stage=0
AWAKEN_FRAME 1201 state=30 room=0000/0000 x=0 y=0 pose=0000 health=99 items=0000 missiles=900/900 kills=0/0 events=00 stage=0
AWAKEN_FRAME 1501 state=30 room=0000/0000 x=0 y=0 pose=0000 health=99 items=0000 missiles=900/900 kills=0/0 events=00 stage=0
AWAKEN_FRAME 1801 state=30 room=0000/0000 x=0 y=0 pose=0000 health=99 items=0000 missiles=900/900 kills=0/0 events=00 stage=0
v1=f6
AWAKEN_FRAME 2101 state=30 room=0000/0000 x=155 y=115 pose=0002 health=99 items=0000 missiles=900/900 kills=0/0 events=00 stage=0
v1=f6
v1=fe
v1=fe
v1=f8
v1=fe
v1=f8
AWAKEN_FRAME 2401 state=30 room=0000/0000 x=148 y=115 pose=0002 health=99 items=0000 missiles=897/900 kills=0/0 events=00 stage=0
v1=f6
v1=f6
v1=f6
v1=f6
v1=f6
v1=f6
AWAKEN_FRAME 2701 state=30 room=0000/0000 x=148 y=115 pose=0002 health=99 items=0000 missiles=896/900 kills=0/0 events=00 stage=0
AWAKEN_FRAME 3001 state=30 room=0000/0000 x=148 y=115 pose=0002 health=99 items=0000 missiles=896/900 kills=0/0 events=00 stage=0
AWAKEN_FRAME 3301 state=30 room=0000/0000 x=148 y=115 pose=0002 health=99 items=0000 missiles=896/900 kills=0/0 events=00 stage=0
v1=f6
v1=f6
v1=ff
v1=ff
v1=ff
v1=f6
AWAKEN_FRAME 3601 state=30 room=0000/0000 x=161 y=147 pose=0002 health=99 items=0000 missiles=896/900 kills=0/0 events=00 stage=0
v1=f6
v1=f6
v1=f6
v1=f6
v1=f6
v1=f6
v1=ff
v1=ff
v1=ff
v1=ff
AWAKEN_FRAME 3901 state=30 room=0000/0000 x=161 y=147 pose=0006 health=99 items=0000 missiles=896/900 kills=0/0 events=00 stage=0
v1=ff
v1=ff
v1=ff
v1=ff
v1=ff
v1=ff
v1=f6
v1=f6
v1=f6
v1=f6
v1=f6
AWAKEN_FRAME 4201 state=30 room=0000/0000 x=161 y=147 pose=0002 health=99 items=0000 missiles=896/900 kills=0/0 events=00 stage=0
v1=f6
v1=ff
v1=ff
AWAKEN_FRAME 4501 state=30 room=0000/0000 x=40 y=147 pose=000a health=99 items=0000 missiles=896/900 kills=0/0 events=00 stage=0
AWAKEN_FRAME 4801 state=30 room=0000/0000 x=40 y=147 pose=000a health=99 items=0000 missiles=896/900 kills=0/0 events=00 stage=0
AWAKEN_FRAME 5101 state=30 room=0000/0000 x=40 y=147 pose=000a health=99 items=0000 missiles=896/900 kills=0/0 events=00 stage=0
AWAKEN_FRAME 5401 state=30 room=0000/0000 x=40 y=147 pose=000a health=99 items=0000 missiles=896/900 kills=0/0 events=00 stage=0
AWAKEN_FRAME 5701 state=30 room=0000/0000 x=40 y=147 pose=000a health=99 items=0000 missiles=896/900 kills=0/0 events=00 stage=0
AWAKEN_FRAME 6001 state=30 room=0000/0000 x=40 y=147 pose=000a health=99 items=0000 missiles=896/900 kills=0/0 events=00 stage=0
AWAKEN_FRAME 6301 state=30 room=0000/0000 x=40 y=147 pose=000a health=99 items=0000 missiles=896/900 kills=0/0 events=00 stage=0
AWAKEN_FRAME 6601 state=30 room=0000/0000 x=40 y=147 pose=000a health=99 items=0000 missiles=896/900 kills=0/0 events=00 stage=0
AWAKEN_FRAME 6901 state=30 room=0000/0000 x=40 y=147 pose=000a health=99 items=0000 missiles=896/900 kills=0/0 events=00 stage=0
AWAKEN_FRAME 7201 state=30 room=0000/0000 x=40 y=147 pose=000a health=99 items=0000 missiles=896/900 kills=0/0 events=00 stage=0
AWAKEN_FRAME 7501 state=30 room=0000/0000 x=40 y=147 pose=000a health=99 items=0000 missiles=0/0 kills=0/0 events=00 stage=0
AWAKEN_FRAME 7801 state=30 room=0000/0000 x=40 y=147 pose=000a health=99 items=0000 missiles=0/0 kills=0/0 events=00 stage=0
AWAKEN_FRAME 8101 state=30 room=0000/0000 x=40 y=147 pose=000a health=99 items=0000 missiles=0/0 kills=0/0 events=00 stage=0
AWAKEN_FRAME 8139 state=31 room=df45/df57 x=128 y=72 pose=0000 health=99 items=0000 missiles=0/0 kills=0/0 events=00 stage=0
v1=ff
v1=f8
v1=fe
v1=fe
v1=fe
AWAKEN_FRAME 8401 state=8 room=df45/df57 x=180 y=148 pose=0029 health=99 items=0000 missiles=0/0 kills=0/0 events=00 stage=0
v1=fe
v1=f8
v1=fe
v1=fe
v1=fe
v1=fe
v1=fe
v1=fe
v1=fe
v1=fe
v1=f8
v1=fe
v1=fe
v1=fe
v1=fe
v1=fe
v1=fe
v1=fe
v1=fe
v1=fe
AWAKEN_FRAME 8701 state=8 room=df45/df57 x=231 y=651 pose=0009 health=99 items=0000 missiles=0/0 kills=0/0 events=00 stage=0
AWAKEN_FRAME 8721 state=11 room=df8d/df57 x=236 y=651 pose=0009 health=99 items=0000 missiles=0/0 kills=0/0 events=00 stage=0
v1=0
v1=0
v1=fe
v1=fe
v1=fe
v1=0
AWAKEN_FRAME 8990 state=11 room=dfd7/df9f x=492 y=139 pose=0009 health=99 items=0000 missiles=0/0 kills=0/0 events=00 stage=0
AWAKEN_FRAME 9001 state=11 room=dfd7/dfe9 x=65525 y=139 pose=0009 health=99 items=0000 missiles=0/0 kills=0/0 events=00 stage=0
v1=ff
v1=ff
v1=f8
v1=fe
v1=ff
v1=ff
v1=fe
v1=fe
v1=fe
v1=f8
v1=ff
AWAKEN_FRAME 9301 state=8 room=dfd7/dfe9 x=123 y=382 pose=0009 health=99 items=0000 missiles=0/0 kills=0/0 events=00 stage=0
v1=ff
AWAKEN_FRAME 9379 state=11 room=e021/dfe9 x=237 y=395 pose=0009 health=99 items=0000 missiles=0/0 kills=0/0 events=00 stage=0
v1=0
v1=0
v1=0
v1=0
v1=0
v1=ff
AWAKEN_FRAME 9601 state=11 room=e021/e033 x=492 y=139 pose=0009 health=99 items=0000 missiles=0/0 kills=0/0 events=00 stage=0
AWAKEN_FRAME 9618 state=11 room=e06b/e033 x=492 y=139 pose=0009 health=99 items=0000 missiles=0/0 kills=0/0 events=00 stage=0
v1=0
v1=0
v1=0
v1=0
v1=0
v1=ff
AWAKEN_FRAME 9845 state=11 room=e0b5/e07d x=492 y=139 pose=0009 health=99 items=0000 missiles=0/0 kills=0/0 events=00 stage=0
AWAKEN_FRAME 9901 state=11 room=e0b5/e0c7 x=25 y=139 pose=0009 health=99 items=0000 missiles=0/0 kills=0/0 events=00 stage=0
v1=fe
v1=f8
AWAKEN_FRAME 10201 state=8 room=e0b5/e0c7 x=159 y=187 pose=0002 health=99 items=0000 missiles=0/0 kills=0/0 events=00 stage=0
AWAKEN_FRAME 10501 state=8 room=e0b5/e0c7 x=159 y=187 pose=0002 health=99 items=0000 missiles=0/0 kills=0/0 events=00 stage=0
v1=f8
v1=f8
v1=f8
AWAKEN_FRAME 10801 state=8 room=e0b5/e0c7 x=149 y=174 pose=0029 health=84 items=0000 missiles=0/0 kills=0/0 events=00 stage=0
v1=f8
v1=f8
AWAKEN_FRAME 11101 state=8 room=e0b5/e0c7 x=176 y=164 pose=0053 health=64 items=0000 missiles=0/0 kills=0/0 events=00 stage=0
v1=f8
v1=f8
v1=f8
v1=f8
AWAKEN_FRAME 11401 state=8 room=e0b5/e0c7 x=157 y=188 pose=0029 health=34 items=0000 missiles=0/0 kills=0/0 events=00 stage=0
v1=fe
v1=f8
v1=f8
v1=f8
v1=f6
v1=fe
AWAKEN_FRAME 11701 state=8 room=e0b5/e0c7 x=164 y=187 pose=0002 health=19 items=0000 missiles=0/0 kills=0/0 events=00 stage=0
v1=fe
v1=fe
v1=f8
v1=f6
v1=fe
v1=fe
v1=fe
v1=fe
v1=fe
v1=fe
AWAKEN_FRAME 12001 state=8 room=e0b5/e0c7 x=235 y=187 pose=0002 health=19 items=0000 missiles=0/0 kills=0/0 events=00 stage=0
v1=fe
v1=fe
v1=fe
v1=fe
v1=fd
AWAKEN_FRAME 12244 state=11 room=e06b/e0c7 x=20 y=139 pose=000a health=19 items=0000 missiles=0/0 kills=0/0 events=00 stage=0
AWAKEN_FRAME 12301 state=11 room=e06b/e097 x=486 y=139 pose=000a health=19 items=0000 missiles=0/0 kills=0/0 events=00 stage=0
v1=0
v1=0
v1=0
v1=0
v1=0
v1=ff
AWAKEN_FRAME 12471 state=11 room=e021/e097 x=20 y=139 pose=000a health=19 items=0000 missiles=0/0 kills=0/0 events=00 stage=0
v1=0
v1=0
AWAKEN_FRAME 12601 state=8 room=e021/e04d x=292 y=187 pose=000a health=19 items=0000 missiles=0/0 kills=0/0 events=00 stage=0
v1=0
v1=0
v1=0
AWAKEN_FRAME 12704 state=11 room=dfd7/e04d x=19 y=139 pose=000a health=19 items=0000 missiles=0/0 kills=0/0 events=00 stage=0
v1=0
v1=fe
v1=ff
v1=ff
AWAKEN_FRAME 12901 state=8 room=dfd7/e003 x=83 y=267 pose=004b health=19 items=0000 missiles=0/0 kills=0/0 events=00 stage=0
v1=fd
v1=fe
v1=fe
v1=fe
v1=fe
v1=fe
v1=fe
v1=fe
v1=fe
v1=fe
v1=fe
v1=fe
v1=fe
v1=fe
v1=fd
v1=fe
v1=fe
v1=fe
v1=fe
v1=fe
v1=fe
v1=fe
v1=ff
v1=ff
v1=f8
v1=0
v1=0
AWAKEN_FRAME 13125 state=11 room=df8d/e003 x=20 y=139 pose=000a health=19 items=0000 missiles=0/0 kills=0/0 events=00 stage=0
AWAKEN_FRAME 13201 state=11 room=df8d/dfb9 x=487 y=139 pose=000a health=19 items=0000 missiles=0/0 kills=0/0 events=00 stage=0
v1=0
v1=fe
v1=fe
v1=fe
v1=fe
v1=fe
v1=0
AWAKEN_FRAME 13501 state=11 room=df8d/dfb9 x=20 y=139 pose=000a health=19 items=0000 missiles=0/0 kills=0/0 events=00 stage=0
AWAKEN_FRAME 13503 state=11 room=df45/dfb9 x=20 y=139 pose=000a health=19 items=0000 missiles=0/0 kills=0/0 events=00 stage=0
v1=fe
v1=fe
v1=fd
v1=fe
v1=fe
v1=fe
v1=fd
v1=fe
v1=fe
v1=fe
v1=fe
v1=fe
v1=fe
v1=fe
v1=fe
v1=fe
v1=fe
v1=fe
v1=fd
AWAKEN_FRAME 13801 state=8 room=df45/df71 x=103 y=417 pose=004d health=19 items=0000 missiles=0/0 kills=0/0 events=00 stage=0
v1=f8
v1=fe
v1=fe
v1=fe
v1=fe
v1=fe
v1=fe
v1=fe
v1=fe
v1=fe
v1=fd
v1=f8
v1=fe
v1=fe
v1=fe
v1=fe
v1=fe
v1=fe
v1=fe
v1=fe
v1=fe
v1=fe
v1=fe
v1=fe
v1=fe
v1=fe
v1=fd
v1=fe
v1=fe
v1=fe
v1=fe
v1=fe
v1=f8
v1=fe
v1=fe
v1=fe
v1=fe
v1=fd
v1=f8
v1=fe
v1=fe
v1=fe
v1=fe
v1=fe
v1=fe
v1=fe
v1=fe
v1=fe
v1=fd
AWAKEN_FRAME 14101 state=8 room=df45/df71 x=171 y=123 pose=0053 health=19 items=0000 missiles=0/0 kills=0/0 events=00 stage=0
v1=fe
v1=fe
v1=fe
v1=fd
v1=f8
v1=fe
v1=fe
v1=fe
v1=fe
v1=fe
v1=fe
v1=fe
v1=fe
v1=fe
AWAKEN_FRAME 14401 state=34 room=df45/df71 x=144 y=75 pose=0002 health=19 items=0000 missiles=0/0 kills=0/0 events=00 stage=0
AWAKEN_FRAME 14701 state=34 room=df45/df71 x=144 y=75 pose=0002 health=19 items=0000 missiles=0/0 kills=0/0 events=00 stage=0
AWAKEN_FRAME 15001 state=34 room=df45/df71 x=144 y=75 pose=0002 health=19 items=0000 missiles=0/0 kills=0/0 events=00 stage=0
AWAKEN_FRAME 15301 state=34 room=df45/df71 x=144 y=75 pose=0002 health=19 items=0000 missiles=0/0 kills=0/0 events=00 stage=0
AWAKEN_FRAME 15601 state=34 room=df45/df71 x=144 y=75 pose=0002 health=19 items=0000 missiles=0/0 kills=0/0 events=00 stage=0
AWAKEN_FRAME 15901 state=34 room=df45/df71 x=144 y=75 pose=0002 health=19 items=0000 missiles=0/0 kills=0/0 events=00 stage=0
AWAKEN_FRAME 16098 state=6 room=91f8/9213 x=1152 y=128 pose=0000 health=99 items=0000 missiles=0/0 kills=0/0 events=00 stage=0
AWAKEN_FRAME 16201 state=7 room=91f8/9213 x=1152 y=249 pose=0000 health=99 items=0000 missiles=0/0 kills=0/0 events=00 stage=0
AWAKEN_FRAME 16501 state=8 room=91f8/9213 x=1153 y=1137 pose=0000 health=99 items=0000 missiles=0/0 kills=0/0 events=00 stage=0
AWAKEN_FRAME 16801 state=8 room=91f8/9213 x=1153 y=1088 pose=0000 health=99 items=0000 missiles=0/0 kills=0/0 events=00 stage=0
v1=ff
v1=f8
v1=0
v1=fe
v1=fe
v1=0
v1=0
v1=0
v1=0
v1=0
v1=0
v1=0
v1=0
v1=0
v1=0
AWAKEN_FRAME 17101 state=8 room=91f8/9213 x=36 y=1163 pose=000a health=99 items=0000 missiles=0/0 kills=0/0 events=00 stage=0
AWAKEN_FRAME 17130 state=11 room=92fd/9213 x=17 y=1163 pose=000c health=99 items=0000 missiles=0/0 kills=0/0 events=00 stage=0
v1=fe
v1=fe
v1=ff
v1=fd
v1=fe
v1=fe
v1=fe
v1=fe
v1=fe
v1=fe
v1=fe
v1=fe
v1=fe
v1=fe
v1=fe
v1=fe
v1=fe
v1=fe
v1=fe
v1=fe
AWAKEN_FRAME 17401 state=8 room=92fd/9314 x=953 y=91 pose=000a health=99 items=0000 missiles=0/0 kills=0/0 events=00 stage=0
v1=0
v1=fe
v1=fe
v1=fe
v1=fe
v1=fe
v1=0
v1=0
v1=fe
v1=fe
v1=fe
v1=fe
v1=fe
v1=fe
v1=fe
AWAKEN_FRAME 17701 state=8 room=92fd/9314 x=339 y=333 pose=002a health=99 items=0000 missiles=0/0 kills=0/0 events=00 stage=0
v1=f8
v1=fe
v1=fe
v1=fe
v1=fe
v1=f8
v1=fe
v1=fe
v1=fe
v1=f8
v1=ff
v1=fe
v1=fe
v1=fe
v1=fe
v1=fe
v1=f8
v1=fe
v1=fe
v1=fe
v1=fe
v1=fe
AWAKEN_FRAME 18001 state=8 room=92fd/9314 x=372 y=869 pose=002a health=99 items=0000 missiles=0/0 kills=0/0 events=00 stage=0
v1=fe
v1=fe
v1=fe
v1=fe
v1=fe
v1=fe
v1=fe
v1=fe
v1=fe
v1=fe
v1=fe
v1=f8
v1=f0
v1=f8
v1=fe
AWAKEN_FRAME 18258 state=11 room=96ba/9314 x=375 y=1257 pose=002d health=99 items=0000 missiles=0/0 kills=0/0 events=00 stage=0
AWAKEN_FRAME 18301 state=11 room=96ba/96d1 x=375 y=66 pose=002d health=99 items=0000 missiles=0/0 kills=0/0 events=00 stage=0
v1=f8
v1=fd
v1=fe
v1=fe
v1=fe
v1=fe
v1=fe
v1=fe
v1=fe
v1=fe
v1=fe
v1=fe
v1=f8
v1=fe
v1=fe
v1=fe
v1=f8
v1=fe
v1=fe
v1=fe
v1=fe
v1=fe
v1=f8
v1=fe
v1=fe
v1=fe
v1=fe
AWAKEN_FRAME 18601 state=8 room=96ba/96d1 x=396 y=488 pose=0067 health=99 items=0000 missiles=0/0 kills=0/0 events=00 stage=0
v1=fe
v1=fe
v1=f8
v1=fe
v1=fe
v1=fe
v1=fe
v1=fe
v1=f8
v1=fe
v1=fe
v1=f8
v1=fe
v1=fe
v1=fe
v1=fe
v1=fe
v1=f8
v1=fe
v1=fe
v1=f8
AWAKEN_FRAME 18901 state=8 room=96ba/96d1 x=372 y=1048 pose=0068 health=99 items=0000 missiles=0/0 kills=0/0 events=00 stage=0
v1=fe
v1=fe
v1=fe
v1=fe
v1=fe
v1=f8
v1=fe
v1=fe
v1=f8
v1=fe
v1=fe
v1=fe
v1=fe
v1=fe
v1=f8
v1=fe
v1=fe
v1=f8
v1=fe
v1=fe
v1=fe
v1=fe
v1=fe
AWAKEN_FRAME 19201 state=8 room=96ba/96d1 x=372 y=1737 pose=0068 health=99 items=0000 missiles=0/0 kills=0/0 events=00 stage=0
v1=f8
v1=fe
v1=fe
v1=f8
v1=fe
v1=fe
v1=fe
v1=fe
v1=fe
v1=f8
v1=fe
v1=fe
v1=fe
v1=fe
v1=fe
v1=fe
v1=fe
v1=fe
AWAKEN_FRAME 19491 state=11 room=975c/96d1 x=493 y=2187 pose=000b health=99 items=0000 missiles=0/0 kills=0/0 events=00 stage=0
AWAKEN_FRAME 19501 state=11 room=975c/976d x=65526 y=139 pose=000b health=99 items=0000 missiles=0/0 kills=0/0 events=00 stage=0
v1=fe
v1=fe
v1=fe
v1=fe
v1=fd
v1=fe
v1=fe
v1=fe
v1=fe
v1=fe
v1=fe
v1=fe
v1=fe
v1=fe
v1=fe
v1=fe
v1=fe
v1=fe
v1=fe
v1=fe
v1=fe
v1=fe
v1=fe
v1=fe
v1=fe
v1=fe
v1=0
v1=ff
v1=fd
v1=fe
v1=fe
AWAKEN_FRAME 19801 state=8 room=975c/976d x=299 y=148 pose=0051 health=99 items=0000 missiles=0/0 kills=0/0 events=00 stage=0
v1=fe
v1=fe
v1=fe
v1=fe
v1=fe
v1=fe
v1=fe
v1=fe
v1=fe
v1=fe
v1=fe
v1=fe
v1=fe
v1=fe
v1=fe
v1=fe
v1=fe
v1=fe
v1=fe
v1=fd
v1=fe
v1=fe
v1=fe
v1=fe
v1=fe
v1=fe
v1=fe
v1=fd
v1=fe
v1=fe
v1=fe
v1=fe
v1=fe
v1=fe
v1=fe
v1=fe
v1=fe
v1=fe
v1=fe
v1=fe
v1=fe
v1=fe
v1=fe
v1=fe
v1=fe
v1=fe
v1=fe
v1=fe
v1=fe
v1=fd
v1=fe
v1=fe
v1=fe
v1=fe
v1=fe
v1=fe
v1=fe
v1=fd
v1=fe
v1=fe
v1=fe
v1=fe
v1=fe
v1=fe
v1=fe
v1=fe
v1=fe
v1=fe
v1=fe
v1=fe
v1=fe
v1=fe
v1=fe
v1=fe
v1=fe
v1=fe
v1=fe
v1=fe
v1=fe
v1=fd
AWAKEN_FRAME 20101 state=8 room=975c/976d x=601 y=187 pose=004d health=99 items=0000 missiles=0/0 kills=0/0 events=00 stage=0
v1=fe
v1=fe
v1=fe
v1=fe
v1=fe
v1=fe
v1=fe
v1=fd
v1=fe
v1=fe
v1=fe
v1=fe
v1=fe
v1=fe
v1=fe
v1=fe
v1=fe
v1=fe
v1=fe
v1=fe
v1=fe
v1=fe
v1=fe
v1=fe
v1=fe
v1=fe
v1=fe
v1=fe
v1=fe
v1=fd
v1=fe
v1=fe
v1=fe
v1=fe
v1=fe
v1=fe
v1=fe
v1=fe
v1=fe
v1=fe
v1=fe
v1=fe
v1=fe
v1=fe
v1=fe
v1=fe
v1=fe
v1=fe
v1=fe
AWAKEN_FRAME 20305 state=11 room=97b5/976d x=748 y=139 pose=000b health=99 items=0000 missiles=0/0 kills=0/0 events=00 stage=0
AWAKEN_FRAME 20401 state=8 room=97b5/97c6 x=58 y=139 pose=000b health=99 items=0000 missiles=0/0 kills=0/0 events=00 stage=0
v1=ff
v1=fd
v1=fd
v1=ff
v1=ff
v1=ff
v1=ff
v1=ff
v1=ff
v1=ff
AWAKEN_FRAME 20577 state=11 room=9e9f/97c6 x=128 y=292 pose=0000 health=99 items=0000 missiles=0/0 kills=0/0 events=00 stage=0
v1=ff
v1=ff
v1=ff
v1=ff
v1=ff
AWAKEN_FRAME 20701 state=8 room=9e9f/9eb1 x=1408 y=65 pose=0000 health=99 items=0000 missiles=0/0 kills=0/0 events=00 stage=0
v1=ff
v1=ff
v1=ff
v1=ff
v1=ff
v1=ff
v1=ff
v1=ff
v1=ff
v1=ff
v1=ff
v1=ff
v1=ff
v1=ff
v1=ff
v1=ff
v1=ff
v1=ff
v1=ff
v1=ff
v1=ff
v1=ff
v1=ff
v1=ff
v1=ff
v1=ff
v1=ff
v1=ff
v1=ff
v1=ff
v1=ff
v1=ff
v1=ff
v1=ff
v1=ff
v1=ff
v1=ff
v1=ff
AWAKEN_FRAME 21001 state=8 room=9e9f/9eb1 x=1408 y=515 pose=0000 health=99 items=0000 missiles=0/0 kills=0/0 events=00 stage=0
v1=ff
v1=ff
v1=ff
v1=ff
v1=ff
v1=ff
v1=ff
v1=ff
v1=ff
v1=ff
v1=ff
v1=ff
v1=ff
v1=ff
v1=fe
v1=fe
v1=fe
v1=fe
v1=fe
v1=fe
AWAKEN_FRAME 21301 state=8 room=9e9f/9eb1 x=1269 y=623 pose=001a health=99 items=0000 missiles=0/0 kills=0/0 events=00 stage=0
v1=fd
v1=fe
v1=fe
v1=fe
v1=fe
v1=fe
v1=fe
v1=fe
v1=fe
v1=0
v1=fe
v1=fe
v1=fe
v1=fe
v1=fe
v1=fd
v1=fe
v1=fe
v1=fe
v1=fe
v1=fe
v1=fe
v1=fe
v1=fe
v1=fe
v1=fe
v1=fe
v1=fe
v1=fe
v1=fe
v1=fe
v1=fe
v1=fe
v1=fe
v1=fe
AWAKEN_FRAME 21601 state=8 room=9e9f/9eb1 x=1103 y=639 pose=0052 health=99 items=0004 missiles=0/0 kills=0/0 events=00 stage=0
v1=fe
v1=fe
v1=f8
v1=fd
AWAKEN_FRAME 21901 state=8 room=9e9f/9eb1 x=1103 y=656 pose=0028 health=99 items=0004 missiles=0/0 kills=0/0 events=00 stage=0
v1=f9
v1=ff
v1=ff
v1=fd
v1=f6
v1=f9
v1=ff
v1=fd
v1=ff
v1=ff
v1=fd
v1=fe
v1=fe
v1=fe
v1=fe
v1=fe
v1=fe
v1=0
AWAKEN_FRAME 22201 state=8 room=9e9f/9eb1 x=1493 y=690 pose=0067 health=99 items=0004 missiles=0/0 kills=0/0 events=00 stage=0
v1=0
v1=0
v1=fe
v1=fe
v1=fe
AWAKEN_FRAME 22389 state=11 room=9f11/9eb1 x=2031 y=651 pose=000b health=99 items=0004 missiles=0/0 kills=0/0 events=00 stage=0
v1=fe
AWAKEN_FRAME 22501 state=8 room=9f11/9f23 x=89 y=100 pose=006b health=99 items=0004 missiles=0/0 kills=0/0 events=00 stage=0
v1=f0
v1=fe
v1=f8
v1=fd
v1=fe
v1=fe
v1=fe
v1=fe
v1=fe
v1=fe
v1=fe
v1=f8
v1=fd
v1=f9
v1=ff
v1=fd
AWAKEN_FRAME 22801 state=8 room=9f11/9f23 x=39 y=395 pose=000c health=99 items=0004 missiles=0/0 kills=0/0 events=00 stage=0
AWAKEN_FRAME 22838 state=11 room=a107/9f23 x=17 y=395 pose=000c health=99 items=0004 missiles=0/0 kills=0/0 events=00 stage=0
v1=fe
v1=fe
AWAKEN_FRAME 23101 state=8 room=a107/a114 x=85 y=139 pose=008a health=99 items=0004 missiles=5/5 kills=0/0 events=00 stage=0
AWAKEN_FRAME 23401 state=8 room=a107/a114 x=85 y=139 pose=008a health=99 items=0004 missiles=5/5 kills=0/0 events=00 stage=0
v1=ff
v1=f8
v1=0
v1=0
AWAKEN_FRAME 23502 state=11 room=9f11/a114 x=239 y=139 pose=000b health=99 items=0004 missiles=4/5 kills=0/0 events=00 stage=0
v1=fd
v1=f9
v1=ff
v1=fd
AWAKEN_FRAME 23701 state=8 room=9f11/9f23 x=141 y=400 pose=0027 health=99 items=0004 missiles=4/5 kills=0/0 events=00 stage=0
v1=f6
v1=fd
v1=f8
v1=fe
v1=fe
v1=fe
v1=fe
v1=fe
v1=fe
v1=fe
v1=fe
v1=fe
v1=fd
v1=fe
v1=fe
v1=fe
v1=fe
v1=fe
v1=fe
v1=f8
v1=fd
v1=fe
v1=fe
v1=fe
v1=fe
v1=fe
v1=fe
v1=fe
v1=f8
v1=fe
v1=fe
v1=fe
v1=fe
v1=fe
v1=fe
v1=fd
AWAKEN_FRAME 24001 state=8 room=9f11/9f23 x=113 y=212 pose=004e health=99 items=0004 missiles=4/5 kills=0/0 events=00 stage=3
v1=fe
v1=fe
v1=fe
v1=fe
v1=fe
v1=fe
v1=fe
v1=fe
v1=fe
v1=fe
v1=fe
v1=fe
v1=fe
v1=fe
v1=fe
v1=fe
v1=fe
v1=fe
v1=fe
v1=fe
v1=fd
v1=fe
v1=fe
v1=fe
v1=fe
v1=fe
v1=fe
v1=fe
v1=fe
v1=fe
v1=fe
v1=fe
v1=fe
v1=fe
v1=fe
v1=fe
v1=fe
v1=fe
v1=fe
v1=fe
v1=fe
v1=fd
v1=fe
v1=fe
v1=fe
v1=fe
v1=fe
v1=fe
v1=fe
v1=fe
v1=fe
v1=fe
v1=fe
v1=fe
v1=fe
v1=fe
v1=fe
v1=fe
v1=fe
v1=fe
v1=fe
v1=fe
v1=fd
AWAKEN_FRAME 24301 state=8 room=9f11/9f23 x=101 y=144 pose=004e health=99 items=0004 missiles=4/5 kills=0/0 events=00 stage=3
v1=fe
v1=fe
v1=fe
v1=fe
v1=fe
v1=fe
v1=fe
v1=fe
v1=fe
v1=fe
v1=fe
v1=fe
v1=fe
v1=fe
v1=fe
v1=fd
v1=fe
v1=fe
v1=fe
v1=fe
v1=fe
v1=fe
v1=fe
v1=fe
v1=fe
v1=fe
v1=fe
v1=fe
v1=fe
v1=fe
v1=fe
v1=fe
v1=fe
v1=fe
v1=fe
v1=fe
v1=fe
AWAKEN_FRAME 24475 state=11 room=9e9f/9f23 x=17 y=139 pose=000c health=99 items=0004 missiles=4/5 kills=0/0 events=00 stage=4
AWAKEN_FRAME 24601 state=8 room=9e9f/9eb1 x=1972 y=624 pose=001a health=99 items=0004 missiles=4/5 kills=0/0 events=00 stage=0
v1=fe
v1=fe
v1=fe
v1=0
v1=0
v1=fe
v1=fe
v1=fe
v1=fe
v1=0
v1=f8
v1=f8
v1=f8
AWAKEN_FRAME 24901 state=8 room=9e9f/9eb1 x=1408 y=672 pose=0000 health=99 items=0004 missiles=4/5 kills=0/0 events=00 stage=0
v1=ff
v1=ff
v1=ff
v1=ff
v1=ff
v1=ff
v1=ff
v1=ff
v1=ff
v1=ff
v1=ff
v1=ff
v1=ff
v1=ff
v1=ff
v1=ff
v1=ff
v1=ff
v1=ff
v1=ff
v1=ff
v1=ff
v1=ff
v1=ff
v1=ff
v1=ff
v1=ff
v1=ff
v1=ff
v1=ff
v1=ff
v1=ff
v1=ff
v1=ff
v1=ff
v1=ff
v1=ff
v1=ff
AWAKEN_FRAME 25201 state=8 room=9e9f/9eb1 x=1408 y=222 pose=0000 health=99 items=0004 missiles=4/5 kills=0/0 events=00 stage=0
v1=ff
v1=ff
v1=ff
v1=ff
v1=ff
v1=ff
v1=ff
v1=ff
v1=ff
v1=ff
v1=ff
v1=ff
v1=ff
v1=ff
v1=ff
v1=ff
v1=ff
v1=ff
v1=ff
AWAKEN_FRAME 25370 state=11 room=97b5/9eb1 x=1408 y=65531 pose=0000 health=99 items=0004 missiles=4/5 kills=0/0 events=00 stage=0
AWAKEN_FRAME 25501 state=8 room=97b5/97e0 x=128 y=216 pose=0000 health=99 items=0004 missiles=4/5 kills=0/0 events=00 stage=0
v1=f8
v1=0
AWAKEN_FRAME 25624 state=11 room=975c/97e0 x=17 y=139 pose=000c health=99 items=0004 missiles=4/5 kills=0/0 events=00 stage=0
v1=fe
v1=fe
v1=ff
v1=ff
AWAKEN_FRAME 25801 state=8 room=975c/9787 x=677 y=187 pose=008a health=99 items=0004 missiles=4/5 kills=1/5 events=00 stage=0
v1=fd
v1=fe
v1=fe
v1=fe
v1=fe
v1=fe
v1=fe
v1=fe
v1=fe
v1=fe
v1=fe
v1=fe
v1=fe
v1=fe
v1=fe
v1=fe
v1=fe
v1=fe
v1=fe
v1=fe
v1=fe
v1=fe
v1=fd
v1=fe
v1=fe
v1=fe
v1=fe
v1=fe
v1=fe
v1=fe
v1=fd
v1=fe
v1=fe
v1=fe
v1=fe
v1=fe
v1=fe
v1=fe
v1=fe
v1=fe
v1=fe
v1=fe
v1=fe
v1=fe
v1=fe
v1=fe
v1=fe
v1=fe
v1=fe
v1=fe
v1=fe
v1=fe
v1=fd
v1=fe
v1=fe
v1=fe
v1=fe
v1=fe
v1=fe
v1=fe
v1=fd
v1=fe
v1=fe
v1=fe
v1=fe
v1=fe
v1=fe
v1=fe
v1=fe
v1=fe
v1=fe
v1=fe
v1=fe
v1=fe
v1=fe
v1=fe
v1=fe
v1=fe
AWAKEN_FRAME 26101 state=8 room=975c/9787 x=405 y=149 pose=0052 health=99 items=0004 missiles=5/5 kills=3/5 events=00 stage=0
v1=fe
v1=fe
v1=fe
v1=fe
v1=fd
v1=fe
v1=fe
v1=fe
v1=fe
v1=fe
v1=fe
v1=fe
v1=fd
v1=fe
v1=fe
v1=fe
v1=fe
v1=fe
v1=fe
v1=fe
v1=fe
v1=fe
v1=fe
v1=fe
v1=fe
v1=fe
v1=fe
v1=fe
v1=fe
v1=fe
v1=fe
v1=fe
v1=fe
v1=fe
v1=fd
v1=fe
v1=f8
v1=fe
v1=fe
v1=fe
v1=fd
v1=fe
v1=fe
v1=fe
v1=fe
v1=fe
v1=fe
v1=fe
v1=fe
v1=fe
v1=fe
v1=fe
v1=fe
v1=fe
v1=fe
v1=fe
v1=fe
v1=fe
v1=fe
v1=fe
v1=fe
v1=fe
v1=fd
v1=fe
v1=fe
v1=fe
v1=fe
v1=fe
v1=fe
v1=fe
AWAKEN_FRAME 26401 state=8 room=975c/9787 x=427 y=187 pose=0089 health=99 items=0004 missiles=5/5 kills=4/5 events=00 stage=0
AWAKEN_ENEMY slot=1 id=f353 x=688 y=90 health=20 ai=f04f
v1=fd
v1=fe
v1=fe
v1=fe
v1=fe
v1=fe
v1=fe
v1=fe
v1=fe
v1=fe
v1=fe
v1=fe
v1=fe
v1=fe
v1=fe
v1=fe
v1=fe
v1=fe
v1=fe
v1=fe
v1=fe
v1=fe
v1=fd
v1=fe
v1=fe
v1=fe
v1=fe
v1=fe
v1=fe
v1=fe
v1=fd
v1=fe
v1=fe
v1=fe
v1=fe
v1=fe
v1=fe
v1=fe
v1=fe
v1=fe
v1=fe
v1=fe
v1=fe
v1=fe
v1=fe
AWAKEN_ROUTE_OK: missiles=1 awake=1
