MISSILE_FRAME 1 state=0 room=0000 x=0 y=0 pose=0000 health=0 items=0000 missiles=0/0 selected=0 kills=0/0 events=00 stage=0
MISSILE_FRAME 601 state=30 room=0000 x=0 y=0 pose=0000 health=99 items=0000 missiles=900/900 selected=0 kills=0/0 events=00 stage=0
MISSILE_FRAME 1201 state=30 room=0000 x=0 y=0 pose=0000 health=99 items=0000 missiles=900/900 selected=0 kills=0/0 events=00 stage=0
MISSILE_FRAME 1801 state=30 room=0000 x=0 y=0 pose=0000 health=99 items=0000 missiles=900/900 selected=0 kills=0/0 events=00 stage=0
v1=f6
v1=f6
v1=fe
v1=fe
v1=f8
v1=fe
v1=f8
MISSILE_FRAME 2401 state=30 room=0000 x=148 y=115 pose=0002 health=99 items=0000 missiles=897/900 selected=1 kills=0/0 events=00 stage=0
v1=f6
v1=f6
v1=f6
v1=f6
v1=f6
v1=f6
MISSILE_FRAME 3001 state=30 room=0000 x=148 y=115 pose=0002 health=99 items=0000 missiles=896/900 selected=1 kills=0/0 events=00 stage=0
v1=f6
v1=f6
v1=ff
v1=ff
v1=ff
v1=f6
MISSILE_FRAME 3601 state=30 room=0000 x=161 y=147 pose=0002 health=99 items=0000 missiles=896/900 selected=0 kills=0/0 events=00 stage=0
v1=f6
v1=f6
v1=f6
v1=f6
v1=f6
v1=f6
v1=ff
v1=ff
v1=ff
v1=ff
v1=ff
v1=ff
v1=ff
v1=ff
v1=ff
v1=ff
v1=f6
v1=f6
v1=f6
v1=f6
v1=f6
MISSILE_FRAME 4201 state=30 room=0000 x=161 y=147 pose=0002 health=99 items=0000 missiles=896/900 selected=0 kills=0/0 events=00 stage=0
v1=f6
v1=ff
v1=ff
MISSILE_FRAME 4801 state=30 room=0000 x=40 y=147 pose=000a health=99 items=0000 missiles=896/900 selected=0 kills=0/0 events=00 stage=0
MISSILE_FRAME 5401 state=30 room=0000 x=40 y=147 pose=000a health=99 items=0000 missiles=896/900 selected=0 kills=0/0 events=00 stage=0
MISSILE_FRAME 6001 state=30 room=0000 x=40 y=147 pose=000a health=99 items=0000 missiles=896/900 selected=0 kills=0/0 events=00 stage=0
MISSILE_FRAME 6601 state=30 room=0000 x=40 y=147 pose=000a health=99 items=0000 missiles=896/900 selected=0 kills=0/0 events=00 stage=0
MISSILE_FRAME 7201 state=30 room=0000 x=40 y=147 pose=000a health=99 items=0000 missiles=896/900 selected=0 kills=0/0 events=00 stage=0
MISSILE_FRAME 7801 state=30 room=0000 x=40 y=147 pose=000a health=99 items=0000 missiles=0/0 selected=0 kills=0/0 events=00 stage=0
MISSILE_FRAME 8139 state=31 room=df45 x=128 y=72 pose=0000 health=99 items=0000 missiles=0/0 selected=0 kills=0/0 events=00 stage=0
v1=ff
v1=f8
v1=fe
v1=fe
v1=fe
MISSILE_FRAME 8401 state=8 room=df45 x=180 y=148 pose=0029 health=99 items=0000 missiles=0/0 selected=0 kills=0/0 events=00 stage=0
v1=fe
v1=f8
v1=fe
v1=fe
v1=fe
v1=fe
v1=fe
v1=fe
v1=fe
v1=fe
v1=f8
v1=fe
v1=fe
v1=fe
v1=fe
v1=fe
v1=fe
v1=fe
v1=fe
v1=fe
MISSILE_FRAME 8721 state=11 room=df8d x=236 y=651 pose=0009 health=99 items=0000 missiles=0/0 selected=0 kills=0/0 events=00 stage=0
v1=0
v1=0
v1=fe
v1=fe
v1=fe
v1=0
MISSILE_FRAME 8990 state=11 room=dfd7 x=492 y=139 pose=0009 health=99 items=0000 missiles=0/0 selected=0 kills=0/0 events=00 stage=0
MISSILE_FRAME 9001 state=11 room=dfd7 x=65525 y=139 pose=0009 health=99 items=0000 missiles=0/0 selected=0 kills=0/0 events=00 stage=0
v1=ff
v1=ff
v1=f8
v1=fe
v1=ff
v1=ff
v1=fe
v1=fe
v1=fe
v1=f8
v1=ff
v1=ff
MISSILE_FRAME 9379 state=11 room=e021 x=237 y=395 pose=0009 health=99 items=0000 missiles=0/0 selected=0 kills=0/0 events=00 stage=0
v1=0
v1=0
v1=0
v1=0
v1=0
v1=ff
MISSILE_FRAME 9601 state=11 room=e021 x=492 y=139 pose=0009 health=99 items=0000 missiles=0/0 selected=0 kills=0/0 events=00 stage=0
MISSILE_FRAME 9618 state=11 room=e06b x=492 y=139 pose=0009 health=99 items=0000 missiles=0/0 selected=0 kills=0/0 events=00 stage=0
v1=0
v1=0
v1=0
v1=0
v1=0
v1=ff
MISSILE_FRAME 9845 state=11 room=e0b5 x=492 y=139 pose=0009 health=99 items=0000 missiles=0/0 selected=0 kills=0/0 events=00 stage=0
v1=fe
v1=f8
MISSILE_FRAME 10201 state=8 room=e0b5 x=159 y=187 pose=0002 health=99 items=0000 missiles=0/0 selected=0 kills=0/0 events=00 stage=0
v1=f8
v1=f8
v1=f8
MISSILE_FRAME 10801 state=8 room=e0b5 x=149 y=174 pose=0029 health=84 items=0000 missiles=0/0 selected=0 kills=0/0 events=00 stage=0
v1=f8
v1=f8
v1=f8
v1=f8
v1=f8
v1=f8
MISSILE_FRAME 11401 state=8 room=e0b5 x=157 y=188 pose=0029 health=34 items=0000 missiles=0/0 selected=0 kills=0/0 events=00 stage=0
v1=fe
v1=f8
v1=f8
v1=f8
v1=f6
v1=fe
v1=fe
v1=fe
v1=f8
v1=f6
v1=fe
v1=fe
v1=fe
v1=fe
v1=fe
v1=fe
MISSILE_FRAME 12001 state=8 room=e0b5 x=235 y=187 pose=0002 health=19 items=0000 missiles=0/0 selected=0 kills=0/0 events=00 stage=0
v1=fe
v1=fe
v1=fe
v1=fe
v1=fd
MISSILE_FRAME 12244 state=11 room=e06b x=20 y=139 pose=000a health=19 items=0000 missiles=0/0 selected=0 kills=0/0 events=00 stage=0
v1=0
v1=0
v1=0
v1=0
v1=0
v1=ff
MISSILE_FRAME 12471 state=11 room=e021 x=20 y=139 pose=000a health=19 items=0000 missiles=0/0 selected=0 kills=0/0 events=00 stage=0
v1=0
v1=0
MISSILE_FRAME 12601 state=8 room=e021 x=292 y=187 pose=000a health=19 items=0000 missiles=0/0 selected=0 kills=0/0 events=00 stage=0
v1=0
v1=0
v1=0
MISSILE_FRAME 12704 state=11 room=dfd7 x=19 y=139 pose=000a health=19 items=0000 missiles=0/0 selected=0 kills=0/0 events=00 stage=0
v1=0
v1=fe
v1=ff
v1=ff
v1=fd
v1=fe
v1=fe
v1=fe
v1=fe
v1=fe
v1=fe
v1=fe
v1=fe
v1=fe
v1=fe
v1=fe
v1=fe
v1=fe
v1=fd
v1=fe
v1=fe
v1=fe
v1=fe
v1=fe
v1=fe
v1=fe
v1=ff
v1=ff
v1=f8
v1=0
v1=0
MISSILE_FRAME 13125 state=11 room=df8d x=20 y=139 pose=000a health=19 items=0000 missiles=0/0 selected=0 kills=0/0 events=00 stage=0
MISSILE_FRAME 13201 state=11 room=df8d x=487 y=139 pose=000a health=19 items=0000 missiles=0/0 selected=0 kills=0/0 events=00 stage=0
v1=0
v1=fe
v1=fe
v1=fe
v1=fe
v1=fe
v1=0
MISSILE_FRAME 13503 state=11 room=df45 x=20 y=139 pose=000a health=19 items=0000 missiles=0/0 selected=0 kills=0/0 events=00 stage=0
v1=fe
v1=fe
v1=fd
v1=fe
v1=fe
v1=fe
v1=fd
v1=fe
v1=fe
v1=fe
v1=fe
v1=fe
v1=fe
v1=fe
v1=fe
v1=fe
v1=fe
v1=fe
v1=fd
MISSILE_FRAME 13801 state=8 room=df45 x=103 y=417 pose=004d health=19 items=0000 missiles=0/0 selected=0 kills=0/0 events=00 stage=0
v1=f8
v1=fe
v1=fe
v1=fe
v1=fe
v1=fe
v1=fe
v1=fe
v1=fe
v1=fe
v1=fd
v1=f8
v1=fe
v1=fe
v1=fe
v1=fe
v1=fe
v1=fe
v1=fe
v1=fe
v1=fe
v1=fe
v1=fe
v1=fe
v1=fe
v1=fe
v1=fd
v1=fe
v1=fe
v1=fe
v1=fe
v1=fe
v1=f8
v1=fe
v1=fe
v1=fe
v1=fe
v1=fd
v1=f8
v1=fe
v1=fe
v1=fe
v1=fe
v1=fe
v1=fe
v1=fe
v1=fe
v1=fe
v1=fd
v1=fe
v1=fe
v1=fe
v1=fd
v1=f8
v1=fe
v1=fe
v1=fe
v1=fe
v1=fe
v1=fe
v1=fe
v1=fe
v1=fe
MISSILE_FRAME 14401 state=34 room=df45 x=144 y=75 pose=0002 health=19 items=0000 missiles=0/0 selected=0 kills=0/0 events=00 stage=0
MISSILE_FRAME 15001 state=34 room=df45 x=144 y=75 pose=0002 health=19 items=0000 missiles=0/0 selected=0 kills=0/0 events=00 stage=0
MISSILE_FRAME 15601 state=34 room=df45 x=144 y=75 pose=0002 health=19 items=0000 missiles=0/0 selected=0 kills=0/0 events=00 stage=0
MISSILE_FRAME 16098 state=6 room=91f8 x=1152 y=128 pose=0000 health=99 items=0000 missiles=0/0 selected=0 kills=0/0 events=00 stage=0
MISSILE_FRAME 16201 state=7 room=91f8 x=1152 y=249 pose=0000 health=99 items=0000 missiles=0/0 selected=0 kills=0/0 events=00 stage=0
MISSILE_FRAME 16801 state=8 room=91f8 x=1153 y=1088 pose=0000 health=99 items=0000 missiles=0/0 selected=0 kills=0/0 events=00 stage=0
v1=ff
v1=f8
v1=0
v1=fe
v1=fe
v1=0
v1=0
v1=0
v1=0
v1=0
v1=0
v1=0
v1=0
v1=0
v1=0
MISSILE_FRAME 17130 state=11 room=92fd x=17 y=1163 pose=000c health=99 items=0000 missiles=0/0 selected=0 kills=0/0 events=00 stage=0
v1=fe
v1=fe
v1=ff
v1=fd
v1=fe
v1=fe
v1=fe
v1=fe
v1=fe
v1=fe
v1=fe
v1=fe
v1=fe
v1=fe
v1=fe
v1=fe
v1=fe
v1=fe
v1=fe
v1=fe
MISSILE_FRAME 17401 state=8 room=92fd x=953 y=91 pose=000a health=99 items=0000 missiles=0/0 selected=0 kills=0/0 events=00 stage=0
v1=0
v1=fe
v1=fe
v1=fe
v1=fe
v1=fe
v1=0
v1=0
v1=fe
v1=fe
v1=fe
v1=fe
v1=fe
v1=fe
v1=fe
v1=f8
v1=fe
v1=fe
v1=fe
v1=fe
v1=f8
v1=fe
v1=fe
v1=fe
v1=f8
v1=ff
v1=fe
v1=fe
v1=fe
v1=fe
v1=fe
v1=f8
v1=fe
v1=fe
v1=fe
v1=fe
v1=fe
MISSILE_FRAME 18001 state=8 room=92fd x=372 y=869 pose=002a health=99 items=0000 missiles=0/0 selected=0 kills=0/0 events=00 stage=0
v1=fe
v1=fe
v1=fe
v1=fe
v1=fe
v1=fe
v1=fe
v1=fe
v1=fe
v1=fe
v1=fe
v1=f8
v1=f0
v1=f8
v1=fe
MISSILE_FRAME 18258 state=11 room=96ba x=375 y=1257 pose=002d health=99 items=0000 missiles=0/0 selected=0 kills=0/0 events=00 stage=0
v1=f8
v1=fd
v1=fe
v1=fe
v1=fe
v1=fe
v1=fe
v1=fe
v1=fe
v1=fe
v1=fe
v1=fe
v1=f8
v1=fe
v1=fe
v1=fe
v1=f8
v1=fe
v1=fe
v1=fe
v1=fe
v1=fe
v1=f8
v1=fe
v1=fe
v1=fe
v1=fe
MISSILE_FRAME 18601 state=8 room=96ba x=396 y=488 pose=0067 health=99 items=0000 missiles=0/0 selected=0 kills=0/0 events=00 stage=0
v1=fe
v1=fe
v1=f8
v1=fe
v1=fe
v1=fe
v1=fe
v1=fe
v1=f8
v1=fe
v1=fe
v1=f8
v1=fe
v1=fe
v1=fe
v1=fe
v1=fe
v1=f8
v1=fe
v1=fe
v1=f8
v1=fe
v1=fe
v1=fe
v1=fe
v1=fe
v1=f8
v1=fe
v1=fe
v1=f8
v1=fe
v1=fe
v1=fe
v1=fe
v1=fe
v1=f8
v1=fe
v1=fe
v1=f8
v1=fe
v1=fe
v1=fe
v1=fe
v1=fe
MISSILE_FRAME 19201 state=8 room=96ba x=372 y=1737 pose=0068 health=99 items=0000 missiles=0/0 selected=0 kills=0/0 events=00 stage=0
v1=f8
v1=fe
v1=fe
v1=f8
v1=fe
v1=fe
v1=fe
v1=fe
v1=fe
v1=f8
v1=fe
v1=fe
v1=fe
v1=fe
v1=fe
v1=fe
v1=fe
v1=fe
MISSILE_FRAME 19491 state=11 room=975c x=493 y=2187 pose=000b health=99 items=0000 missiles=0/0 selected=0 kills=0/0 events=00 stage=0
v1=fe
v1=fe
v1=fe
v1=fe
v1=fd
v1=fe
v1=fe
v1=fe
v1=fe
v1=fe
v1=fe
v1=fe
v1=fe
v1=fe
v1=fe
v1=fe
v1=fe
v1=fe
v1=fe
v1=fe
v1=fe
v1=fe
v1=fe
v1=fe
v1=fe
v1=fe
v1=0
v1=ff
v1=fd
v1=fe
v1=fe
MISSILE_FRAME 19801 state=8 room=975c x=299 y=148 pose=0051 health=99 items=0000 missiles=0/0 selected=0 kills=0/0 events=00 stage=0
v1=fe
v1=fe
v1=fe
v1=fe
v1=fe
v1=fe
v1=fe
v1=fe
v1=fe
v1=fe
v1=fe
v1=fe
v1=fe
v1=fe
v1=fe
v1=fe
v1=fe
v1=fe
v1=fe
v1=fd
v1=fe
v1=fe
v1=fe
v1=fe
v1=fe
v1=fe
v1=fe
v1=fd
v1=fe
v1=fe
v1=fe
v1=fe
v1=fe
v1=fe
v1=fe
v1=fe
v1=fe
v1=fe
v1=fe
v1=fe
v1=fe
v1=fe
v1=fe
v1=fe
v1=fe
v1=fe
v1=fe
v1=fe
v1=fe
v1=fd
v1=fe
v1=fe
v1=fe
v1=fe
v1=fe
v1=fe
v1=fe
v1=fd
v1=fe
v1=fe
v1=fe
v1=fe
v1=fe
v1=fe
v1=fe
v1=fe
v1=fe
v1=fe
v1=fe
v1=fe
v1=fe
v1=fe
v1=fe
v1=fe
v1=fe
v1=fe
v1=fe
v1=fe
v1=fe
v1=fd
v1=fe
v1=fe
v1=fe
v1=fe
v1=fe
v1=fe
v1=fe
v1=fd
v1=fe
v1=fe
v1=fe
v1=fe
v1=fe
v1=fe
v1=fe
v1=fe
v1=fe
v1=fe
v1=fe
v1=fe
v1=fe
v1=fe
v1=fe
v1=fe
v1=fe
v1=fe
v1=fe
v1=fe
v1=fe
v1=fd
v1=fe
v1=fe
v1=fe
v1=fe
v1=fe
v1=fe
v1=fe
v1=fe
v1=fe
v1=fe
v1=fe
v1=fe
v1=fe
v1=fe
v1=fe
v1=fe
v1=fe
v1=fe
v1=fe
MISSILE_FRAME 20305 state=11 room=97b5 x=748 y=139 pose=000b health=99 items=0000 missiles=0/0 selected=0 kills=0/0 events=00 stage=0
MISSILE_FRAME 20401 state=8 room=97b5 x=58 y=139 pose=000b health=99 items=0000 missiles=0/0 selected=0 kills=0/0 events=00 stage=0
v1=ff
v1=fd
v1=fd
v1=ff
v1=ff
v1=ff
v1=ff
v1=ff
v1=ff
v1=ff
MISSILE_FRAME 20577 state=11 room=9e9f x=128 y=292 pose=0000 health=99 items=0000 missiles=0/0 selected=0 kills=0/0 events=00 stage=0
v1=ff
v1=ff
v1=ff
v1=ff
v1=ff
v1=ff
v1=ff
v1=ff
v1=ff
v1=ff
v1=ff
v1=ff
v1=ff
v1=ff
v1=ff
v1=ff
v1=ff
v1=ff
v1=ff
v1=ff
v1=ff
v1=ff
v1=ff
v1=ff
v1=ff
v1=ff
v1=ff
v1=ff
v1=ff
v1=ff
v1=ff
v1=ff
v1=ff
v1=ff
v1=ff
v1=ff
v1=ff
v1=ff
v1=ff
v1=ff
v1=ff
v1=ff
v1=ff
MISSILE_FRAME 21001 state=8 room=9e9f x=1408 y=515 pose=0000 health=99 items=0000 missiles=0/0 selected=0 kills=0/0 events=00 stage=0
v1=ff
v1=ff
v1=ff
v1=ff
v1=ff
v1=ff
v1=ff
v1=ff
v1=ff
v1=ff
v1=ff
v1=ff
v1=ff
v1=ff
v1=fe
v1=fe
v1=fe
v1=fe
v1=fe
v1=fe
v1=fd
v1=fe
v1=fe
v1=fe
v1=fe
v1=fe
v1=fe
v1=fe
v1=fe
v1=0
v1=fe
v1=fe
v1=fe
v1=fe
v1=fe
v1=fd
v1=fe
v1=fe
v1=fe
v1=fe
v1=fe
v1=fe
v1=fe
v1=fe
v1=fe
v1=fe
v1=fe
v1=fe
v1=fe
v1=fe
v1=fe
v1=fe
v1=fe
v1=fe
v1=fe
MISSILE_FRAME 21601 state=8 room=9e9f x=1103 y=639 pose=0052 health=99 items=0004 missiles=0/0 selected=0 kills=0/0 events=00 stage=0
v1=fe
v1=fe
v1=f8
v1=fd
v1=f9
v1=ff
v1=ff
v1=fd
v1=f6
v1=f9
v1=ff
v1=fd
v1=ff
v1=ff
v1=fd
v1=fe
v1=fe
v1=fe
v1=fe
v1=fe
v1=fe
v1=0
MISSILE_FRAME 22201 state=8 room=9e9f x=1493 y=690 pose=0067 health=99 items=0004 missiles=0/0 selected=0 kills=0/0 events=00 stage=2
v1=0
v1=0
v1=fe
v1=fe
v1=fe
MISSILE_FRAME 22389 state=11 room=9f11 x=2031 y=651 pose=000b health=99 items=0004 missiles=0/0 selected=0 kills=0/0 events=00 stage=2
v1=fe
v1=f0
v1=fe
v1=f8
v1=fd
v1=fe
v1=fe
v1=fe
v1=fe
v1=fe
v1=fe
v1=fe
v1=f8
v1=fd
v1=f9
v1=ff
v1=fd
MISSILE_FRAME 22801 state=8 room=9f11 x=39 y=395 pose=000c health=99 items=0004 missiles=0/0 selected=0 kills=0/0 events=00 stage=2
MISSILE_FRAME 22838 state=11 room=a107 x=17 y=395 pose=000c health=99 items=0004 missiles=0/0 selected=0 kills=0/0 events=00 stage=2
v1=fe
v1=fe
MISSILE_FRAME 23401 state=8 room=a107 x=85 y=139 pose=008a health=99 items=0004 missiles=5/5 selected=0 kills=0/0 events=00 stage=2
v1=ff
v1=f8
MISSILE_ROUTE_OK: morph=1 fired=1
