Godot Engine v4.7.1.stable.official.a13da4feb - https://godotengine.org
OpenGL API 4.1 ATI-7.0.24 - Compatibility - Using Device: ATI Technologies Inc. - AMD Radeon Pro 5300M OpenGL Engine

v1=f6
v1=f6
v1=fe
v1=fe
v1=f8
v1=fe
v1=f8
v1=f6
v1=f6
v1=f6
v1=f6
v1=f6
v1=f6
v1=f6
v1=f6
v1=ff
v1=ff
v1=ff
v1=f6
v1=f6
v1=f6
v1=f6
v1=f6
v1=f6
v1=f6
v1=ff
v1=ff
v1=ff
v1=ff
v1=ff
v1=ff
v1=ff
v1=ff
v1=ff
v1=ff
v1=f6
v1=f6
v1=f6
v1=f6
v1=f6
v1=f6
v1=ff
v1=ff
v1=ff
v1=ff
v1=ff
v1=ff
v1=ff
v1=ff
v1=ff
v1=ff
v1=ff
v1=ff
NATIVE_RENDER_STATE mode=7 brightness=15 position=(128.0, 72.0) backgrounds=[{ "map": 20480, "tiles": 0, "scroll": (0.0, 0.0), "wide": true, "high": false, "big": false, "enabled": true }, { "map": 18432, "tiles": 0, "scroll": (0.0, 0.0), "wide": true, "high": false, "big": false, "enabled": true }, { "map": 22528, "tiles": 16384, "scroll": (0.0, 0.0), "wide": false, "high": true, "big": false, "enabled": false }, { "map": 0, "tiles": 0, "scroll": (0.0, 0.0), "wide": false, "high": false, "big": false, "enabled": false }]
NATIVE_CORE_CAPTURE_OK: Ceres reached through original C menu/intro; Godot draws tile/sprite packets
