[  0%] Generating bindings
[  1%] Building C object CMakeFiles/sm_gameplay.dir/core/host.c.o
Built-in type config: float_64
[  1%] Built target generate_bindings
[  2%] Linking C static library libsm_gameplay.a
[ 40%] Built target sm_gameplay
[ 41%] Building C object CMakeFiles/sm_raster_oracle.dir/Users/storo/supermetroid/tools/native_probe/raster_oracle.c.o
[ 42%] Linking C executable sm_raster_oracle
[ 43%] Building CXX object godot-cpp/CMakeFiles/godot-cpp.dir/src/classes/editor_plugin_registration.cpp.o
[ 45%] Building CXX object godot-cpp/CMakeFiles/godot-cpp.dir/src/classes/wrapped.cpp.o
[ 45%] Building CXX object godot-cpp/CMakeFiles/godot-cpp.dir/src/classes/low_level.cpp.o
[ 45%] Built target sm_raster_oracle
[ 46%] Building CXX object godot-cpp/CMakeFiles/godot-cpp.dir/src/core/class_db.cpp.o
[ 47%] Building CXX object godot-cpp/CMakeFiles/godot-cpp.dir/src/core/error_macros.cpp.o
[ 48%] Building CXX object godot-cpp/CMakeFiles/godot-cpp.dir/src/core/method_bind.cpp.o
[ 49%] Building CXX object godot-cpp/CMakeFiles/godot-cpp.dir/src/core/object.cpp.o
[ 50%] Building CXX object godot-cpp/CMakeFiles/godot-cpp.dir/src/core/print_string.cpp.o
[ 51%] Building CXX object godot-cpp/CMakeFiles/godot-cpp.dir/src/godot.cpp.o
[ 52%] Building CXX object godot-cpp/CMakeFiles/godot-cpp.dir/src/variant/aabb.cpp.o
[ 53%] Building CXX object godot-cpp/CMakeFiles/godot-cpp.dir/src/variant/basis.cpp.o
[ 53%] Building CXX object godot-cpp/CMakeFiles/godot-cpp.dir/src/variant/callable_custom.cpp.o
[ 54%] Building CXX object godot-cpp/CMakeFiles/godot-cpp.dir/src/variant/callable_method_pointer.cpp.o
[ 55%] Building CXX object godot-cpp/CMakeFiles/godot-cpp.dir/src/variant/char_string.cpp.o
[ 56%] Building CXX object godot-cpp/CMakeFiles/godot-cpp.dir/src/variant/color.cpp.o
[ 57%] Building CXX object godot-cpp/CMakeFiles/godot-cpp.dir/src/variant/packed_arrays.cpp.o
[ 58%] Building CXX object godot-cpp/CMakeFiles/godot-cpp.dir/src/variant/plane.cpp.o
[ 59%] Building CXX object godot-cpp/CMakeFiles/godot-cpp.dir/src/variant/projection.cpp.o
[ 59%] Building CXX object godot-cpp/CMakeFiles/godot-cpp.dir/src/variant/quaternion.cpp.o
[ 60%] Building CXX object godot-cpp/CMakeFiles/godot-cpp.dir/src/variant/rect2.cpp.o
[ 61%] Building CXX object godot-cpp/CMakeFiles/godot-cpp.dir/src/variant/rect2i.cpp.o
[ 62%] Building CXX object godot-cpp/CMakeFiles/godot-cpp.dir/src/variant/transform2d.cpp.o
[ 64%] Building CXX object godot-cpp/CMakeFiles/godot-cpp.dir/src/variant/variant.cpp.o
[ 64%] Building CXX object godot-cpp/CMakeFiles/godot-cpp.dir/src/variant/transform3d.cpp.o
[ 65%] Building CXX object godot-cpp/CMakeFiles/godot-cpp.dir/src/variant/variant_internal.cpp.o
[ 66%] Building CXX object godot-cpp/CMakeFiles/godot-cpp.dir/src/variant/vector2.cpp.o
[ 66%] Building CXX object godot-cpp/CMakeFiles/godot-cpp.dir/src/variant/vector2i.cpp.o
[ 67%] Building CXX object godot-cpp/CMakeFiles/godot-cpp.dir/src/variant/vector3.cpp.o
[ 68%] Building CXX object godot-cpp/CMakeFiles/godot-cpp.dir/src/variant/vector3i.cpp.o
[ 69%] Building CXX object godot-cpp/CMakeFiles/godot-cpp.dir/src/variant/vector4.cpp.o
[ 70%] Building CXX object godot-cpp/CMakeFiles/godot-cpp.dir/src/variant/vector4i.cpp.o
[ 71%] Building CXX object godot-cpp/CMakeFiles/godot-cpp.dir/gen/src/variant/string.cpp.o
[ 72%] Building CXX object godot-cpp/CMakeFiles/godot-cpp.dir/gen/src/variant/string_name.cpp.o
[ 72%] Building CXX object godot-cpp/CMakeFiles/godot-cpp.dir/gen/src/variant/node_path.cpp.o
[ 73%] Building CXX object godot-cpp/CMakeFiles/godot-cpp.dir/gen/src/variant/rid.cpp.o
[ 74%] Building CXX object godot-cpp/CMakeFiles/godot-cpp.dir/gen/src/variant/callable.cpp.o
[ 75%] Building CXX object godot-cpp/CMakeFiles/godot-cpp.dir/gen/src/variant/signal.cpp.o
[ 76%] Building CXX object godot-cpp/CMakeFiles/godot-cpp.dir/gen/src/variant/dictionary.cpp.o
[ 77%] Building CXX object godot-cpp/CMakeFiles/godot-cpp.dir/gen/src/variant/array.cpp.o
[ 78%] Building CXX object godot-cpp/CMakeFiles/godot-cpp.dir/gen/src/variant/packed_byte_array.cpp.o
[ 78%] Building CXX object godot-cpp/CMakeFiles/godot-cpp.dir/gen/src/variant/packed_int32_array.cpp.o
[ 79%] Building CXX object godot-cpp/CMakeFiles/godot-cpp.dir/gen/src/variant/packed_int64_array.cpp.o
[ 80%] Building CXX object godot-cpp/CMakeFiles/godot-cpp.dir/gen/src/variant/packed_float32_array.cpp.o
[ 81%] Building CXX object godot-cpp/CMakeFiles/godot-cpp.dir/gen/src/variant/packed_float64_array.cpp.o
[ 82%] Building CXX object godot-cpp/CMakeFiles/godot-cpp.dir/gen/src/variant/packed_string_array.cpp.o
[ 83%] Building CXX object godot-cpp/CMakeFiles/godot-cpp.dir/gen/src/variant/packed_vector2_array.cpp.o
[ 84%] Building CXX object godot-cpp/CMakeFiles/godot-cpp.dir/gen/src/variant/packed_vector3_array.cpp.o
[ 84%] Building CXX object godot-cpp/CMakeFiles/godot-cpp.dir/gen/src/variant/packed_color_array.cpp.o
[ 85%] Building CXX object godot-cpp/CMakeFiles/godot-cpp.dir/gen/src/variant/packed_vector4_array.cpp.o
[ 86%] Building CXX object godot-cpp/CMakeFiles/godot-cpp.dir/gen/src/classes/class_db_singleton.cpp.o
[ 87%] Building CXX object godot-cpp/CMakeFiles/godot-cpp.dir/gen/src/classes/engine.cpp.o
[ 88%] Building CXX object godot-cpp/CMakeFiles/godot-cpp.dir/gen/src/classes/file_access.cpp.o
[ 89%] Building CXX object godot-cpp/CMakeFiles/godot-cpp.dir/gen/src/classes/image.cpp.o
[ 90%] Building CXX object godot-cpp/CMakeFiles/godot-cpp.dir/gen/src/classes/os.cpp.o
[ 91%] Building CXX object godot-cpp/CMakeFiles/godot-cpp.dir/gen/src/classes/object.cpp.o
[ 91%] Building CXX object godot-cpp/CMakeFiles/godot-cpp.dir/gen/src/classes/project_settings.cpp.o
[ 92%] Building CXX object godot-cpp/CMakeFiles/godot-cpp.dir/gen/src/classes/ref_counted.cpp.o
[ 93%] Building CXX object godot-cpp/CMakeFiles/godot-cpp.dir/gen/src/classes/resource.cpp.o
[ 94%] Building CXX object godot-cpp/CMakeFiles/godot-cpp.dir/gen/src/classes/semaphore.cpp.o
[ 95%] Building CXX object godot-cpp/CMakeFiles/godot-cpp.dir/gen/src/classes/worker_thread_pool.cpp.o
[ 96%] Building CXX object godot-cpp/CMakeFiles/godot-cpp.dir/gen/src/classes/xml_parser.cpp.o
[ 97%] Building CXX object godot-cpp/CMakeFiles/godot-cpp.dir/gen/src/variant/utility_functions.cpp.o
[ 97%] Linking CXX static library ../bin/libgodot-cpp.macos.template_release.x86_64.a
[ 98%] Built target godot-cpp
[ 99%] Building CXX object CMakeFiles/sm_native.dir/bridge.cpp.o
[100%] Linking CXX shared library /Users/storo/supermetroid/native/bin/libsm_native.dylib
[100%] Built target sm_native
