Godot Engine v4.7.1.stable.official.a13da4feb - https://godotengine.org
OpenGL API 4.1 ATI-7.0.24 - Compatibility - Using Device: ATI Technologies Inc. - AMD Radeon Pro 5300M OpenGL Engine

v1=fe
v1=fe
v1=f8
v1=fd
v1=fe
v1=fe
v1=fe
v1=fe
v1=fe
v1=fe
v1=fe
v1=fe
v1=fd
v1=fe
v1=fe
v1=fe
v1=fe
v1=fe
v1=fe
v1=fe
v1=fe
v1=fe
v1=fe
v1=fe
v1=fe
v1=fe
v1=fe
v1=fe
v1=fe
v1=fd
v1=f9
v1=fd
v1=fe
v1=fe
v1=fd
v1=f8
v1=fe
v1=fe
v1=fe
v1=fe
v1=fe
v1=fe
v1=fe
v1=fe
v1=fd
v1=f8
v1=fe
v1=fe
v1=fe
v1=fe
v1=fe
v1=fe
v1=fe
v1=fe
v1=fe
v1=fe
v1=fe
v1=fe
v1=fd
v1=f8
v1=fd
v1=fe
v1=fe
v1=fe
v1=fe
v1=fe
v1=fe
v1=fe
v1=fe
v1=fe
v1=fe
v1=fe
v1=fe
v1=fe
v1=fe
v1=fe
v1=fd
v1=fe
v1=fe
v1=fe
v1=fe
v1=fe
v1=fe
v1=fe
v1=fe
v1=fe
v1=fe
v1=fe
v1=fe
v1=fe
v1=fe
v1=fe
v1=fe
v1=fe
v1=fd
v1=f8
v1=fe
v1=fe
v1=fe
v1=fe
v1=fe
v1=fe
v1=fe
v1=fe
v1=fe
v1=fe
v1=fe
v1=fe
v1=fe
v1=fe
v1=fe
v1=fe
v1=fe
v1=fe
v1=fe
v1=fe
v1=ff
v1=fd
v1=f9
v1=ff
v1=ff
v1=ff
v1=ff
v1=ff
v1=fd
v1=ff
v1=ff
v1=ff
v1=fe
v1=0
v1=fe
v1=fe
v1=fe
v1=fe
v1=0
v1=0
v1=fe
v1=fe
v1=fe
v1=fe
v1=0
v1=0
v1=0
v1=0
v1=ff
v1=fd
v1=f9
v1=ff
v1=fd
v1=f8
v1=f0
v1=f8
v1=f6
v1=fd
v1=f9
v1=ff
v1=fd
v1=f0
v1=f8
v1=f8
v1=f6
v1=fd
v1=f9
v1=ff
v1=fd
v1=f0
v1=f8
v1=f0
v1=f8
v1=f6
v1=fd
v1=f9
v1=ff
v1=fd
v1=f8
v1=f0
v1=f8
v1=fd
v1=f9
v1=ff
v1=fd
v1=f8
v1=f0
v1=ff
v1=f8
v1=f6
v1=f6
v1=fd
v1=f9
v1=ff
v1=ff
v1=fd
v1=f8
v1=ff
v1=ff
v1=fe
v1=fe
v1=0
v1=fe
v1=fe
v1=fe
v1=fe
v1=0
v1=0
v1=ff
v1=fd
v1=fe
v1=ff
v1=ff
v1=fd
v1=fe
v1=fe
v1=fe
v1=fe
v1=fe
v1=fe
v1=fe
v1=fe
v1=fe
v1=fe
v1=fe
v1=fe
v1=fe
v1=fe
v1=fe
v1=fe
v1=fe
v1=fe
v1=fe
v1=fe
v1=fe
v1=fe
v1=fe
v1=fe
v1=fd
v1=fe
v1=fe
v1=fe
v1=fe
v1=fe
v1=fe
v1=fe
v1=fe
v1=fe
v1=0
v1=0
v1=fe
v1=fe
v1=fe
v1=fe
v1=fe
v1=0
v1=ff
v1=f8
v1=f8
v1=ff
v1=ff
v1=ff
v1=ff
v1=ff
v1=ff
v1=ff
v1=ff
v1=ff
v1=ff
v1=ff
v1=ff
v1=ff
v1=ff
v1=ff
v1=ff
v1=ff
v1=ff
v1=ff
v1=ff
v1=ff
v1=ff
v1=ff
v1=ff
v1=ff
v1=ff
v1=ff
v1=ff
v1=ff
v1=ff
v1=ff
v1=ff
v1=ff
v1=ff
v1=ff
v1=ff
v1=ff
v1=ff
v1=ff
v1=ff
v1=ff
v1=ff
v1=ff
v1=ff
v1=ff
v1=ff
v1=ff
v1=ff
v1=ff
v1=ff
v1=ff
v1=ff
v1=ff
v1=ff
v1=ff
v1=ff
v1=ff
v1=ff
v1=ff
v1=ff
v1=ff
v1=ff
v1=ff
v1=ff
v1=f8
v1=fd
v1=f9
v1=ff
v1=ff
v1=ff
v1=ff
v1=ff
v1=ff
v1=ff
v1=ff
v1=ff
v1=ff
v1=ff
v1=ff
v1=ff
v1=ff
v1=ff
v1=ff
v1=ff
v1=ff
v1=ff
v1=ff
v1=ff
v1=ff
v1=ff
v1=ff
v1=fd
v1=f8
v1=ff
v1=ff
v1=ff
v1=ff
v1=ff
v1=ff
v1=ff
v1=ff
v1=fe
v1=0
v1=0
v1=0
v1=fe
v1=fe
v1=fe
v1=fe
v1=fe
v1=fe
v1=fe
v1=0
v1=fd
v1=f9
v1=ff
v1=ff
v1=ff
v1=ff
v1=ff
v1=ff
v1=ff
v1=ff
v1=ff
v1=ff
v1=ff
v1=ff
v1=ff
v1=ff
v1=ff
v1=ff
v1=fd
v1=0
v1=fe
v1=fe
v1=fe
v1=fe
v1=fe
v1=0
v1=0
v1=fd
v1=f9
v1=ff
v1=ff
v1=ff
v1=ff
v1=ff
v1=ff
v1=ff
v1=ff
v1=ff
v1=ff
v1=ff
v1=ff
v1=ff
v1=ff
v1=ff
v1=ff
v1=ff
v1=ff
v1=ff
v1=ff
v1=ff
v1=ff
v1=ff
v1=ff
v1=ff
v1=ff
v1=ff
v1=ff
v1=ff
v1=ff
v1=ff
v1=ff
v1=ff
v1=ff
v1=ff
v1=ff
v1=ff
v1=ff
v1=ff
v1=ff
v1=ff
v1=ff
v1=ff
v1=ff
v1=ff
v1=ff
v1=ff
v1=fd
v1=f6
v1=fe
v1=fe
v1=fe
v1=fe
PINK_ASCENT_CAPTURE alcove_control frame=10072
v1=fe
v1=fd
v1=fe
v1=fe
v1=fe
v1=fe
v1=fe
v1=fe
PINK_ASCENT_CAPTURE normal_jump frame=10162
v1=fe
v1=fe
v1=fe
v1=fe
v1=fe
v1=fe
v1=fe
v1=fe
v1=fe
v1=fe
PINK_ASCENT_CAPTURE wall_first frame=10202
v1=ff
PINK_ASCENT_CAPTURE wall_third frame=10254
v1=ff
PINK_ASCENT_CAPTURE top_platform frame=10307
v1=fd
v1=f9
PINK_ASCENT_CAPTURE tunnel_morph frame=10358
v1=ff
v1=fd
PINK_ASCENT_CAPTURE exit_standing frame=10378
v1=f8
v1=f6
v1=fe
PINK_ASCENT_CAPTURE control frame=10503
PINK_ASCENT_GODOT_OK: 10503 ticks, 29 fields identical; three wall jumps, Morph passage and stable standing control; health, ammo and original events retained
