Godot Engine v4.7.1.stable.official.a13da4feb - https://godotengine.org
OpenGL API 4.1 ATI-7.0.24 - Compatibility - Using Device: ATI Technologies Inc. - AMD Radeon Pro 5300M OpenGL Engine

v1=fe
v1=fe
v1=f8
v1=fd
v1=fe
v1=fe
v1=fe
v1=fe
v1=fe
v1=fe
v1=fe
v1=fe
v1=fd
v1=fe
v1=fe
v1=fe
v1=fe
v1=fe
v1=fe
v1=fe
v1=fe
v1=fe
v1=fe
v1=fe
v1=fe
v1=fe
v1=fe
v1=fe
v1=fe
v1=fd
v1=f9
v1=fd
v1=fe
v1=fe
v1=fd
v1=f8
v1=fe
v1=fe
v1=fe
v1=fe
v1=fe
v1=fe
v1=fe
v1=fe
v1=fd
v1=f8
v1=fe
v1=fe
v1=fe
v1=fe
v1=fe
v1=fe
v1=fe
v1=fe
v1=fe
v1=fe
v1=fe
v1=fe
v1=fd
v1=f8
v1=fd
v1=fe
v1=fe
v1=fe
v1=fe
v1=fe
v1=fe
v1=fe
v1=fe
v1=fe
v1=fe
v1=fe
v1=fe
v1=fe
v1=fe
v1=fe
v1=fd
v1=fe
v1=fe
v1=fe
v1=fe
v1=fe
v1=fe
v1=fe
v1=fe
v1=fe
v1=fe
v1=fe
v1=fe
v1=fe
v1=fe
v1=fe
v1=fe
v1=fe
v1=fd
v1=f8
v1=fe
v1=fe
v1=fe
v1=fe
v1=fe
v1=fe
v1=fe
v1=fe
v1=fe
v1=fe
v1=fe
v1=fe
v1=fe
v1=fe
v1=fe
v1=fe
v1=fe
v1=fe
v1=fe
v1=fe
v1=ff
v1=fd
v1=f9
v1=ff
v1=ff
v1=ff
v1=ff
v1=ff
v1=fd
v1=ff
v1=ff
v1=ff
v1=fe
v1=0
v1=fe
v1=fe
v1=fe
v1=fe
v1=0
v1=0
v1=fe
v1=fe
v1=fe
v1=fe
v1=0
v1=0
v1=0
v1=0
v1=ff
v1=fd
v1=f9
v1=ff
v1=fd
v1=f8
v1=f0
v1=f8
v1=f6
v1=fd
v1=f9
v1=ff
v1=fd
v1=f0
v1=f8
v1=f8
v1=f6
v1=fd
v1=f9
v1=ff
v1=fd
v1=f0
v1=f8
v1=f0
v1=f8
v1=f6
v1=fd
v1=f9
v1=ff
v1=fd
v1=f8
v1=f0
v1=f8
v1=fd
v1=f9
v1=ff
v1=fd
v1=f8
v1=f0
v1=ff
v1=f8
v1=f6
v1=f6
v1=fd
v1=f9
v1=ff
v1=ff
v1=fd
v1=f8
v1=ff
v1=ff
v1=fe
v1=fe
v1=0
v1=fe
v1=fe
v1=fe
v1=fe
v1=0
v1=0
v1=ff
v1=fd
v1=fe
v1=ff
v1=ff
v1=fd
v1=fe
v1=fe
v1=fe
v1=fe
v1=fe
v1=fe
v1=fe
v1=fe
v1=fe
v1=fe
v1=fe
v1=fe
v1=fe
v1=fe
v1=fe
v1=fe
v1=fe
v1=fe
v1=fe
v1=fe
v1=fe
v1=fe
v1=fe
v1=fe
v1=fd
v1=fe
v1=fe
v1=fe
v1=fe
v1=fe
v1=fe
v1=fe
v1=fe
v1=fe
v1=0
v1=0
v1=fe
v1=fe
v1=fe
v1=fe
v1=fe
v1=0
v1=ff
v1=f8
v1=f8
v1=ff
v1=ff
v1=ff
v1=ff
v1=ff
v1=ff
v1=ff
v1=ff
v1=ff
v1=ff
v1=ff
v1=ff
v1=ff
v1=ff
v1=ff
v1=ff
v1=ff
v1=ff
v1=ff
v1=ff
v1=ff
v1=ff
v1=ff
v1=ff
v1=ff
v1=ff
v1=ff
v1=ff
v1=ff
v1=ff
v1=ff
v1=ff
v1=ff
v1=ff
v1=ff
v1=ff
v1=ff
v1=ff
v1=ff
v1=ff
v1=ff
v1=ff
v1=ff
v1=ff
v1=ff
v1=ff
v1=ff
v1=ff
v1=ff
v1=ff
v1=ff
v1=ff
v1=ff
v1=ff
v1=ff
v1=ff
v1=ff
v1=ff
v1=ff
v1=ff
v1=ff
v1=ff
v1=ff
v1=ff
v1=f8
v1=fd
v1=f9
v1=ff
v1=ff
v1=ff
v1=ff
v1=ff
v1=ff
v1=ff
v1=ff
v1=ff
v1=ff
v1=ff
v1=ff
v1=ff
v1=ff
v1=ff
v1=ff
v1=ff
v1=ff
v1=ff
v1=ff
v1=ff
v1=ff
v1=ff
v1=ff
v1=fd
v1=f8
v1=ff
v1=ff
v1=ff
v1=ff
v1=ff
v1=ff
v1=ff
v1=ff
v1=fe
PINK_ART_CAPTURE dachora frame=6790
v1=0
v1=0
v1=0
v1=fe
v1=fe
v1=fe
v1=fe
v1=fe
v1=fe
v1=fe
v1=0
v1=fd
v1=f9
v1=ff
v1=ff
v1=ff
v1=ff
v1=ff
v1=ff
v1=ff
v1=ff
v1=ff
v1=ff
v1=ff
v1=ff
v1=ff
v1=ff
v1=ff
v1=ff
v1=fd
v1=0
v1=fe
v1=fe
v1=fe
v1=fe
v1=fe
v1=0
v1=0
PINK_ART_CAPTURE arrival frame=7941
v1=ff
v1=ff
v1=ff
v1=ff
PINK_ART_CAPTURE wall_left frame=8021
v1=fe
v1=fe
v1=fe
v1=fe
v1=ff
v1=ff
PINK_ART_CAPTURE wall_right frame=8101
v1=f8
v1=fe
v1=fe
v1=fe
v1=fe
v1=fe
v1=f8
PINK_ART_CAPTURE wall_lower frame=8191
v1=f6
PINK_ART_CAPTURE control frame=8241
PINK_GODOT_OK: 8241 ticks, 25 fields identical; Big Pink reached; Spore Spawn pending
