v1=f6
v1=f6
v1=fe
v1=fe
v1=f8
v1=fe
v1=f8
v1=f6
v1=f6
v1=f6
v1=f6
v1=f6
v1=f6
v1=f6
v1=f6
v1=ff
v1=ff
v1=ff
v1=f6
v1=f6
v1=f6
v1=f6
v1=f6
v1=f6
v1=f6
v1=ff
v1=ff
v1=ff
v1=ff
v1=ff
v1=ff
v1=ff
v1=ff
v1=ff
v1=ff
v1=f6
v1=f6
v1=f6
v1=f6
v1=f6
v1=f6
v1=ff
v1=ff
v1=ff
v1=ff
v1=ff
v1=ff
v1=ff
v1=ff
v1=ff
v1=ff
v1=ff
v1=ff
v1=f8
v1=fe
v1=fe
v1=fe
v1=f8
v1=fe
v1=fe
v1=fe
v1=fe
v1=fe
v1=fe
v1=fe
v1=fe
v1=f8
v1=fe
v1=fe
v1=fe
v1=fe
RASTER_ROUTE_END: room=df8d state=8 x=39 y=139 pose=11
RASTER_ORACLE_OK: 6 native gameplay fixtures; offline PPU pixel oracle
