v1=f6
v1=f6
v1=fe
v1=fe
v1=f8
v1=fe
v1=f8
v1=f6
v1=f6
v1=f6
v1=f6
v1=f6
v1=f6
v1=f6
v1=f6
v1=ff
v1=ff
v1=ff
v1=f6
v1=f6
v1=f6
v1=f6
v1=f6
v1=f6
v1=f6
v1=ff
v1=ff
v1=ff
v1=ff
v1=ff
v1=ff
v1=ff
v1=ff
v1=ff
v1=ff
v1=f6
v1=f6
v1=f6
v1=f6
v1=f6
v1=f6
v1=ff
v1=ff
v1=ff
v1=f8
v1=fe
v1=fe
v1=fe
v1=fe
v1=f8
v1=fe
v1=fe
v1=fe
v1=fe
v1=fe
v1=fe
v1=fe
v1=fe
v1=f8
v1=fe
v1=fe
v1=fe
v1=fe
v1=fe
v1=fe
v1=fe
v1=fe
v1=fe
v1=0
v1=0
v1=fe
v1=fe
v1=fe
v1=0
v1=ff
v1=ff
v1=f8
v1=fe
v1=ff
v1=ff
v1=fe
v1=fe
v1=fe
v1=f8
v1=ff
v1=ff
v1=0
v1=0
v1=0
v1=0
v1=0
v1=ff
v1=0
v1=0
v1=0
v1=0
v1=0
v1=ff
v1=fe
v1=f8
v1=f8
v1=f8
v1=f8
v1=f8
v1=f8
v1=f8
v1=f8
v1=f8
v1=f8
v1=fe
v1=f8
v1=f8
v1=f8
v1=f6
v1=fe
v1=fe
v1=fe
v1=f8
v1=f6
v1=fe
v1=fe
v1=fe
v1=fe
v1=fe
v1=fe
v1=fe
v1=fe
v1=fe
v1=fe
v1=fd
v1=0
v1=0
v1=0
v1=0
v1=0
v1=ff
v1=0
v1=0
v1=0
v1=0
v1=0
v1=0
v1=fe
v1=ff
v1=ff
v1=fd
v1=fe
v1=fe
v1=fe
v1=fe
v1=fe
v1=fe
v1=fe
v1=fe
v1=fe
v1=fe
v1=fe
v1=fe
v1=fe
v1=fd
v1=fe
v1=fe
v1=fe
v1=fe
v1=fe
v1=fe
v1=fe
v1=ff
v1=ff
v1=f8
v1=0
v1=0
v1=0
v1=fe
v1=fe
v1=fe
v1=fe
v1=fe
v1=0
v1=fe
v1=fe
v1=fd
v1=fe
v1=fe
v1=fe
v1=fd
v1=fe
v1=fe
v1=fe
v1=fe
v1=fe
v1=fe
v1=fe
v1=fe
v1=fe
v1=fe
v1=fe
v1=fd
v1=f8
v1=fe
v1=fe
v1=fe
v1=fe
v1=fe
v1=fe
v1=fe
v1=fe
v1=fe
v1=fd
v1=f8
v1=fe
v1=fe
v1=fe
v1=fe
v1=fe
v1=fe
v1=fe
v1=fe
v1=fe
v1=fe
v1=fe
v1=fe
v1=fe
v1=fe
v1=fd
v1=fe
v1=fe
v1=fe
v1=fe
v1=fe
v1=f8
v1=fe
v1=fe
v1=fe
v1=fe
v1=fd
v1=f8
v1=fe
v1=fe
v1=fe
v1=fe
v1=fe
v1=fe
v1=fe
v1=fe
v1=fe
v1=fd
v1=fe
v1=fe
v1=fe
v1=fd
v1=f8
v1=fe
v1=fe
v1=fe
v1=fe
v1=fe
v1=fe
v1=fe
v1=fe
v1=fe
v1=ff
v1=f8
RASTER_ORACLE_OK: 4 replay fixtures from 16836 native input ticks
